Archive member included to satisfy reference by file (symbol)

d:/code/arm-none-eabi/bin/../lib/gcc/arm-none-eabi/11.2.1/thumb/v7-m/nofp\libg.a(lib_a-errno.o)
                              CMakeFiles/Cube_LED.elf.dir/Core/Src/syscalls.c.obj (__errno)
d:/code/arm-none-eabi/bin/../lib/gcc/arm-none-eabi/11.2.1/thumb/v7-m/nofp\libg.a(lib_a-exit.o)
                              d:/code/arm-none-eabi/bin/../lib/gcc/arm-none-eabi/11.2.1/thumb/v7-m/nofp/crt0.o (exit)
d:/code/arm-none-eabi/bin/../lib/gcc/arm-none-eabi/11.2.1/thumb/v7-m/nofp\libg.a(lib_a-impure.o)
                              d:/code/arm-none-eabi/bin/../lib/gcc/arm-none-eabi/11.2.1/thumb/v7-m/nofp\libg.a(lib_a-exit.o) (_global_impure_ptr)
d:/code/arm-none-eabi/bin/../lib/gcc/arm-none-eabi/11.2.1/thumb/v7-m/nofp\libg.a(lib_a-init.o)
                              d:/code/arm-none-eabi/bin/../lib/gcc/arm-none-eabi/11.2.1/thumb/v7-m/nofp/crt0.o (__libc_init_array)
d:/code/arm-none-eabi/bin/../lib/gcc/arm-none-eabi/11.2.1/thumb/v7-m/nofp\libg.a(lib_a-memset.o)
                              d:/code/arm-none-eabi/bin/../lib/gcc/arm-none-eabi/11.2.1/thumb/v7-m/nofp/crt0.o (memset)
d:/code/arm-none-eabi/bin/../lib/gcc/arm-none-eabi/11.2.1/thumb/v7-m/nofp\libg.a(lib_a-__call_atexit.o)
                              d:/code/arm-none-eabi/bin/../lib/gcc/arm-none-eabi/11.2.1/thumb/v7-m/nofp\libg.a(lib_a-exit.o) (__call_exitprocs)

Discarded input sections

 .text          0x00000000        0x0 d:/code/arm-none-eabi/bin/../lib/gcc/arm-none-eabi/11.2.1/thumb/v7-m/nofp/crti.o
 .data          0x00000000        0x0 d:/code/arm-none-eabi/bin/../lib/gcc/arm-none-eabi/11.2.1/thumb/v7-m/nofp/crti.o
 .bss           0x00000000        0x0 d:/code/arm-none-eabi/bin/../lib/gcc/arm-none-eabi/11.2.1/thumb/v7-m/nofp/crti.o
 .text          0x00000000        0x0 d:/code/arm-none-eabi/bin/../lib/gcc/arm-none-eabi/11.2.1/thumb/v7-m/nofp/crtbegin.o
 .data          0x00000000        0x0 d:/code/arm-none-eabi/bin/../lib/gcc/arm-none-eabi/11.2.1/thumb/v7-m/nofp/crtbegin.o
 .bss           0x00000000        0x0 d:/code/arm-none-eabi/bin/../lib/gcc/arm-none-eabi/11.2.1/thumb/v7-m/nofp/crtbegin.o
 .rodata.all_implied_fbits
                0x00000000       0x24 d:/code/arm-none-eabi/bin/../lib/gcc/arm-none-eabi/11.2.1/thumb/v7-m/nofp/crtbegin.o
 .data.__dso_handle
                0x00000000        0x4 d:/code/arm-none-eabi/bin/../lib/gcc/arm-none-eabi/11.2.1/thumb/v7-m/nofp/crtbegin.o
 .text          0x00000000       0x7c d:/code/arm-none-eabi/bin/../lib/gcc/arm-none-eabi/11.2.1/thumb/v7-m/nofp/crt0.o
 .data          0x00000000        0x0 d:/code/arm-none-eabi/bin/../lib/gcc/arm-none-eabi/11.2.1/thumb/v7-m/nofp/crt0.o
 .bss           0x00000000        0x0 d:/code/arm-none-eabi/bin/../lib/gcc/arm-none-eabi/11.2.1/thumb/v7-m/nofp/crt0.o
 .ARM.extab     0x00000000        0x0 d:/code/arm-none-eabi/bin/../lib/gcc/arm-none-eabi/11.2.1/thumb/v7-m/nofp/crt0.o
 .ARM.exidx     0x00000000       0x10 d:/code/arm-none-eabi/bin/../lib/gcc/arm-none-eabi/11.2.1/thumb/v7-m/nofp/crt0.o
 .debug_line    0x00000000       0x76 d:/code/arm-none-eabi/bin/../lib/gcc/arm-none-eabi/11.2.1/thumb/v7-m/nofp/crt0.o
 .debug_line_str
                0x00000000       0xa6 d:/code/arm-none-eabi/bin/../lib/gcc/arm-none-eabi/11.2.1/thumb/v7-m/nofp/crt0.o
 .debug_info    0x00000000       0x24 d:/code/arm-none-eabi/bin/../lib/gcc/arm-none-eabi/11.2.1/thumb/v7-m/nofp/crt0.o
 .debug_abbrev  0x00000000       0x14 d:/code/arm-none-eabi/bin/../lib/gcc/arm-none-eabi/11.2.1/thumb/v7-m/nofp/crt0.o
 .debug_aranges
                0x00000000       0x20 d:/code/arm-none-eabi/bin/../lib/gcc/arm-none-eabi/11.2.1/thumb/v7-m/nofp/crt0.o
 .debug_str     0x00000000       0x9f d:/code/arm-none-eabi/bin/../lib/gcc/arm-none-eabi/11.2.1/thumb/v7-m/nofp/crt0.o
 .ARM.attributes
                0x00000000       0x1b d:/code/arm-none-eabi/bin/../lib/gcc/arm-none-eabi/11.2.1/thumb/v7-m/nofp/crt0.o
 .text          0x00000000        0x0 CMakeFiles/Cube_LED.elf.dir/Core/Src/gpio.c.obj
 .data          0x00000000        0x0 CMakeFiles/Cube_LED.elf.dir/Core/Src/gpio.c.obj
 .bss           0x00000000        0x0 CMakeFiles/Cube_LED.elf.dir/Core/Src/gpio.c.obj
 .text          0x00000000        0x0 CMakeFiles/Cube_LED.elf.dir/Core/Src/main.c.obj
 .data          0x00000000        0x0 CMakeFiles/Cube_LED.elf.dir/Core/Src/main.c.obj
 .bss           0x00000000        0x0 CMakeFiles/Cube_LED.elf.dir/Core/Src/main.c.obj
 .text          0x00000000        0x0 CMakeFiles/Cube_LED.elf.dir/Core/Src/stm32f1xx_hal_msp.c.obj
 .data          0x00000000        0x0 CMakeFiles/Cube_LED.elf.dir/Core/Src/stm32f1xx_hal_msp.c.obj
 .bss           0x00000000        0x0 CMakeFiles/Cube_LED.elf.dir/Core/Src/stm32f1xx_hal_msp.c.obj
 .text          0x00000000        0x0 CMakeFiles/Cube_LED.elf.dir/Core/Src/stm32f1xx_it.c.obj
 .data          0x00000000        0x0 CMakeFiles/Cube_LED.elf.dir/Core/Src/stm32f1xx_it.c.obj
 .bss           0x00000000        0x0 CMakeFiles/Cube_LED.elf.dir/Core/Src/stm32f1xx_it.c.obj
 .text          0x00000000        0x0 CMakeFiles/Cube_LED.elf.dir/Core/Src/syscalls.c.obj
 .data          0x00000000        0x0 CMakeFiles/Cube_LED.elf.dir/Core/Src/syscalls.c.obj
 .bss           0x00000000        0x0 CMakeFiles/Cube_LED.elf.dir/Core/Src/syscalls.c.obj
 .text.initialise_monitor_handles
                0x00000000        0x2 CMakeFiles/Cube_LED.elf.dir/Core/Src/syscalls.c.obj
 .text._getpid  0x00000000        0x4 CMakeFiles/Cube_LED.elf.dir/Core/Src/syscalls.c.obj
 .text._kill    0x00000000       0x10 CMakeFiles/Cube_LED.elf.dir/Core/Src/syscalls.c.obj
 .text._exit    0x00000000        0xc CMakeFiles/Cube_LED.elf.dir/Core/Src/syscalls.c.obj
 .text._read    0x00000000       0x20 CMakeFiles/Cube_LED.elf.dir/Core/Src/syscalls.c.obj
 .text._write   0x00000000       0x1c CMakeFiles/Cube_LED.elf.dir/Core/Src/syscalls.c.obj
 .text._close   0x00000000        0x6 CMakeFiles/Cube_LED.elf.dir/Core/Src/syscalls.c.obj
 .text._fstat   0x00000000        0xa CMakeFiles/Cube_LED.elf.dir/Core/Src/syscalls.c.obj
 .text._isatty  0x00000000        0x4 CMakeFiles/Cube_LED.elf.dir/Core/Src/syscalls.c.obj
 .text._lseek   0x00000000        0x4 CMakeFiles/Cube_LED.elf.dir/Core/Src/syscalls.c.obj
 .text._open    0x00000000        0xa CMakeFiles/Cube_LED.elf.dir/Core/Src/syscalls.c.obj
 .text._wait    0x00000000       0x10 CMakeFiles/Cube_LED.elf.dir/Core/Src/syscalls.c.obj
 .text._unlink  0x00000000       0x10 CMakeFiles/Cube_LED.elf.dir/Core/Src/syscalls.c.obj
 .text._times   0x00000000        0x6 CMakeFiles/Cube_LED.elf.dir/Core/Src/syscalls.c.obj
 .text._stat    0x00000000        0xa CMakeFiles/Cube_LED.elf.dir/Core/Src/syscalls.c.obj
 .text._link    0x00000000       0x10 CMakeFiles/Cube_LED.elf.dir/Core/Src/syscalls.c.obj
 .text._fork    0x00000000       0x10 CMakeFiles/Cube_LED.elf.dir/Core/Src/syscalls.c.obj
 .text._execve  0x00000000       0x10 CMakeFiles/Cube_LED.elf.dir/Core/Src/syscalls.c.obj
 .bss.__env     0x00000000        0x4 CMakeFiles/Cube_LED.elf.dir/Core/Src/syscalls.c.obj
 .data.environ  0x00000000        0x4 CMakeFiles/Cube_LED.elf.dir/Core/Src/syscalls.c.obj
 .debug_info    0x00000000      0x783 CMakeFiles/Cube_LED.elf.dir/Core/Src/syscalls.c.obj
 .debug_abbrev  0x00000000      0x1c1 CMakeFiles/Cube_LED.elf.dir/Core/Src/syscalls.c.obj
 .debug_loclists
                0x00000000      0x25b CMakeFiles/Cube_LED.elf.dir/Core/Src/syscalls.c.obj
 .debug_aranges
                0x00000000       0xa8 CMakeFiles/Cube_LED.elf.dir/Core/Src/syscalls.c.obj
 .debug_rnglists
                0x00000000       0x79 CMakeFiles/Cube_LED.elf.dir/Core/Src/syscalls.c.obj
 .debug_line    0x00000000      0x3b7 CMakeFiles/Cube_LED.elf.dir/Core/Src/syscalls.c.obj
 .debug_str     0x00000000      0x422 CMakeFiles/Cube_LED.elf.dir/Core/Src/syscalls.c.obj
 .comment       0x00000000       0x58 CMakeFiles/Cube_LED.elf.dir/Core/Src/syscalls.c.obj
 .debug_frame   0x00000000      0x190 CMakeFiles/Cube_LED.elf.dir/Core/Src/syscalls.c.obj
 .ARM.attributes
                0x00000000       0x2d CMakeFiles/Cube_LED.elf.dir/Core/Src/syscalls.c.obj
 .text          0x00000000        0x0 CMakeFiles/Cube_LED.elf.dir/Core/Src/sysmem.c.obj
 .data          0x00000000        0x0 CMakeFiles/Cube_LED.elf.dir/Core/Src/sysmem.c.obj
 .bss           0x00000000        0x0 CMakeFiles/Cube_LED.elf.dir/Core/Src/sysmem.c.obj
 .text._sbrk    0x00000000       0x48 CMakeFiles/Cube_LED.elf.dir/Core/Src/sysmem.c.obj
 .bss.__sbrk_heap_end
                0x00000000        0x4 CMakeFiles/Cube_LED.elf.dir/Core/Src/sysmem.c.obj
 .debug_info    0x00000000      0x171 CMakeFiles/Cube_LED.elf.dir/Core/Src/sysmem.c.obj
 .debug_abbrev  0x00000000       0xea CMakeFiles/Cube_LED.elf.dir/Core/Src/sysmem.c.obj
 .debug_loclists
                0x00000000       0x46 CMakeFiles/Cube_LED.elf.dir/Core/Src/sysmem.c.obj
 .debug_aranges
                0x00000000       0x20 CMakeFiles/Cube_LED.elf.dir/Core/Src/sysmem.c.obj
 .debug_rnglists
                0x00000000       0x13 CMakeFiles/Cube_LED.elf.dir/Core/Src/sysmem.c.obj
 .debug_line    0x00000000      0x18f CMakeFiles/Cube_LED.elf.dir/Core/Src/sysmem.c.obj
 .debug_str     0x00000000      0x24e CMakeFiles/Cube_LED.elf.dir/Core/Src/sysmem.c.obj
 .comment       0x00000000       0x58 CMakeFiles/Cube_LED.elf.dir/Core/Src/sysmem.c.obj
 .debug_frame   0x00000000       0x28 CMakeFiles/Cube_LED.elf.dir/Core/Src/sysmem.c.obj
 .ARM.attributes
                0x00000000       0x2d CMakeFiles/Cube_LED.elf.dir/Core/Src/sysmem.c.obj
 .text          0x00000000        0x0 CMakeFiles/Cube_LED.elf.dir/Core/Src/system_stm32f1xx.c.obj
 .data          0x00000000        0x0 CMakeFiles/Cube_LED.elf.dir/Core/Src/system_stm32f1xx.c.obj
 .bss           0x00000000        0x0 CMakeFiles/Cube_LED.elf.dir/Core/Src/system_stm32f1xx.c.obj
 .text.SystemCoreClockUpdate
                0x00000000       0x94 CMakeFiles/Cube_LED.elf.dir/Core/Src/system_stm32f1xx.c.obj
 .rodata.APBPrescTable
                0x00000000        0x8 CMakeFiles/Cube_LED.elf.dir/Core/Src/system_stm32f1xx.c.obj
 .text          0x00000000       0x14 CMakeFiles/Cube_LED.elf.dir/Core/Startup/startup_stm32f103c8tx.s.obj
 .data          0x00000000        0x0 CMakeFiles/Cube_LED.elf.dir/Core/Startup/startup_stm32f103c8tx.s.obj
 .bss           0x00000000        0x0 CMakeFiles/Cube_LED.elf.dir/Core/Startup/startup_stm32f103c8tx.s.obj
 .text          0x00000000        0x0 CMakeFiles/Cube_LED.elf.dir/Drivers/STM32F1xx_HAL_Driver/Src/stm32f1xx_hal.c.obj
 .data          0x00000000        0x0 CMakeFiles/Cube_LED.elf.dir/Drivers/STM32F1xx_HAL_Driver/Src/stm32f1xx_hal.c.obj
 .bss           0x00000000        0x0 CMakeFiles/Cube_LED.elf.dir/Drivers/STM32F1xx_HAL_Driver/Src/stm32f1xx_hal.c.obj
 .text.HAL_MspInit
                0x00000000        0x2 CMakeFiles/Cube_LED.elf.dir/Drivers/STM32F1xx_HAL_Driver/Src/stm32f1xx_hal.c.obj
 .text.HAL_MspDeInit
                0x00000000        0x2 CMakeFiles/Cube_LED.elf.dir/Drivers/STM32F1xx_HAL_Driver/Src/stm32f1xx_hal.c.obj
 .text.HAL_DeInit
                0x00000000       0x20 CMakeFiles/Cube_LED.elf.dir/Drivers/STM32F1xx_HAL_Driver/Src/stm32f1xx_hal.c.obj
 .text.HAL_GetTickPrio
                0x00000000        0xc CMakeFiles/Cube_LED.elf.dir/Drivers/STM32F1xx_HAL_Driver/Src/stm32f1xx_hal.c.obj
 .text.HAL_SetTickFreq
                0x00000000       0x2c CMakeFiles/Cube_LED.elf.dir/Drivers/STM32F1xx_HAL_Driver/Src/stm32f1xx_hal.c.obj
 .text.HAL_GetTickFreq
                0x00000000        0xc CMakeFiles/Cube_LED.elf.dir/Drivers/STM32F1xx_HAL_Driver/Src/stm32f1xx_hal.c.obj
 .text.HAL_Delay
                0x00000000       0x28 CMakeFiles/Cube_LED.elf.dir/Drivers/STM32F1xx_HAL_Driver/Src/stm32f1xx_hal.c.obj
 .text.HAL_SuspendTick
                0x00000000        0xe CMakeFiles/Cube_LED.elf.dir/Drivers/STM32F1xx_HAL_Driver/Src/stm32f1xx_hal.c.obj
 .text.HAL_ResumeTick
                0x00000000        0xe CMakeFiles/Cube_LED.elf.dir/Drivers/STM32F1xx_HAL_Driver/Src/stm32f1xx_hal.c.obj
 .text.HAL_GetHalVersion
                0x00000000        0x8 CMakeFiles/Cube_LED.elf.dir/Drivers/STM32F1xx_HAL_Driver/Src/stm32f1xx_hal.c.obj
 .text.HAL_GetREVID
                0x00000000        0xc CMakeFiles/Cube_LED.elf.dir/Drivers/STM32F1xx_HAL_Driver/Src/stm32f1xx_hal.c.obj
 .text.HAL_GetDEVID
                0x00000000       0x10 CMakeFiles/Cube_LED.elf.dir/Drivers/STM32F1xx_HAL_Driver/Src/stm32f1xx_hal.c.obj
 .text.HAL_GetUIDw0
                0x00000000        0xc CMakeFiles/Cube_LED.elf.dir/Drivers/STM32F1xx_HAL_Driver/Src/stm32f1xx_hal.c.obj
 .text.HAL_GetUIDw1
                0x00000000        0xc CMakeFiles/Cube_LED.elf.dir/Drivers/STM32F1xx_HAL_Driver/Src/stm32f1xx_hal.c.obj
 .text.HAL_GetUIDw2
                0x00000000        0xc CMakeFiles/Cube_LED.elf.dir/Drivers/STM32F1xx_HAL_Driver/Src/stm32f1xx_hal.c.obj
 .text.HAL_DBGMCU_EnableDBGSleepMode
                0x00000000       0x10 CMakeFiles/Cube_LED.elf.dir/Drivers/STM32F1xx_HAL_Driver/Src/stm32f1xx_hal.c.obj
 .text.HAL_DBGMCU_DisableDBGSleepMode
                0x00000000       0x10 CMakeFiles/Cube_LED.elf.dir/Drivers/STM32F1xx_HAL_Driver/Src/stm32f1xx_hal.c.obj
 .text.HAL_DBGMCU_EnableDBGStopMode
                0x00000000       0x10 CMakeFiles/Cube_LED.elf.dir/Drivers/STM32F1xx_HAL_Driver/Src/stm32f1xx_hal.c.obj
 .text.HAL_DBGMCU_DisableDBGStopMode
                0x00000000       0x10 CMakeFiles/Cube_LED.elf.dir/Drivers/STM32F1xx_HAL_Driver/Src/stm32f1xx_hal.c.obj
 .text.HAL_DBGMCU_EnableDBGStandbyMode
                0x00000000       0x10 CMakeFiles/Cube_LED.elf.dir/Drivers/STM32F1xx_HAL_Driver/Src/stm32f1xx_hal.c.obj
 .text.HAL_DBGMCU_DisableDBGStandbyMode
                0x00000000       0x10 CMakeFiles/Cube_LED.elf.dir/Drivers/STM32F1xx_HAL_Driver/Src/stm32f1xx_hal.c.obj
 .text          0x00000000        0x0 CMakeFiles/Cube_LED.elf.dir/Drivers/STM32F1xx_HAL_Driver/Src/stm32f1xx_hal_cortex.c.obj
 .data          0x00000000        0x0 CMakeFiles/Cube_LED.elf.dir/Drivers/STM32F1xx_HAL_Driver/Src/stm32f1xx_hal_cortex.c.obj
 .bss           0x00000000        0x0 CMakeFiles/Cube_LED.elf.dir/Drivers/STM32F1xx_HAL_Driver/Src/stm32f1xx_hal_cortex.c.obj
 .text.HAL_NVIC_EnableIRQ
                0x00000000       0x1c CMakeFiles/Cube_LED.elf.dir/Drivers/STM32F1xx_HAL_Driver/Src/stm32f1xx_hal_cortex.c.obj
 .text.HAL_NVIC_DisableIRQ
                0x00000000       0x24 CMakeFiles/Cube_LED.elf.dir/Drivers/STM32F1xx_HAL_Driver/Src/stm32f1xx_hal_cortex.c.obj
 .text.HAL_NVIC_SystemReset
                0x00000000       0x24 CMakeFiles/Cube_LED.elf.dir/Drivers/STM32F1xx_HAL_Driver/Src/stm32f1xx_hal_cortex.c.obj
 .text.HAL_NVIC_GetPriorityGrouping
                0x00000000       0x10 CMakeFiles/Cube_LED.elf.dir/Drivers/STM32F1xx_HAL_Driver/Src/stm32f1xx_hal_cortex.c.obj
 .text.HAL_NVIC_GetPriority
                0x00000000       0x60 CMakeFiles/Cube_LED.elf.dir/Drivers/STM32F1xx_HAL_Driver/Src/stm32f1xx_hal_cortex.c.obj
 .text.HAL_NVIC_SetPendingIRQ
                0x00000000       0x1c CMakeFiles/Cube_LED.elf.dir/Drivers/STM32F1xx_HAL_Driver/Src/stm32f1xx_hal_cortex.c.obj
 .text.HAL_NVIC_GetPendingIRQ
                0x00000000       0x24 CMakeFiles/Cube_LED.elf.dir/Drivers/STM32F1xx_HAL_Driver/Src/stm32f1xx_hal_cortex.c.obj
 .text.HAL_NVIC_ClearPendingIRQ
                0x00000000       0x1c CMakeFiles/Cube_LED.elf.dir/Drivers/STM32F1xx_HAL_Driver/Src/stm32f1xx_hal_cortex.c.obj
 .text.HAL_NVIC_GetActive
                0x00000000       0x24 CMakeFiles/Cube_LED.elf.dir/Drivers/STM32F1xx_HAL_Driver/Src/stm32f1xx_hal_cortex.c.obj
 .text.HAL_SYSTICK_CLKSourceConfig
                0x00000000       0x20 CMakeFiles/Cube_LED.elf.dir/Drivers/STM32F1xx_HAL_Driver/Src/stm32f1xx_hal_cortex.c.obj
 .text.HAL_SYSTICK_Callback
                0x00000000        0x2 CMakeFiles/Cube_LED.elf.dir/Drivers/STM32F1xx_HAL_Driver/Src/stm32f1xx_hal_cortex.c.obj
 .text.HAL_SYSTICK_IRQHandler
                0x00000000        0x8 CMakeFiles/Cube_LED.elf.dir/Drivers/STM32F1xx_HAL_Driver/Src/stm32f1xx_hal_cortex.c.obj
 .text          0x00000000        0x0 CMakeFiles/Cube_LED.elf.dir/Drivers/STM32F1xx_HAL_Driver/Src/stm32f1xx_hal_dma.c.obj
 .data          0x00000000        0x0 CMakeFiles/Cube_LED.elf.dir/Drivers/STM32F1xx_HAL_Driver/Src/stm32f1xx_hal_dma.c.obj
 .bss           0x00000000        0x0 CMakeFiles/Cube_LED.elf.dir/Drivers/STM32F1xx_HAL_Driver/Src/stm32f1xx_hal_dma.c.obj
 .text.DMA_SetConfig
                0x00000000       0x2c CMakeFiles/Cube_LED.elf.dir/Drivers/STM32F1xx_HAL_Driver/Src/stm32f1xx_hal_dma.c.obj
 .text.HAL_DMA_Init
                0x00000000       0x6c CMakeFiles/Cube_LED.elf.dir/Drivers/STM32F1xx_HAL_Driver/Src/stm32f1xx_hal_dma.c.obj
 .text.HAL_DMA_DeInit
                0x00000000       0x68 CMakeFiles/Cube_LED.elf.dir/Drivers/STM32F1xx_HAL_Driver/Src/stm32f1xx_hal_dma.c.obj
 .text.HAL_DMA_Start
                0x00000000       0x50 CMakeFiles/Cube_LED.elf.dir/Drivers/STM32F1xx_HAL_Driver/Src/stm32f1xx_hal_dma.c.obj
 .text.HAL_DMA_Start_IT
                0x00000000       0x74 CMakeFiles/Cube_LED.elf.dir/Drivers/STM32F1xx_HAL_Driver/Src/stm32f1xx_hal_dma.c.obj
 .text.HAL_DMA_Abort
                0x00000000       0x44 CMakeFiles/Cube_LED.elf.dir/Drivers/STM32F1xx_HAL_Driver/Src/stm32f1xx_hal_dma.c.obj
 .text.HAL_DMA_Abort_IT
                0x00000000       0x98 CMakeFiles/Cube_LED.elf.dir/Drivers/STM32F1xx_HAL_Driver/Src/stm32f1xx_hal_dma.c.obj
 .text.HAL_DMA_PollForTransfer
                0x00000000      0x22c CMakeFiles/Cube_LED.elf.dir/Drivers/STM32F1xx_HAL_Driver/Src/stm32f1xx_hal_dma.c.obj
 .text.HAL_DMA_IRQHandler
                0x00000000      0x144 CMakeFiles/Cube_LED.elf.dir/Drivers/STM32F1xx_HAL_Driver/Src/stm32f1xx_hal_dma.c.obj
 .text.HAL_DMA_RegisterCallback
                0x00000000       0x4a CMakeFiles/Cube_LED.elf.dir/Drivers/STM32F1xx_HAL_Driver/Src/stm32f1xx_hal_dma.c.obj
 .text.HAL_DMA_UnRegisterCallback
                0x00000000       0x5a CMakeFiles/Cube_LED.elf.dir/Drivers/STM32F1xx_HAL_Driver/Src/stm32f1xx_hal_dma.c.obj
 .text.HAL_DMA_GetState
                0x00000000        0x6 CMakeFiles/Cube_LED.elf.dir/Drivers/STM32F1xx_HAL_Driver/Src/stm32f1xx_hal_dma.c.obj
 .text.HAL_DMA_GetError
                0x00000000        0x4 CMakeFiles/Cube_LED.elf.dir/Drivers/STM32F1xx_HAL_Driver/Src/stm32f1xx_hal_dma.c.obj
 .debug_info    0x00000000      0x7d5 CMakeFiles/Cube_LED.elf.dir/Drivers/STM32F1xx_HAL_Driver/Src/stm32f1xx_hal_dma.c.obj
 .debug_abbrev  0x00000000      0x244 CMakeFiles/Cube_LED.elf.dir/Drivers/STM32F1xx_HAL_Driver/Src/stm32f1xx_hal_dma.c.obj
 .debug_loclists
                0x00000000      0x4c7 CMakeFiles/Cube_LED.elf.dir/Drivers/STM32F1xx_HAL_Driver/Src/stm32f1xx_hal_dma.c.obj
 .debug_aranges
                0x00000000       0x80 CMakeFiles/Cube_LED.elf.dir/Drivers/STM32F1xx_HAL_Driver/Src/stm32f1xx_hal_dma.c.obj
 .debug_rnglists
                0x00000000       0x5e CMakeFiles/Cube_LED.elf.dir/Drivers/STM32F1xx_HAL_Driver/Src/stm32f1xx_hal_dma.c.obj
 .debug_line    0x00000000      0xa69 CMakeFiles/Cube_LED.elf.dir/Drivers/STM32F1xx_HAL_Driver/Src/stm32f1xx_hal_dma.c.obj
 .debug_str     0x00000000      0x633 CMakeFiles/Cube_LED.elf.dir/Drivers/STM32F1xx_HAL_Driver/Src/stm32f1xx_hal_dma.c.obj
 .comment       0x00000000       0x58 CMakeFiles/Cube_LED.elf.dir/Drivers/STM32F1xx_HAL_Driver/Src/stm32f1xx_hal_dma.c.obj
 .debug_frame   0x00000000      0x144 CMakeFiles/Cube_LED.elf.dir/Drivers/STM32F1xx_HAL_Driver/Src/stm32f1xx_hal_dma.c.obj
 .ARM.attributes
                0x00000000       0x2d CMakeFiles/Cube_LED.elf.dir/Drivers/STM32F1xx_HAL_Driver/Src/stm32f1xx_hal_dma.c.obj
 .text          0x00000000        0x0 CMakeFiles/Cube_LED.elf.dir/Drivers/STM32F1xx_HAL_Driver/Src/stm32f1xx_hal_exti.c.obj
 .data          0x00000000        0x0 CMakeFiles/Cube_LED.elf.dir/Drivers/STM32F1xx_HAL_Driver/Src/stm32f1xx_hal_exti.c.obj
 .bss           0x00000000        0x0 CMakeFiles/Cube_LED.elf.dir/Drivers/STM32F1xx_HAL_Driver/Src/stm32f1xx_hal_exti.c.obj
 .text.HAL_EXTI_SetConfigLine
                0x00000000       0xd8 CMakeFiles/Cube_LED.elf.dir/Drivers/STM32F1xx_HAL_Driver/Src/stm32f1xx_hal_exti.c.obj
 .text.HAL_EXTI_GetConfigLine
                0x00000000       0xac CMakeFiles/Cube_LED.elf.dir/Drivers/STM32F1xx_HAL_Driver/Src/stm32f1xx_hal_exti.c.obj
 .text.HAL_EXTI_ClearConfigLine
                0x00000000       0x84 CMakeFiles/Cube_LED.elf.dir/Drivers/STM32F1xx_HAL_Driver/Src/stm32f1xx_hal_exti.c.obj
 .text.HAL_EXTI_RegisterCallback
                0x00000000        0xe CMakeFiles/Cube_LED.elf.dir/Drivers/STM32F1xx_HAL_Driver/Src/stm32f1xx_hal_exti.c.obj
 .text.HAL_EXTI_GetHandle
                0x00000000        0xc CMakeFiles/Cube_LED.elf.dir/Drivers/STM32F1xx_HAL_Driver/Src/stm32f1xx_hal_exti.c.obj
 .text.HAL_EXTI_IRQHandler
                0x00000000       0x24 CMakeFiles/Cube_LED.elf.dir/Drivers/STM32F1xx_HAL_Driver/Src/stm32f1xx_hal_exti.c.obj
 .text.HAL_EXTI_GetPending
                0x00000000       0x18 CMakeFiles/Cube_LED.elf.dir/Drivers/STM32F1xx_HAL_Driver/Src/stm32f1xx_hal_exti.c.obj
 .text.HAL_EXTI_ClearPending
                0x00000000       0x14 CMakeFiles/Cube_LED.elf.dir/Drivers/STM32F1xx_HAL_Driver/Src/stm32f1xx_hal_exti.c.obj
 .text.HAL_EXTI_GenerateSWI
                0x00000000       0x14 CMakeFiles/Cube_LED.elf.dir/Drivers/STM32F1xx_HAL_Driver/Src/stm32f1xx_hal_exti.c.obj
 .debug_info    0x00000000      0x55b CMakeFiles/Cube_LED.elf.dir/Drivers/STM32F1xx_HAL_Driver/Src/stm32f1xx_hal_exti.c.obj
 .debug_abbrev  0x00000000      0x1f4 CMakeFiles/Cube_LED.elf.dir/Drivers/STM32F1xx_HAL_Driver/Src/stm32f1xx_hal_exti.c.obj
 .debug_loclists
                0x00000000      0x2b9 CMakeFiles/Cube_LED.elf.dir/Drivers/STM32F1xx_HAL_Driver/Src/stm32f1xx_hal_exti.c.obj
 .debug_aranges
                0x00000000       0x60 CMakeFiles/Cube_LED.elf.dir/Drivers/STM32F1xx_HAL_Driver/Src/stm32f1xx_hal_exti.c.obj
 .debug_rnglists
                0x00000000       0x46 CMakeFiles/Cube_LED.elf.dir/Drivers/STM32F1xx_HAL_Driver/Src/stm32f1xx_hal_exti.c.obj
 .debug_line    0x00000000      0x5ff CMakeFiles/Cube_LED.elf.dir/Drivers/STM32F1xx_HAL_Driver/Src/stm32f1xx_hal_exti.c.obj
 .debug_str     0x00000000      0x40c CMakeFiles/Cube_LED.elf.dir/Drivers/STM32F1xx_HAL_Driver/Src/stm32f1xx_hal_exti.c.obj
 .comment       0x00000000       0x58 CMakeFiles/Cube_LED.elf.dir/Drivers/STM32F1xx_HAL_Driver/Src/stm32f1xx_hal_exti.c.obj
 .debug_frame   0x00000000       0xd4 CMakeFiles/Cube_LED.elf.dir/Drivers/STM32F1xx_HAL_Driver/Src/stm32f1xx_hal_exti.c.obj
 .ARM.attributes
                0x00000000       0x2d CMakeFiles/Cube_LED.elf.dir/Drivers/STM32F1xx_HAL_Driver/Src/stm32f1xx_hal_exti.c.obj
 .text          0x00000000        0x0 CMakeFiles/Cube_LED.elf.dir/Drivers/STM32F1xx_HAL_Driver/Src/stm32f1xx_hal_flash.c.obj
 .data          0x00000000        0x0 CMakeFiles/Cube_LED.elf.dir/Drivers/STM32F1xx_HAL_Driver/Src/stm32f1xx_hal_flash.c.obj
 .bss           0x00000000        0x0 CMakeFiles/Cube_LED.elf.dir/Drivers/STM32F1xx_HAL_Driver/Src/stm32f1xx_hal_flash.c.obj
 .text.FLASH_Program_HalfWord
                0x00000000       0x1c CMakeFiles/Cube_LED.elf.dir/Drivers/STM32F1xx_HAL_Driver/Src/stm32f1xx_hal_flash.c.obj
 .text.FLASH_SetErrorCode
                0x00000000       0x70 CMakeFiles/Cube_LED.elf.dir/Drivers/STM32F1xx_HAL_Driver/Src/stm32f1xx_hal_flash.c.obj
 .text.HAL_FLASH_Program_IT
                0x00000000       0x6c CMakeFiles/Cube_LED.elf.dir/Drivers/STM32F1xx_HAL_Driver/Src/stm32f1xx_hal_flash.c.obj
 .text.HAL_FLASH_EndOfOperationCallback
                0x00000000        0x2 CMakeFiles/Cube_LED.elf.dir/Drivers/STM32F1xx_HAL_Driver/Src/stm32f1xx_hal_flash.c.obj
 .text.HAL_FLASH_OperationErrorCallback
                0x00000000        0x2 CMakeFiles/Cube_LED.elf.dir/Drivers/STM32F1xx_HAL_Driver/Src/stm32f1xx_hal_flash.c.obj
 .text.HAL_FLASH_IRQHandler
                0x00000000      0x154 CMakeFiles/Cube_LED.elf.dir/Drivers/STM32F1xx_HAL_Driver/Src/stm32f1xx_hal_flash.c.obj
 .text.HAL_FLASH_Unlock
                0x00000000       0x34 CMakeFiles/Cube_LED.elf.dir/Drivers/STM32F1xx_HAL_Driver/Src/stm32f1xx_hal_flash.c.obj
 .text.HAL_FLASH_Lock
                0x00000000       0x14 CMakeFiles/Cube_LED.elf.dir/Drivers/STM32F1xx_HAL_Driver/Src/stm32f1xx_hal_flash.c.obj
 .text.HAL_FLASH_OB_Unlock
                0x00000000       0x28 CMakeFiles/Cube_LED.elf.dir/Drivers/STM32F1xx_HAL_Driver/Src/stm32f1xx_hal_flash.c.obj
 .text.HAL_FLASH_OB_Lock
                0x00000000       0x14 CMakeFiles/Cube_LED.elf.dir/Drivers/STM32F1xx_HAL_Driver/Src/stm32f1xx_hal_flash.c.obj
 .text.HAL_FLASH_OB_Launch
                0x00000000        0x8 CMakeFiles/Cube_LED.elf.dir/Drivers/STM32F1xx_HAL_Driver/Src/stm32f1xx_hal_flash.c.obj
 .text.HAL_FLASH_GetError
                0x00000000        0xc CMakeFiles/Cube_LED.elf.dir/Drivers/STM32F1xx_HAL_Driver/Src/stm32f1xx_hal_flash.c.obj
 .text.FLASH_WaitForLastOperation
                0x00000000       0x68 CMakeFiles/Cube_LED.elf.dir/Drivers/STM32F1xx_HAL_Driver/Src/stm32f1xx_hal_flash.c.obj
 .text.HAL_FLASH_Program
                0x00000000       0xa0 CMakeFiles/Cube_LED.elf.dir/Drivers/STM32F1xx_HAL_Driver/Src/stm32f1xx_hal_flash.c.obj
 .bss.pFlash    0x00000000       0x20 CMakeFiles/Cube_LED.elf.dir/Drivers/STM32F1xx_HAL_Driver/Src/stm32f1xx_hal_flash.c.obj
 .debug_info    0x00000000      0x646 CMakeFiles/Cube_LED.elf.dir/Drivers/STM32F1xx_HAL_Driver/Src/stm32f1xx_hal_flash.c.obj
 .debug_abbrev  0x00000000      0x251 CMakeFiles/Cube_LED.elf.dir/Drivers/STM32F1xx_HAL_Driver/Src/stm32f1xx_hal_flash.c.obj
 .debug_loclists
                0x00000000      0x254 CMakeFiles/Cube_LED.elf.dir/Drivers/STM32F1xx_HAL_Driver/Src/stm32f1xx_hal_flash.c.obj
 .debug_aranges
                0x00000000       0x88 CMakeFiles/Cube_LED.elf.dir/Drivers/STM32F1xx_HAL_Driver/Src/stm32f1xx_hal_flash.c.obj
 .debug_rnglists
                0x00000000       0x63 CMakeFiles/Cube_LED.elf.dir/Drivers/STM32F1xx_HAL_Driver/Src/stm32f1xx_hal_flash.c.obj
 .debug_line    0x00000000      0x78e CMakeFiles/Cube_LED.elf.dir/Drivers/STM32F1xx_HAL_Driver/Src/stm32f1xx_hal_flash.c.obj
 .debug_str     0x00000000      0x565 CMakeFiles/Cube_LED.elf.dir/Drivers/STM32F1xx_HAL_Driver/Src/stm32f1xx_hal_flash.c.obj
 .comment       0x00000000       0x58 CMakeFiles/Cube_LED.elf.dir/Drivers/STM32F1xx_HAL_Driver/Src/stm32f1xx_hal_flash.c.obj
 .debug_frame   0x00000000      0x134 CMakeFiles/Cube_LED.elf.dir/Drivers/STM32F1xx_HAL_Driver/Src/stm32f1xx_hal_flash.c.obj
 .ARM.attributes
                0x00000000       0x2d CMakeFiles/Cube_LED.elf.dir/Drivers/STM32F1xx_HAL_Driver/Src/stm32f1xx_hal_flash.c.obj
 .text          0x00000000        0x0 CMakeFiles/Cube_LED.elf.dir/Drivers/STM32F1xx_HAL_Driver/Src/stm32f1xx_hal_flash_ex.c.obj
 .data          0x00000000        0x0 CMakeFiles/Cube_LED.elf.dir/Drivers/STM32F1xx_HAL_Driver/Src/stm32f1xx_hal_flash_ex.c.obj
 .bss           0x00000000        0x0 CMakeFiles/Cube_LED.elf.dir/Drivers/STM32F1xx_HAL_Driver/Src/stm32f1xx_hal_flash_ex.c.obj
 .text.FLASH_MassErase
                0x00000000       0x24 CMakeFiles/Cube_LED.elf.dir/Drivers/STM32F1xx_HAL_Driver/Src/stm32f1xx_hal_flash_ex.c.obj
 .text.FLASH_OB_GetWRP
                0x00000000        0xc CMakeFiles/Cube_LED.elf.dir/Drivers/STM32F1xx_HAL_Driver/Src/stm32f1xx_hal_flash_ex.c.obj
 .text.FLASH_OB_GetRDP
                0x00000000       0x18 CMakeFiles/Cube_LED.elf.dir/Drivers/STM32F1xx_HAL_Driver/Src/stm32f1xx_hal_flash_ex.c.obj
 .text.FLASH_OB_GetUser
                0x00000000       0x10 CMakeFiles/Cube_LED.elf.dir/Drivers/STM32F1xx_HAL_Driver/Src/stm32f1xx_hal_flash_ex.c.obj
 .text.FLASH_OB_RDP_LevelConfig
                0x00000000       0x68 CMakeFiles/Cube_LED.elf.dir/Drivers/STM32F1xx_HAL_Driver/Src/stm32f1xx_hal_flash_ex.c.obj
 .text.FLASH_OB_UserConfig
                0x00000000       0x48 CMakeFiles/Cube_LED.elf.dir/Drivers/STM32F1xx_HAL_Driver/Src/stm32f1xx_hal_flash_ex.c.obj
 .text.FLASH_OB_ProgramData
                0x00000000       0x40 CMakeFiles/Cube_LED.elf.dir/Drivers/STM32F1xx_HAL_Driver/Src/stm32f1xx_hal_flash_ex.c.obj
 .text.HAL_FLASHEx_OBErase
                0x00000000       0x50 CMakeFiles/Cube_LED.elf.dir/Drivers/STM32F1xx_HAL_Driver/Src/stm32f1xx_hal_flash_ex.c.obj
 .text.FLASH_OB_EnableWRP
                0x00000000       0xc4 CMakeFiles/Cube_LED.elf.dir/Drivers/STM32F1xx_HAL_Driver/Src/stm32f1xx_hal_flash_ex.c.obj
 .text.FLASH_OB_DisableWRP
                0x00000000       0xc8 CMakeFiles/Cube_LED.elf.dir/Drivers/STM32F1xx_HAL_Driver/Src/stm32f1xx_hal_flash_ex.c.obj
 .text.HAL_FLASHEx_OBProgram
                0x00000000       0x9c CMakeFiles/Cube_LED.elf.dir/Drivers/STM32F1xx_HAL_Driver/Src/stm32f1xx_hal_flash_ex.c.obj
 .text.HAL_FLASHEx_OBGetConfig
                0x00000000       0x1c CMakeFiles/Cube_LED.elf.dir/Drivers/STM32F1xx_HAL_Driver/Src/stm32f1xx_hal_flash_ex.c.obj
 .text.HAL_FLASHEx_OBGetUserData
                0x00000000       0x24 CMakeFiles/Cube_LED.elf.dir/Drivers/STM32F1xx_HAL_Driver/Src/stm32f1xx_hal_flash_ex.c.obj
 .text.FLASH_PageErase
                0x00000000       0x24 CMakeFiles/Cube_LED.elf.dir/Drivers/STM32F1xx_HAL_Driver/Src/stm32f1xx_hal_flash_ex.c.obj
 .text.HAL_FLASHEx_Erase
                0x00000000       0xa4 CMakeFiles/Cube_LED.elf.dir/Drivers/STM32F1xx_HAL_Driver/Src/stm32f1xx_hal_flash_ex.c.obj
 .text.HAL_FLASHEx_Erase_IT
                0x00000000       0x60 CMakeFiles/Cube_LED.elf.dir/Drivers/STM32F1xx_HAL_Driver/Src/stm32f1xx_hal_flash_ex.c.obj
 .debug_info    0x00000000      0xa98 CMakeFiles/Cube_LED.elf.dir/Drivers/STM32F1xx_HAL_Driver/Src/stm32f1xx_hal_flash_ex.c.obj
 .debug_abbrev  0x00000000      0x248 CMakeFiles/Cube_LED.elf.dir/Drivers/STM32F1xx_HAL_Driver/Src/stm32f1xx_hal_flash_ex.c.obj
 .debug_loclists
                0x00000000      0x503 CMakeFiles/Cube_LED.elf.dir/Drivers/STM32F1xx_HAL_Driver/Src/stm32f1xx_hal_flash_ex.c.obj
 .debug_aranges
                0x00000000       0x98 CMakeFiles/Cube_LED.elf.dir/Drivers/STM32F1xx_HAL_Driver/Src/stm32f1xx_hal_flash_ex.c.obj
 .debug_rnglists
                0x00000000       0x71 CMakeFiles/Cube_LED.elf.dir/Drivers/STM32F1xx_HAL_Driver/Src/stm32f1xx_hal_flash_ex.c.obj
 .debug_line    0x00000000      0x914 CMakeFiles/Cube_LED.elf.dir/Drivers/STM32F1xx_HAL_Driver/Src/stm32f1xx_hal_flash_ex.c.obj
 .debug_str     0x00000000      0x67b CMakeFiles/Cube_LED.elf.dir/Drivers/STM32F1xx_HAL_Driver/Src/stm32f1xx_hal_flash_ex.c.obj
 .comment       0x00000000       0x58 CMakeFiles/Cube_LED.elf.dir/Drivers/STM32F1xx_HAL_Driver/Src/stm32f1xx_hal_flash_ex.c.obj
 .debug_frame   0x00000000      0x194 CMakeFiles/Cube_LED.elf.dir/Drivers/STM32F1xx_HAL_Driver/Src/stm32f1xx_hal_flash_ex.c.obj
 .ARM.attributes
                0x00000000       0x2d CMakeFiles/Cube_LED.elf.dir/Drivers/STM32F1xx_HAL_Driver/Src/stm32f1xx_hal_flash_ex.c.obj
 .text          0x00000000        0x0 CMakeFiles/Cube_LED.elf.dir/Drivers/STM32F1xx_HAL_Driver/Src/stm32f1xx_hal_gpio.c.obj
 .data          0x00000000        0x0 CMakeFiles/Cube_LED.elf.dir/Drivers/STM32F1xx_HAL_Driver/Src/stm32f1xx_hal_gpio.c.obj
 .bss           0x00000000        0x0 CMakeFiles/Cube_LED.elf.dir/Drivers/STM32F1xx_HAL_Driver/Src/stm32f1xx_hal_gpio.c.obj
 .text.HAL_GPIO_DeInit
                0x00000000      0x104 CMakeFiles/Cube_LED.elf.dir/Drivers/STM32F1xx_HAL_Driver/Src/stm32f1xx_hal_gpio.c.obj
 .text.HAL_GPIO_ReadPin
                0x00000000        0xe CMakeFiles/Cube_LED.elf.dir/Drivers/STM32F1xx_HAL_Driver/Src/stm32f1xx_hal_gpio.c.obj
 .text.HAL_GPIO_TogglePin
                0x00000000       0x12 CMakeFiles/Cube_LED.elf.dir/Drivers/STM32F1xx_HAL_Driver/Src/stm32f1xx_hal_gpio.c.obj
 .text.HAL_GPIO_LockPin
                0x00000000       0x2e CMakeFiles/Cube_LED.elf.dir/Drivers/STM32F1xx_HAL_Driver/Src/stm32f1xx_hal_gpio.c.obj
 .text.HAL_GPIO_EXTI_Callback
                0x00000000        0x2 CMakeFiles/Cube_LED.elf.dir/Drivers/STM32F1xx_HAL_Driver/Src/stm32f1xx_hal_gpio.c.obj
 .text.HAL_GPIO_EXTI_IRQHandler
                0x00000000       0x1c CMakeFiles/Cube_LED.elf.dir/Drivers/STM32F1xx_HAL_Driver/Src/stm32f1xx_hal_gpio.c.obj
 .text          0x00000000        0x0 CMakeFiles/Cube_LED.elf.dir/Drivers/STM32F1xx_HAL_Driver/Src/stm32f1xx_hal_gpio_ex.c.obj
 .data          0x00000000        0x0 CMakeFiles/Cube_LED.elf.dir/Drivers/STM32F1xx_HAL_Driver/Src/stm32f1xx_hal_gpio_ex.c.obj
 .bss           0x00000000        0x0 CMakeFiles/Cube_LED.elf.dir/Drivers/STM32F1xx_HAL_Driver/Src/stm32f1xx_hal_gpio_ex.c.obj
 .text.HAL_GPIOEx_ConfigEventout
                0x00000000       0x14 CMakeFiles/Cube_LED.elf.dir/Drivers/STM32F1xx_HAL_Driver/Src/stm32f1xx_hal_gpio_ex.c.obj
 .text.HAL_GPIOEx_EnableEventout
                0x00000000       0x10 CMakeFiles/Cube_LED.elf.dir/Drivers/STM32F1xx_HAL_Driver/Src/stm32f1xx_hal_gpio_ex.c.obj
 .text.HAL_GPIOEx_DisableEventout
                0x00000000       0x10 CMakeFiles/Cube_LED.elf.dir/Drivers/STM32F1xx_HAL_Driver/Src/stm32f1xx_hal_gpio_ex.c.obj
 .debug_info    0x00000000      0x154 CMakeFiles/Cube_LED.elf.dir/Drivers/STM32F1xx_HAL_Driver/Src/stm32f1xx_hal_gpio_ex.c.obj
 .debug_abbrev  0x00000000       0xdb CMakeFiles/Cube_LED.elf.dir/Drivers/STM32F1xx_HAL_Driver/Src/stm32f1xx_hal_gpio_ex.c.obj
 .debug_loclists
                0x00000000       0x23 CMakeFiles/Cube_LED.elf.dir/Drivers/STM32F1xx_HAL_Driver/Src/stm32f1xx_hal_gpio_ex.c.obj
 .debug_aranges
                0x00000000       0x30 CMakeFiles/Cube_LED.elf.dir/Drivers/STM32F1xx_HAL_Driver/Src/stm32f1xx_hal_gpio_ex.c.obj
 .debug_rnglists
                0x00000000       0x1f CMakeFiles/Cube_LED.elf.dir/Drivers/STM32F1xx_HAL_Driver/Src/stm32f1xx_hal_gpio_ex.c.obj
 .debug_line    0x00000000      0x1af CMakeFiles/Cube_LED.elf.dir/Drivers/STM32F1xx_HAL_Driver/Src/stm32f1xx_hal_gpio_ex.c.obj
 .debug_str     0x00000000      0x28d CMakeFiles/Cube_LED.elf.dir/Drivers/STM32F1xx_HAL_Driver/Src/stm32f1xx_hal_gpio_ex.c.obj
 .comment       0x00000000       0x58 CMakeFiles/Cube_LED.elf.dir/Drivers/STM32F1xx_HAL_Driver/Src/stm32f1xx_hal_gpio_ex.c.obj
 .debug_frame   0x00000000       0x40 CMakeFiles/Cube_LED.elf.dir/Drivers/STM32F1xx_HAL_Driver/Src/stm32f1xx_hal_gpio_ex.c.obj
 .ARM.attributes
                0x00000000       0x2d CMakeFiles/Cube_LED.elf.dir/Drivers/STM32F1xx_HAL_Driver/Src/stm32f1xx_hal_gpio_ex.c.obj
 .text          0x00000000        0x0 CMakeFiles/Cube_LED.elf.dir/Drivers/STM32F1xx_HAL_Driver/Src/stm32f1xx_hal_pwr.c.obj
 .data          0x00000000        0x0 CMakeFiles/Cube_LED.elf.dir/Drivers/STM32F1xx_HAL_Driver/Src/stm32f1xx_hal_pwr.c.obj
 .bss           0x00000000        0x0 CMakeFiles/Cube_LED.elf.dir/Drivers/STM32F1xx_HAL_Driver/Src/stm32f1xx_hal_pwr.c.obj
 .text.PWR_OverloadWfe
                0x00000000        0x6 CMakeFiles/Cube_LED.elf.dir/Drivers/STM32F1xx_HAL_Driver/Src/stm32f1xx_hal_pwr.c.obj
 .text.HAL_PWR_DeInit
                0x00000000       0x18 CMakeFiles/Cube_LED.elf.dir/Drivers/STM32F1xx_HAL_Driver/Src/stm32f1xx_hal_pwr.c.obj
 .text.HAL_PWR_EnableBkUpAccess
                0x00000000        0xc CMakeFiles/Cube_LED.elf.dir/Drivers/STM32F1xx_HAL_Driver/Src/stm32f1xx_hal_pwr.c.obj
 .text.HAL_PWR_DisableBkUpAccess
                0x00000000        0xc CMakeFiles/Cube_LED.elf.dir/Drivers/STM32F1xx_HAL_Driver/Src/stm32f1xx_hal_pwr.c.obj
 .text.HAL_PWR_ConfigPVD
                0x00000000       0x84 CMakeFiles/Cube_LED.elf.dir/Drivers/STM32F1xx_HAL_Driver/Src/stm32f1xx_hal_pwr.c.obj
 .text.HAL_PWR_EnablePVD
                0x00000000        0xc CMakeFiles/Cube_LED.elf.dir/Drivers/STM32F1xx_HAL_Driver/Src/stm32f1xx_hal_pwr.c.obj
 .text.HAL_PWR_DisablePVD
                0x00000000        0xc CMakeFiles/Cube_LED.elf.dir/Drivers/STM32F1xx_HAL_Driver/Src/stm32f1xx_hal_pwr.c.obj
 .text.HAL_PWR_EnableWakeUpPin
                0x00000000       0x18 CMakeFiles/Cube_LED.elf.dir/Drivers/STM32F1xx_HAL_Driver/Src/stm32f1xx_hal_pwr.c.obj
 .text.HAL_PWR_DisableWakeUpPin
                0x00000000       0x18 CMakeFiles/Cube_LED.elf.dir/Drivers/STM32F1xx_HAL_Driver/Src/stm32f1xx_hal_pwr.c.obj
 .text.HAL_PWR_EnterSLEEPMode
                0x00000000       0x20 CMakeFiles/Cube_LED.elf.dir/Drivers/STM32F1xx_HAL_Driver/Src/stm32f1xx_hal_pwr.c.obj
 .text.HAL_PWR_EnterSTOPMode
                0x00000000       0x48 CMakeFiles/Cube_LED.elf.dir/Drivers/STM32F1xx_HAL_Driver/Src/stm32f1xx_hal_pwr.c.obj
 .text.HAL_PWR_EnterSTANDBYMode
                0x00000000       0x20 CMakeFiles/Cube_LED.elf.dir/Drivers/STM32F1xx_HAL_Driver/Src/stm32f1xx_hal_pwr.c.obj
 .text.HAL_PWR_EnableSleepOnExit
                0x00000000       0x10 CMakeFiles/Cube_LED.elf.dir/Drivers/STM32F1xx_HAL_Driver/Src/stm32f1xx_hal_pwr.c.obj
 .text.HAL_PWR_DisableSleepOnExit
                0x00000000       0x10 CMakeFiles/Cube_LED.elf.dir/Drivers/STM32F1xx_HAL_Driver/Src/stm32f1xx_hal_pwr.c.obj
 .text.HAL_PWR_EnableSEVOnPend
                0x00000000       0x10 CMakeFiles/Cube_LED.elf.dir/Drivers/STM32F1xx_HAL_Driver/Src/stm32f1xx_hal_pwr.c.obj
 .text.HAL_PWR_DisableSEVOnPend
                0x00000000       0x10 CMakeFiles/Cube_LED.elf.dir/Drivers/STM32F1xx_HAL_Driver/Src/stm32f1xx_hal_pwr.c.obj
 .text.HAL_PWR_PVDCallback
                0x00000000        0x2 CMakeFiles/Cube_LED.elf.dir/Drivers/STM32F1xx_HAL_Driver/Src/stm32f1xx_hal_pwr.c.obj
 .text.HAL_PWR_PVD_IRQHandler
                0x00000000       0x20 CMakeFiles/Cube_LED.elf.dir/Drivers/STM32F1xx_HAL_Driver/Src/stm32f1xx_hal_pwr.c.obj
 .debug_info    0x00000000      0x66f CMakeFiles/Cube_LED.elf.dir/Drivers/STM32F1xx_HAL_Driver/Src/stm32f1xx_hal_pwr.c.obj
 .debug_abbrev  0x00000000      0x1e9 CMakeFiles/Cube_LED.elf.dir/Drivers/STM32F1xx_HAL_Driver/Src/stm32f1xx_hal_pwr.c.obj
 .debug_loclists
                0x00000000       0xd0 CMakeFiles/Cube_LED.elf.dir/Drivers/STM32F1xx_HAL_Driver/Src/stm32f1xx_hal_pwr.c.obj
 .debug_aranges
                0x00000000       0xa8 CMakeFiles/Cube_LED.elf.dir/Drivers/STM32F1xx_HAL_Driver/Src/stm32f1xx_hal_pwr.c.obj
 .debug_rnglists
                0x00000000       0x7a CMakeFiles/Cube_LED.elf.dir/Drivers/STM32F1xx_HAL_Driver/Src/stm32f1xx_hal_pwr.c.obj
 .debug_line    0x00000000      0x49a CMakeFiles/Cube_LED.elf.dir/Drivers/STM32F1xx_HAL_Driver/Src/stm32f1xx_hal_pwr.c.obj
 .debug_str     0x00000000      0x4d1 CMakeFiles/Cube_LED.elf.dir/Drivers/STM32F1xx_HAL_Driver/Src/stm32f1xx_hal_pwr.c.obj
 .comment       0x00000000       0x58 CMakeFiles/Cube_LED.elf.dir/Drivers/STM32F1xx_HAL_Driver/Src/stm32f1xx_hal_pwr.c.obj
 .debug_frame   0x00000000      0x140 CMakeFiles/Cube_LED.elf.dir/Drivers/STM32F1xx_HAL_Driver/Src/stm32f1xx_hal_pwr.c.obj
 .ARM.attributes
                0x00000000       0x2d CMakeFiles/Cube_LED.elf.dir/Drivers/STM32F1xx_HAL_Driver/Src/stm32f1xx_hal_pwr.c.obj
 .text          0x00000000        0x0 CMakeFiles/Cube_LED.elf.dir/Drivers/STM32F1xx_HAL_Driver/Src/stm32f1xx_hal_rcc.c.obj
 .data          0x00000000        0x0 CMakeFiles/Cube_LED.elf.dir/Drivers/STM32F1xx_HAL_Driver/Src/stm32f1xx_hal_rcc.c.obj
 .bss           0x00000000        0x0 CMakeFiles/Cube_LED.elf.dir/Drivers/STM32F1xx_HAL_Driver/Src/stm32f1xx_hal_rcc.c.obj
 .text.HAL_RCC_DeInit
                0x00000000       0xf4 CMakeFiles/Cube_LED.elf.dir/Drivers/STM32F1xx_HAL_Driver/Src/stm32f1xx_hal_rcc.c.obj
 .text.HAL_RCC_MCOConfig
                0x00000000       0x50 CMakeFiles/Cube_LED.elf.dir/Drivers/STM32F1xx_HAL_Driver/Src/stm32f1xx_hal_rcc.c.obj
 .text.HAL_RCC_EnableCSS
                0x00000000        0xc CMakeFiles/Cube_LED.elf.dir/Drivers/STM32F1xx_HAL_Driver/Src/stm32f1xx_hal_rcc.c.obj
 .text.HAL_RCC_DisableCSS
                0x00000000        0xc CMakeFiles/Cube_LED.elf.dir/Drivers/STM32F1xx_HAL_Driver/Src/stm32f1xx_hal_rcc.c.obj
 .text.HAL_RCC_GetHCLKFreq
                0x00000000        0xc CMakeFiles/Cube_LED.elf.dir/Drivers/STM32F1xx_HAL_Driver/Src/stm32f1xx_hal_rcc.c.obj
 .text.HAL_RCC_GetPCLK1Freq
                0x00000000       0x20 CMakeFiles/Cube_LED.elf.dir/Drivers/STM32F1xx_HAL_Driver/Src/stm32f1xx_hal_rcc.c.obj
 .text.HAL_RCC_GetPCLK2Freq
                0x00000000       0x20 CMakeFiles/Cube_LED.elf.dir/Drivers/STM32F1xx_HAL_Driver/Src/stm32f1xx_hal_rcc.c.obj
 .text.HAL_RCC_GetOscConfig
                0x00000000       0xb4 CMakeFiles/Cube_LED.elf.dir/Drivers/STM32F1xx_HAL_Driver/Src/stm32f1xx_hal_rcc.c.obj
 .text.HAL_RCC_GetClockConfig
                0x00000000       0x3c CMakeFiles/Cube_LED.elf.dir/Drivers/STM32F1xx_HAL_Driver/Src/stm32f1xx_hal_rcc.c.obj
 .text.HAL_RCC_CSSCallback
                0x00000000        0x2 CMakeFiles/Cube_LED.elf.dir/Drivers/STM32F1xx_HAL_Driver/Src/stm32f1xx_hal_rcc.c.obj
 .text.HAL_RCC_NMI_IRQHandler
                0x00000000       0x20 CMakeFiles/Cube_LED.elf.dir/Drivers/STM32F1xx_HAL_Driver/Src/stm32f1xx_hal_rcc.c.obj
 .text          0x00000000        0x0 CMakeFiles/Cube_LED.elf.dir/Drivers/STM32F1xx_HAL_Driver/Src/stm32f1xx_hal_rcc_ex.c.obj
 .data          0x00000000        0x0 CMakeFiles/Cube_LED.elf.dir/Drivers/STM32F1xx_HAL_Driver/Src/stm32f1xx_hal_rcc_ex.c.obj
 .bss           0x00000000        0x0 CMakeFiles/Cube_LED.elf.dir/Drivers/STM32F1xx_HAL_Driver/Src/stm32f1xx_hal_rcc_ex.c.obj
 .text.HAL_RCCEx_PeriphCLKConfig
                0x00000000      0x118 CMakeFiles/Cube_LED.elf.dir/Drivers/STM32F1xx_HAL_Driver/Src/stm32f1xx_hal_rcc_ex.c.obj
 .text.HAL_RCCEx_GetPeriphCLKConfig
                0x00000000       0x2c CMakeFiles/Cube_LED.elf.dir/Drivers/STM32F1xx_HAL_Driver/Src/stm32f1xx_hal_rcc_ex.c.obj
 .rodata.HAL_RCCEx_GetPeriphCLKFreq.str1.4
                0x00000000       0x11 CMakeFiles/Cube_LED.elf.dir/Drivers/STM32F1xx_HAL_Driver/Src/stm32f1xx_hal_rcc_ex.c.obj
 .text.HAL_RCCEx_GetPeriphCLKFreq
                0x00000000      0x100 CMakeFiles/Cube_LED.elf.dir/Drivers/STM32F1xx_HAL_Driver/Src/stm32f1xx_hal_rcc_ex.c.obj
 .debug_info    0x00000000      0x41a CMakeFiles/Cube_LED.elf.dir/Drivers/STM32F1xx_HAL_Driver/Src/stm32f1xx_hal_rcc_ex.c.obj
 .debug_abbrev  0x00000000      0x1d8 CMakeFiles/Cube_LED.elf.dir/Drivers/STM32F1xx_HAL_Driver/Src/stm32f1xx_hal_rcc_ex.c.obj
 .debug_loclists
                0x00000000      0x273 CMakeFiles/Cube_LED.elf.dir/Drivers/STM32F1xx_HAL_Driver/Src/stm32f1xx_hal_rcc_ex.c.obj
 .debug_aranges
                0x00000000       0x30 CMakeFiles/Cube_LED.elf.dir/Drivers/STM32F1xx_HAL_Driver/Src/stm32f1xx_hal_rcc_ex.c.obj
 .debug_rnglists
                0x00000000       0x2f CMakeFiles/Cube_LED.elf.dir/Drivers/STM32F1xx_HAL_Driver/Src/stm32f1xx_hal_rcc_ex.c.obj
 .debug_line    0x00000000      0x4ac CMakeFiles/Cube_LED.elf.dir/Drivers/STM32F1xx_HAL_Driver/Src/stm32f1xx_hal_rcc_ex.c.obj
 .debug_str     0x00000000      0x409 CMakeFiles/Cube_LED.elf.dir/Drivers/STM32F1xx_HAL_Driver/Src/stm32f1xx_hal_rcc_ex.c.obj
 .comment       0x00000000       0x58 CMakeFiles/Cube_LED.elf.dir/Drivers/STM32F1xx_HAL_Driver/Src/stm32f1xx_hal_rcc_ex.c.obj
 .debug_frame   0x00000000       0x64 CMakeFiles/Cube_LED.elf.dir/Drivers/STM32F1xx_HAL_Driver/Src/stm32f1xx_hal_rcc_ex.c.obj
 .ARM.attributes
                0x00000000       0x2d CMakeFiles/Cube_LED.elf.dir/Drivers/STM32F1xx_HAL_Driver/Src/stm32f1xx_hal_rcc_ex.c.obj
 .text          0x00000000        0x0 CMakeFiles/Cube_LED.elf.dir/Drivers/STM32F1xx_HAL_Driver/Src/stm32f1xx_hal_tim.c.obj
 .data          0x00000000        0x0 CMakeFiles/Cube_LED.elf.dir/Drivers/STM32F1xx_HAL_Driver/Src/stm32f1xx_hal_tim.c.obj
 .bss           0x00000000        0x0 CMakeFiles/Cube_LED.elf.dir/Drivers/STM32F1xx_HAL_Driver/Src/stm32f1xx_hal_tim.c.obj
 .debug_info    0x00000000       0x6c CMakeFiles/Cube_LED.elf.dir/Drivers/STM32F1xx_HAL_Driver/Src/stm32f1xx_hal_tim.c.obj
 .debug_abbrev  0x00000000       0x26 CMakeFiles/Cube_LED.elf.dir/Drivers/STM32F1xx_HAL_Driver/Src/stm32f1xx_hal_tim.c.obj
 .debug_aranges
                0x00000000       0x18 CMakeFiles/Cube_LED.elf.dir/Drivers/STM32F1xx_HAL_Driver/Src/stm32f1xx_hal_tim.c.obj
 .debug_line    0x00000000       0x1d CMakeFiles/Cube_LED.elf.dir/Drivers/STM32F1xx_HAL_Driver/Src/stm32f1xx_hal_tim.c.obj
 .debug_str     0x00000000      0x1d9 CMakeFiles/Cube_LED.elf.dir/Drivers/STM32F1xx_HAL_Driver/Src/stm32f1xx_hal_tim.c.obj
 .comment       0x00000000       0x58 CMakeFiles/Cube_LED.elf.dir/Drivers/STM32F1xx_HAL_Driver/Src/stm32f1xx_hal_tim.c.obj
 .ARM.attributes
                0x00000000       0x2d CMakeFiles/Cube_LED.elf.dir/Drivers/STM32F1xx_HAL_Driver/Src/stm32f1xx_hal_tim.c.obj
 .text          0x00000000        0x0 CMakeFiles/Cube_LED.elf.dir/Drivers/STM32F1xx_HAL_Driver/Src/stm32f1xx_hal_tim_ex.c.obj
 .data          0x00000000        0x0 CMakeFiles/Cube_LED.elf.dir/Drivers/STM32F1xx_HAL_Driver/Src/stm32f1xx_hal_tim_ex.c.obj
 .bss           0x00000000        0x0 CMakeFiles/Cube_LED.elf.dir/Drivers/STM32F1xx_HAL_Driver/Src/stm32f1xx_hal_tim_ex.c.obj
 .debug_info    0x00000000       0x6c CMakeFiles/Cube_LED.elf.dir/Drivers/STM32F1xx_HAL_Driver/Src/stm32f1xx_hal_tim_ex.c.obj
 .debug_abbrev  0x00000000       0x26 CMakeFiles/Cube_LED.elf.dir/Drivers/STM32F1xx_HAL_Driver/Src/stm32f1xx_hal_tim_ex.c.obj
 .debug_aranges
                0x00000000       0x18 CMakeFiles/Cube_LED.elf.dir/Drivers/STM32F1xx_HAL_Driver/Src/stm32f1xx_hal_tim_ex.c.obj
 .debug_line    0x00000000       0x1d CMakeFiles/Cube_LED.elf.dir/Drivers/STM32F1xx_HAL_Driver/Src/stm32f1xx_hal_tim_ex.c.obj
 .debug_str     0x00000000      0x1dc CMakeFiles/Cube_LED.elf.dir/Drivers/STM32F1xx_HAL_Driver/Src/stm32f1xx_hal_tim_ex.c.obj
 .comment       0x00000000       0x58 CMakeFiles/Cube_LED.elf.dir/Drivers/STM32F1xx_HAL_Driver/Src/stm32f1xx_hal_tim_ex.c.obj
 .ARM.attributes
                0x00000000       0x2d CMakeFiles/Cube_LED.elf.dir/Drivers/STM32F1xx_HAL_Driver/Src/stm32f1xx_hal_tim_ex.c.obj
 .text          0x00000000        0x0 d:/code/arm-none-eabi/bin/../lib/gcc/arm-none-eabi/11.2.1/thumb/v7-m/nofp\libg.a(lib_a-errno.o)
 .data          0x00000000        0x0 d:/code/arm-none-eabi/bin/../lib/gcc/arm-none-eabi/11.2.1/thumb/v7-m/nofp\libg.a(lib_a-errno.o)
 .bss           0x00000000        0x0 d:/code/arm-none-eabi/bin/../lib/gcc/arm-none-eabi/11.2.1/thumb/v7-m/nofp\libg.a(lib_a-errno.o)
 .text.__errno  0x00000000        0xc d:/code/arm-none-eabi/bin/../lib/gcc/arm-none-eabi/11.2.1/thumb/v7-m/nofp\libg.a(lib_a-errno.o)
 .debug_info    0x00000000      0x8a9 d:/code/arm-none-eabi/bin/../lib/gcc/arm-none-eabi/11.2.1/thumb/v7-m/nofp\libg.a(lib_a-errno.o)
 .debug_abbrev  0x00000000      0x1ce d:/code/arm-none-eabi/bin/../lib/gcc/arm-none-eabi/11.2.1/thumb/v7-m/nofp\libg.a(lib_a-errno.o)
 .debug_aranges
                0x00000000       0x20 d:/code/arm-none-eabi/bin/../lib/gcc/arm-none-eabi/11.2.1/thumb/v7-m/nofp\libg.a(lib_a-errno.o)
 .debug_rnglists
                0x00000000       0x13 d:/code/arm-none-eabi/bin/../lib/gcc/arm-none-eabi/11.2.1/thumb/v7-m/nofp\libg.a(lib_a-errno.o)
 .debug_line    0x00000000      0x180 d:/code/arm-none-eabi/bin/../lib/gcc/arm-none-eabi/11.2.1/thumb/v7-m/nofp\libg.a(lib_a-errno.o)
 .debug_str     0x00000000      0x5ce d:/code/arm-none-eabi/bin/../lib/gcc/arm-none-eabi/11.2.1/thumb/v7-m/nofp\libg.a(lib_a-errno.o)
 .comment       0x00000000       0x58 d:/code/arm-none-eabi/bin/../lib/gcc/arm-none-eabi/11.2.1/thumb/v7-m/nofp\libg.a(lib_a-errno.o)
 .debug_frame   0x00000000       0x20 d:/code/arm-none-eabi/bin/../lib/gcc/arm-none-eabi/11.2.1/thumb/v7-m/nofp\libg.a(lib_a-errno.o)
 .ARM.attributes
                0x00000000       0x2d d:/code/arm-none-eabi/bin/../lib/gcc/arm-none-eabi/11.2.1/thumb/v7-m/nofp\libg.a(lib_a-errno.o)
 .text          0x00000000        0x0 d:/code/arm-none-eabi/bin/../lib/gcc/arm-none-eabi/11.2.1/thumb/v7-m/nofp\libg.a(lib_a-exit.o)
 .data          0x00000000        0x0 d:/code/arm-none-eabi/bin/../lib/gcc/arm-none-eabi/11.2.1/thumb/v7-m/nofp\libg.a(lib_a-exit.o)
 .bss           0x00000000        0x0 d:/code/arm-none-eabi/bin/../lib/gcc/arm-none-eabi/11.2.1/thumb/v7-m/nofp\libg.a(lib_a-exit.o)
 .text.exit     0x00000000       0x20 d:/code/arm-none-eabi/bin/../lib/gcc/arm-none-eabi/11.2.1/thumb/v7-m/nofp\libg.a(lib_a-exit.o)
 .debug_info    0x00000000      0x90c d:/code/arm-none-eabi/bin/../lib/gcc/arm-none-eabi/11.2.1/thumb/v7-m/nofp\libg.a(lib_a-exit.o)
 .debug_abbrev  0x00000000      0x22d d:/code/arm-none-eabi/bin/../lib/gcc/arm-none-eabi/11.2.1/thumb/v7-m/nofp\libg.a(lib_a-exit.o)
 .debug_loclists
                0x00000000       0x20 d:/code/arm-none-eabi/bin/../lib/gcc/arm-none-eabi/11.2.1/thumb/v7-m/nofp\libg.a(lib_a-exit.o)
 .debug_aranges
                0x00000000       0x20 d:/code/arm-none-eabi/bin/../lib/gcc/arm-none-eabi/11.2.1/thumb/v7-m/nofp\libg.a(lib_a-exit.o)
 .debug_rnglists
                0x00000000       0x13 d:/code/arm-none-eabi/bin/../lib/gcc/arm-none-eabi/11.2.1/thumb/v7-m/nofp\libg.a(lib_a-exit.o)
 .debug_line    0x00000000      0x20d d:/code/arm-none-eabi/bin/../lib/gcc/arm-none-eabi/11.2.1/thumb/v7-m/nofp\libg.a(lib_a-exit.o)
 .debug_str     0x00000000      0x5ef d:/code/arm-none-eabi/bin/../lib/gcc/arm-none-eabi/11.2.1/thumb/v7-m/nofp\libg.a(lib_a-exit.o)
 .comment       0x00000000       0x58 d:/code/arm-none-eabi/bin/../lib/gcc/arm-none-eabi/11.2.1/thumb/v7-m/nofp\libg.a(lib_a-exit.o)
 .debug_frame   0x00000000       0x28 d:/code/arm-none-eabi/bin/../lib/gcc/arm-none-eabi/11.2.1/thumb/v7-m/nofp\libg.a(lib_a-exit.o)
 .ARM.attributes
                0x00000000       0x2d d:/code/arm-none-eabi/bin/../lib/gcc/arm-none-eabi/11.2.1/thumb/v7-m/nofp\libg.a(lib_a-exit.o)
 .text          0x00000000        0x0 d:/code/arm-none-eabi/bin/../lib/gcc/arm-none-eabi/11.2.1/thumb/v7-m/nofp\libg.a(lib_a-impure.o)
 .data          0x00000000        0x0 d:/code/arm-none-eabi/bin/../lib/gcc/arm-none-eabi/11.2.1/thumb/v7-m/nofp\libg.a(lib_a-impure.o)
 .bss           0x00000000        0x0 d:/code/arm-none-eabi/bin/../lib/gcc/arm-none-eabi/11.2.1/thumb/v7-m/nofp\libg.a(lib_a-impure.o)
 .data._impure_ptr
                0x00000000        0x4 d:/code/arm-none-eabi/bin/../lib/gcc/arm-none-eabi/11.2.1/thumb/v7-m/nofp\libg.a(lib_a-impure.o)
 .data.impure_data
                0x00000000      0x428 d:/code/arm-none-eabi/bin/../lib/gcc/arm-none-eabi/11.2.1/thumb/v7-m/nofp\libg.a(lib_a-impure.o)
 .rodata._global_impure_ptr
                0x00000000        0x4 d:/code/arm-none-eabi/bin/../lib/gcc/arm-none-eabi/11.2.1/thumb/v7-m/nofp\libg.a(lib_a-impure.o)
 .debug_info    0x00000000      0x8be d:/code/arm-none-eabi/bin/../lib/gcc/arm-none-eabi/11.2.1/thumb/v7-m/nofp\libg.a(lib_a-impure.o)
 .debug_abbrev  0x00000000      0x1ca d:/code/arm-none-eabi/bin/../lib/gcc/arm-none-eabi/11.2.1/thumb/v7-m/nofp\libg.a(lib_a-impure.o)
 .debug_aranges
                0x00000000       0x18 d:/code/arm-none-eabi/bin/../lib/gcc/arm-none-eabi/11.2.1/thumb/v7-m/nofp\libg.a(lib_a-impure.o)
 .debug_line    0x00000000      0x15b d:/code/arm-none-eabi/bin/../lib/gcc/arm-none-eabi/11.2.1/thumb/v7-m/nofp\libg.a(lib_a-impure.o)
 .debug_str     0x00000000      0x5e6 d:/code/arm-none-eabi/bin/../lib/gcc/arm-none-eabi/11.2.1/thumb/v7-m/nofp\libg.a(lib_a-impure.o)
 .comment       0x00000000       0x58 d:/code/arm-none-eabi/bin/../lib/gcc/arm-none-eabi/11.2.1/thumb/v7-m/nofp\libg.a(lib_a-impure.o)
 .ARM.attributes
                0x00000000       0x2d d:/code/arm-none-eabi/bin/../lib/gcc/arm-none-eabi/11.2.1/thumb/v7-m/nofp\libg.a(lib_a-impure.o)
 .text          0x00000000        0x0 d:/code/arm-none-eabi/bin/../lib/gcc/arm-none-eabi/11.2.1/thumb/v7-m/nofp\libg.a(lib_a-init.o)
 .data          0x00000000        0x0 d:/code/arm-none-eabi/bin/../lib/gcc/arm-none-eabi/11.2.1/thumb/v7-m/nofp\libg.a(lib_a-init.o)
 .bss           0x00000000        0x0 d:/code/arm-none-eabi/bin/../lib/gcc/arm-none-eabi/11.2.1/thumb/v7-m/nofp\libg.a(lib_a-init.o)
 .text          0x00000000        0x0 d:/code/arm-none-eabi/bin/../lib/gcc/arm-none-eabi/11.2.1/thumb/v7-m/nofp\libg.a(lib_a-memset.o)
 .data          0x00000000        0x0 d:/code/arm-none-eabi/bin/../lib/gcc/arm-none-eabi/11.2.1/thumb/v7-m/nofp\libg.a(lib_a-memset.o)
 .bss           0x00000000        0x0 d:/code/arm-none-eabi/bin/../lib/gcc/arm-none-eabi/11.2.1/thumb/v7-m/nofp\libg.a(lib_a-memset.o)
 .text          0x00000000        0x0 d:/code/arm-none-eabi/bin/../lib/gcc/arm-none-eabi/11.2.1/thumb/v7-m/nofp\libg.a(lib_a-__call_atexit.o)
 .data          0x00000000        0x0 d:/code/arm-none-eabi/bin/../lib/gcc/arm-none-eabi/11.2.1/thumb/v7-m/nofp\libg.a(lib_a-__call_atexit.o)
 .bss           0x00000000        0x0 d:/code/arm-none-eabi/bin/../lib/gcc/arm-none-eabi/11.2.1/thumb/v7-m/nofp\libg.a(lib_a-__call_atexit.o)
 .text.__call_exitprocs
                0x00000000       0xb0 d:/code/arm-none-eabi/bin/../lib/gcc/arm-none-eabi/11.2.1/thumb/v7-m/nofp\libg.a(lib_a-__call_atexit.o)
 .debug_info    0x00000000      0x980 d:/code/arm-none-eabi/bin/../lib/gcc/arm-none-eabi/11.2.1/thumb/v7-m/nofp\libg.a(lib_a-__call_atexit.o)
 .debug_abbrev  0x00000000      0x255 d:/code/arm-none-eabi/bin/../lib/gcc/arm-none-eabi/11.2.1/thumb/v7-m/nofp\libg.a(lib_a-__call_atexit.o)
 .debug_loclists
                0x00000000      0x118 d:/code/arm-none-eabi/bin/../lib/gcc/arm-none-eabi/11.2.1/thumb/v7-m/nofp\libg.a(lib_a-__call_atexit.o)
 .debug_aranges
                0x00000000       0x20 d:/code/arm-none-eabi/bin/../lib/gcc/arm-none-eabi/11.2.1/thumb/v7-m/nofp\libg.a(lib_a-__call_atexit.o)
 .debug_rnglists
                0x00000000       0x2f d:/code/arm-none-eabi/bin/../lib/gcc/arm-none-eabi/11.2.1/thumb/v7-m/nofp\libg.a(lib_a-__call_atexit.o)
 .debug_line    0x00000000      0x2a2 d:/code/arm-none-eabi/bin/../lib/gcc/arm-none-eabi/11.2.1/thumb/v7-m/nofp\libg.a(lib_a-__call_atexit.o)
 .debug_str     0x00000000      0x619 d:/code/arm-none-eabi/bin/../lib/gcc/arm-none-eabi/11.2.1/thumb/v7-m/nofp\libg.a(lib_a-__call_atexit.o)
 .comment       0x00000000       0x58 d:/code/arm-none-eabi/bin/../lib/gcc/arm-none-eabi/11.2.1/thumb/v7-m/nofp\libg.a(lib_a-__call_atexit.o)
 .debug_frame   0x00000000       0x40 d:/code/arm-none-eabi/bin/../lib/gcc/arm-none-eabi/11.2.1/thumb/v7-m/nofp\libg.a(lib_a-__call_atexit.o)
 .ARM.attributes
                0x00000000       0x2d d:/code/arm-none-eabi/bin/../lib/gcc/arm-none-eabi/11.2.1/thumb/v7-m/nofp\libg.a(lib_a-__call_atexit.o)
 .text          0x00000000        0x0 d:/code/arm-none-eabi/bin/../lib/gcc/arm-none-eabi/11.2.1/thumb/v7-m/nofp/crtend.o
 .data          0x00000000        0x0 d:/code/arm-none-eabi/bin/../lib/gcc/arm-none-eabi/11.2.1/thumb/v7-m/nofp/crtend.o
 .bss           0x00000000        0x0 d:/code/arm-none-eabi/bin/../lib/gcc/arm-none-eabi/11.2.1/thumb/v7-m/nofp/crtend.o
 .rodata.all_implied_fbits
                0x00000000       0x24 d:/code/arm-none-eabi/bin/../lib/gcc/arm-none-eabi/11.2.1/thumb/v7-m/nofp/crtend.o
 .eh_frame      0x00000000        0x4 d:/code/arm-none-eabi/bin/../lib/gcc/arm-none-eabi/11.2.1/thumb/v7-m/nofp/crtend.o
 .text          0x00000000        0x0 d:/code/arm-none-eabi/bin/../lib/gcc/arm-none-eabi/11.2.1/thumb/v7-m/nofp/crtn.o
 .data          0x00000000        0x0 d:/code/arm-none-eabi/bin/../lib/gcc/arm-none-eabi/11.2.1/thumb/v7-m/nofp/crtn.o
 .bss           0x00000000        0x0 d:/code/arm-none-eabi/bin/../lib/gcc/arm-none-eabi/11.2.1/thumb/v7-m/nofp/crtn.o

Memory Configuration

Name             Origin             Length             Attributes
RAM              0x20000000         0x00005000         xrw
FLASH            0x08000000         0x00010000         xr
*default*        0x00000000         0xffffffff

Linker script and memory map

LOAD d:/code/arm-none-eabi/bin/../lib/gcc/arm-none-eabi/11.2.1/thumb/v7-m/nofp/crti.o
LOAD d:/code/arm-none-eabi/bin/../lib/gcc/arm-none-eabi/11.2.1/thumb/v7-m/nofp/crtbegin.o
LOAD d:/code/arm-none-eabi/bin/../lib/gcc/arm-none-eabi/11.2.1/thumb/v7-m/nofp/crt0.o
LOAD CMakeFiles/Cube_LED.elf.dir/Core/Src/gpio.c.obj
LOAD CMakeFiles/Cube_LED.elf.dir/Core/Src/main.c.obj
LOAD CMakeFiles/Cube_LED.elf.dir/Core/Src/stm32f1xx_hal_msp.c.obj
LOAD CMakeFiles/Cube_LED.elf.dir/Core/Src/stm32f1xx_it.c.obj
LOAD CMakeFiles/Cube_LED.elf.dir/Core/Src/syscalls.c.obj
LOAD CMakeFiles/Cube_LED.elf.dir/Core/Src/sysmem.c.obj
LOAD CMakeFiles/Cube_LED.elf.dir/Core/Src/system_stm32f1xx.c.obj
LOAD CMakeFiles/Cube_LED.elf.dir/Core/Startup/startup_stm32f103c8tx.s.obj
LOAD CMakeFiles/Cube_LED.elf.dir/Drivers/STM32F1xx_HAL_Driver/Src/stm32f1xx_hal.c.obj
LOAD CMakeFiles/Cube_LED.elf.dir/Drivers/STM32F1xx_HAL_Driver/Src/stm32f1xx_hal_cortex.c.obj
LOAD CMakeFiles/Cube_LED.elf.dir/Drivers/STM32F1xx_HAL_Driver/Src/stm32f1xx_hal_dma.c.obj
LOAD CMakeFiles/Cube_LED.elf.dir/Drivers/STM32F1xx_HAL_Driver/Src/stm32f1xx_hal_exti.c.obj
LOAD CMakeFiles/Cube_LED.elf.dir/Drivers/STM32F1xx_HAL_Driver/Src/stm32f1xx_hal_flash.c.obj
LOAD CMakeFiles/Cube_LED.elf.dir/Drivers/STM32F1xx_HAL_Driver/Src/stm32f1xx_hal_flash_ex.c.obj
LOAD CMakeFiles/Cube_LED.elf.dir/Drivers/STM32F1xx_HAL_Driver/Src/stm32f1xx_hal_gpio.c.obj
LOAD CMakeFiles/Cube_LED.elf.dir/Drivers/STM32F1xx_HAL_Driver/Src/stm32f1xx_hal_gpio_ex.c.obj
LOAD CMakeFiles/Cube_LED.elf.dir/Drivers/STM32F1xx_HAL_Driver/Src/stm32f1xx_hal_pwr.c.obj
LOAD CMakeFiles/Cube_LED.elf.dir/Drivers/STM32F1xx_HAL_Driver/Src/stm32f1xx_hal_rcc.c.obj
LOAD CMakeFiles/Cube_LED.elf.dir/Drivers/STM32F1xx_HAL_Driver/Src/stm32f1xx_hal_rcc_ex.c.obj
LOAD CMakeFiles/Cube_LED.elf.dir/Drivers/STM32F1xx_HAL_Driver/Src/stm32f1xx_hal_tim.c.obj
LOAD CMakeFiles/Cube_LED.elf.dir/Drivers/STM32F1xx_HAL_Driver/Src/stm32f1xx_hal_tim_ex.c.obj
START GROUP
LOAD d:/code/arm-none-eabi/bin/../lib/gcc/arm-none-eabi/11.2.1/thumb/v7-m/nofp\libgcc.a
LOAD d:/code/arm-none-eabi/bin/../lib/gcc/arm-none-eabi/11.2.1/thumb/v7-m/nofp\libg.a
LOAD d:/code/arm-none-eabi/bin/../lib/gcc/arm-none-eabi/11.2.1/thumb/v7-m/nofp\libc.a
END GROUP
LOAD d:/code/arm-none-eabi/bin/../lib/gcc/arm-none-eabi/11.2.1/thumb/v7-m/nofp/crtend.o
LOAD d:/code/arm-none-eabi/bin/../lib/gcc/arm-none-eabi/11.2.1/thumb/v7-m/nofp/crtn.o
                0x20005000                _estack = (ORIGIN (RAM) + LENGTH (RAM))
                0x00000200                _Min_Heap_Size = 0x200
                0x00000400                _Min_Stack_Size = 0x400

.isr_vector     0x08000000      0x10c
                0x08000000                . = ALIGN (0x4)
 *(.isr_vector)
 .isr_vector    0x08000000      0x10c CMakeFiles/Cube_LED.elf.dir/Core/Startup/startup_stm32f103c8tx.s.obj
                0x08000000                g_pfnVectors
                0x0800010c                . = ALIGN (0x4)

.text           0x0800010c      0xcc0
                0x0800010c                . = ALIGN (0x4)
 *(.text)
 *(.text*)
 .text.deregister_tm_clones
                0x0800010c       0x1c d:/code/arm-none-eabi/bin/../lib/gcc/arm-none-eabi/11.2.1/thumb/v7-m/nofp/crtbegin.o
 .text.register_tm_clones
                0x08000128       0x24 d:/code/arm-none-eabi/bin/../lib/gcc/arm-none-eabi/11.2.1/thumb/v7-m/nofp/crtbegin.o
 .text.__do_global_dtors_aux
                0x0800014c       0x28 d:/code/arm-none-eabi/bin/../lib/gcc/arm-none-eabi/11.2.1/thumb/v7-m/nofp/crtbegin.o
 .text.frame_dummy
                0x08000174       0x24 d:/code/arm-none-eabi/bin/../lib/gcc/arm-none-eabi/11.2.1/thumb/v7-m/nofp/crtbegin.o
 .text.MX_GPIO_Init
                0x08000198       0x74 CMakeFiles/Cube_LED.elf.dir/Core/Src/gpio.c.obj
                0x08000198                MX_GPIO_Init
 .text.Error_Handler
                0x0800020c        0x4 CMakeFiles/Cube_LED.elf.dir/Core/Src/main.c.obj
                0x0800020c                Error_Handler
 .text.SystemClock_Config
                0x08000210       0x64 CMakeFiles/Cube_LED.elf.dir/Core/Src/main.c.obj
                0x08000210                SystemClock_Config
 .text.main     0x08000274       0x10 CMakeFiles/Cube_LED.elf.dir/Core/Src/main.c.obj
                0x08000274                main
 .text.HAL_MspInit
                0x08000284       0x44 CMakeFiles/Cube_LED.elf.dir/Core/Src/stm32f1xx_hal_msp.c.obj
                0x08000284                HAL_MspInit
 .text.NMI_Handler
                0x080002c8        0x2 CMakeFiles/Cube_LED.elf.dir/Core/Src/stm32f1xx_it.c.obj
                0x080002c8                NMI_Handler
 .text.HardFault_Handler
                0x080002ca        0x2 CMakeFiles/Cube_LED.elf.dir/Core/Src/stm32f1xx_it.c.obj
                0x080002ca                HardFault_Handler
 .text.MemManage_Handler
                0x080002cc        0x2 CMakeFiles/Cube_LED.elf.dir/Core/Src/stm32f1xx_it.c.obj
                0x080002cc                MemManage_Handler
 .text.BusFault_Handler
                0x080002ce        0x2 CMakeFiles/Cube_LED.elf.dir/Core/Src/stm32f1xx_it.c.obj
                0x080002ce                BusFault_Handler
 .text.UsageFault_Handler
                0x080002d0        0x2 CMakeFiles/Cube_LED.elf.dir/Core/Src/stm32f1xx_it.c.obj
                0x080002d0                UsageFault_Handler
 .text.SVC_Handler
                0x080002d2        0x2 CMakeFiles/Cube_LED.elf.dir/Core/Src/stm32f1xx_it.c.obj
                0x080002d2                SVC_Handler
 .text.DebugMon_Handler
                0x080002d4        0x2 CMakeFiles/Cube_LED.elf.dir/Core/Src/stm32f1xx_it.c.obj
                0x080002d4                DebugMon_Handler
 .text.PendSV_Handler
                0x080002d6        0x2 CMakeFiles/Cube_LED.elf.dir/Core/Src/stm32f1xx_it.c.obj
                0x080002d6                PendSV_Handler
 .text.SysTick_Handler
                0x080002d8        0x8 CMakeFiles/Cube_LED.elf.dir/Core/Src/stm32f1xx_it.c.obj
                0x080002d8                SysTick_Handler
 .text.SystemInit
                0x080002e0        0x2 CMakeFiles/Cube_LED.elf.dir/Core/Src/system_stm32f1xx.c.obj
                0x080002e0                SystemInit
 *fill*         0x080002e2        0x2 
 .text.Reset_Handler
                0x080002e4       0x48 CMakeFiles/Cube_LED.elf.dir/Core/Startup/startup_stm32f103c8tx.s.obj
                0x080002e4                Reset_Handler
 .text.Default_Handler
                0x0800032c        0x2 CMakeFiles/Cube_LED.elf.dir/Core/Startup/startup_stm32f103c8tx.s.obj
                0x0800032c                RTC_Alarm_IRQHandler
                0x0800032c                EXTI2_IRQHandler
                0x0800032c                TIM1_CC_IRQHandler
                0x0800032c                PVD_IRQHandler
                0x0800032c                EXTI3_IRQHandler
                0x0800032c                EXTI0_IRQHandler
                0x0800032c                I2C2_EV_IRQHandler
                0x0800032c                ADC1_2_IRQHandler
                0x0800032c                SPI1_IRQHandler
                0x0800032c                TAMPER_IRQHandler
                0x0800032c                DMA1_Channel4_IRQHandler
                0x0800032c                USART3_IRQHandler
                0x0800032c                RTC_IRQHandler
                0x0800032c                DMA1_Channel7_IRQHandler
                0x0800032c                CAN1_RX1_IRQHandler
                0x0800032c                TIM4_IRQHandler
                0x0800032c                I2C1_EV_IRQHandler
                0x0800032c                DMA1_Channel6_IRQHandler
                0x0800032c                TIM3_IRQHandler
                0x0800032c                RCC_IRQHandler
                0x0800032c                TIM1_TRG_COM_IRQHandler
                0x0800032c                DMA1_Channel1_IRQHandler
                0x0800032c                Default_Handler
                0x0800032c                EXTI15_10_IRQHandler
                0x0800032c                EXTI9_5_IRQHandler
                0x0800032c                SPI2_IRQHandler
                0x0800032c                DMA1_Channel5_IRQHandler
                0x0800032c                EXTI4_IRQHandler
                0x0800032c                USB_LP_CAN1_RX0_IRQHandler
                0x0800032c                USB_HP_CAN1_TX_IRQHandler
                0x0800032c                DMA1_Channel3_IRQHandler
                0x0800032c                TIM1_UP_IRQHandler
                0x0800032c                WWDG_IRQHandler
                0x0800032c                TIM2_IRQHandler
                0x0800032c                TIM1_BRK_IRQHandler
                0x0800032c                EXTI1_IRQHandler
                0x0800032c                USART2_IRQHandler
                0x0800032c                I2C2_ER_IRQHandler
                0x0800032c                DMA1_Channel2_IRQHandler
                0x0800032c                CAN1_SCE_IRQHandler
                0x0800032c                FLASH_IRQHandler
                0x0800032c                USART1_IRQHandler
                0x0800032c                I2C1_ER_IRQHandler
                0x0800032c                USBWakeUp_IRQHandler
 *fill*         0x0800032e        0x2 
 .text.HAL_InitTick
                0x08000330       0x4c CMakeFiles/Cube_LED.elf.dir/Drivers/STM32F1xx_HAL_Driver/Src/stm32f1xx_hal.c.obj
                0x08000330                HAL_InitTick
 .text.HAL_Init
                0x0800037c       0x24 CMakeFiles/Cube_LED.elf.dir/Drivers/STM32F1xx_HAL_Driver/Src/stm32f1xx_hal.c.obj
                0x0800037c                HAL_Init
 .text.HAL_IncTick
                0x080003a0       0x18 CMakeFiles/Cube_LED.elf.dir/Drivers/STM32F1xx_HAL_Driver/Src/stm32f1xx_hal.c.obj
                0x080003a0                HAL_IncTick
 .text.HAL_GetTick
                0x080003b8        0xc CMakeFiles/Cube_LED.elf.dir/Drivers/STM32F1xx_HAL_Driver/Src/stm32f1xx_hal.c.obj
                0x080003b8                HAL_GetTick
 .text.HAL_NVIC_SetPriorityGrouping
                0x080003c4       0x24 CMakeFiles/Cube_LED.elf.dir/Drivers/STM32F1xx_HAL_Driver/Src/stm32f1xx_hal_cortex.c.obj
                0x080003c4                HAL_NVIC_SetPriorityGrouping
 .text.HAL_NVIC_SetPriority
                0x080003e8       0x70 CMakeFiles/Cube_LED.elf.dir/Drivers/STM32F1xx_HAL_Driver/Src/stm32f1xx_hal_cortex.c.obj
                0x080003e8                HAL_NVIC_SetPriority
 .text.HAL_SYSTICK_Config
                0x08000458       0x28 CMakeFiles/Cube_LED.elf.dir/Drivers/STM32F1xx_HAL_Driver/Src/stm32f1xx_hal_cortex.c.obj
                0x08000458                HAL_SYSTICK_Config
 .text.HAL_GPIO_Init
                0x08000480      0x224 CMakeFiles/Cube_LED.elf.dir/Drivers/STM32F1xx_HAL_Driver/Src/stm32f1xx_hal_gpio.c.obj
                0x08000480                HAL_GPIO_Init
 .text.HAL_GPIO_WritePin
                0x080006a4        0xc CMakeFiles/Cube_LED.elf.dir/Drivers/STM32F1xx_HAL_Driver/Src/stm32f1xx_hal_gpio.c.obj
                0x080006a4                HAL_GPIO_WritePin
 .text.RCC_Delay
                0x080006b0       0x2c CMakeFiles/Cube_LED.elf.dir/Drivers/STM32F1xx_HAL_Driver/Src/stm32f1xx_hal_rcc.c.obj
 .text.HAL_RCC_OscConfig
                0x080006dc      0x410 CMakeFiles/Cube_LED.elf.dir/Drivers/STM32F1xx_HAL_Driver/Src/stm32f1xx_hal_rcc.c.obj
                0x080006dc                HAL_RCC_OscConfig
 .text.HAL_RCC_GetSysClockFreq
                0x08000aec       0x70 CMakeFiles/Cube_LED.elf.dir/Drivers/STM32F1xx_HAL_Driver/Src/stm32f1xx_hal_rcc.c.obj
                0x08000aec                HAL_RCC_GetSysClockFreq
 .text.HAL_RCC_ClockConfig
                0x08000b5c      0x16c CMakeFiles/Cube_LED.elf.dir/Drivers/STM32F1xx_HAL_Driver/Src/stm32f1xx_hal_rcc.c.obj
                0x08000b5c                HAL_RCC_ClockConfig
 .text.__libc_init_array
                0x08000cc8       0x48 d:/code/arm-none-eabi/bin/../lib/gcc/arm-none-eabi/11.2.1/thumb/v7-m/nofp\libg.a(lib_a-init.o)
                0x08000cc8                __libc_init_array
 .text.memset   0x08000d10       0xa4 d:/code/arm-none-eabi/bin/../lib/gcc/arm-none-eabi/11.2.1/thumb/v7-m/nofp\libg.a(lib_a-memset.o)
                0x08000d10                memset
 *(.glue_7)
 .glue_7        0x08000db4        0x0 linker stubs
 *(.glue_7t)
 .glue_7t       0x08000db4        0x0 linker stubs
 *(.eh_frame)
 .eh_frame      0x08000db4        0x0 d:/code/arm-none-eabi/bin/../lib/gcc/arm-none-eabi/11.2.1/thumb/v7-m/nofp/crtbegin.o
 *(.init)
 .init          0x08000db4        0x4 d:/code/arm-none-eabi/bin/../lib/gcc/arm-none-eabi/11.2.1/thumb/v7-m/nofp/crti.o
                0x08000db4                _init
 .init          0x08000db8        0x8 d:/code/arm-none-eabi/bin/../lib/gcc/arm-none-eabi/11.2.1/thumb/v7-m/nofp/crtn.o
 *(.fini)
 .fini          0x08000dc0        0x4 d:/code/arm-none-eabi/bin/../lib/gcc/arm-none-eabi/11.2.1/thumb/v7-m/nofp/crti.o
                0x08000dc0                _fini
 .fini          0x08000dc4        0x8 d:/code/arm-none-eabi/bin/../lib/gcc/arm-none-eabi/11.2.1/thumb/v7-m/nofp/crtn.o
                0x08000dcc                . = ALIGN (0x4)
                0x08000dcc                _etext = .

.vfp11_veneer   0x08000dcc        0x0
 .vfp11_veneer  0x08000dcc        0x0 linker stubs

.v4_bx          0x08000dcc        0x0
 .v4_bx         0x08000dcc        0x0 linker stubs

.iplt           0x08000dcc        0x0
 .iplt          0x08000dcc        0x0 d:/code/arm-none-eabi/bin/../lib/gcc/arm-none-eabi/11.2.1/thumb/v7-m/nofp/crtbegin.o

.rodata         0x08000dcc       0x24
                0x08000dcc                . = ALIGN (0x4)
 *(.rodata)
 *(.rodata*)
 .rodata.AHBPrescTable
                0x08000dcc       0x10 CMakeFiles/Cube_LED.elf.dir/Core/Src/system_stm32f1xx.c.obj
                0x08000dcc                AHBPrescTable
 .rodata.HAL_RCC_GetSysClockFreq.str1.4
                0x08000ddc       0x11 CMakeFiles/Cube_LED.elf.dir/Drivers/STM32F1xx_HAL_Driver/Src/stm32f1xx_hal_rcc.c.obj
                0x08000df0                . = ALIGN (0x4)
 *fill*         0x08000ded        0x3 

.rel.dyn        0x08000df0        0x0
 .rel.iplt      0x08000df0        0x0 d:/code/arm-none-eabi/bin/../lib/gcc/arm-none-eabi/11.2.1/thumb/v7-m/nofp/crtbegin.o

.ARM.extab      0x08000df0        0x0
                0x08000df0                . = ALIGN (0x4)
 *(.ARM.extab* .gnu.linkonce.armextab.*)
                0x08000df0                . = ALIGN (0x4)

.ARM            0x08000df0        0x0
                0x08000df0                . = ALIGN (0x4)
                0x08000df0                __exidx_start = .
 *(.ARM.exidx*)
                0x08000df0                __exidx_end = .
                0x08000df0                . = ALIGN (0x4)

.preinit_array  0x08000df0        0x0
                0x08000df0                . = ALIGN (0x4)
                0x08000df0                PROVIDE (__preinit_array_start = .)
 *(.preinit_array*)
                0x08000df0                PROVIDE (__preinit_array_end = .)
                0x08000df0                . = ALIGN (0x4)

.init_array     0x08000df0        0x4
                0x08000df0                . = ALIGN (0x4)
                0x08000df0                PROVIDE (__init_array_start = .)
 *(SORT_BY_NAME(.init_array.*))
 *(.init_array*)
 .init_array    0x08000df0        0x4 d:/code/arm-none-eabi/bin/../lib/gcc/arm-none-eabi/11.2.1/thumb/v7-m/nofp/crtbegin.o
                0x08000df4                PROVIDE (__init_array_end = .)
                0x08000df4                . = ALIGN (0x4)

.fini_array     0x08000df4        0x4
                0x08000df4                . = ALIGN (0x4)
                [!provide]                PROVIDE (__fini_array_start = .)
 *(SORT_BY_NAME(.fini_array.*))
 *(.fini_array*)
 .fini_array    0x08000df4        0x4 d:/code/arm-none-eabi/bin/../lib/gcc/arm-none-eabi/11.2.1/thumb/v7-m/nofp/crtbegin.o
                [!provide]                PROVIDE (__fini_array_end = .)
                0x08000df8                . = ALIGN (0x4)
                0x08000df8                _sidata = LOADADDR (.data)

.data           0x20000000        0xc load address 0x08000df8
                0x20000000                . = ALIGN (0x4)
                0x20000000                _sdata = .
 *(.data)
 *(.data*)
 .data.SystemCoreClock
                0x20000000        0x4 CMakeFiles/Cube_LED.elf.dir/Core/Src/system_stm32f1xx.c.obj
                0x20000000                SystemCoreClock
 .data.uwTickFreq
                0x20000004        0x1 CMakeFiles/Cube_LED.elf.dir/Drivers/STM32F1xx_HAL_Driver/Src/stm32f1xx_hal.c.obj
                0x20000004                uwTickFreq
 *fill*         0x20000005        0x3 
 .data.uwTickPrio
                0x20000008        0x4 CMakeFiles/Cube_LED.elf.dir/Drivers/STM32F1xx_HAL_Driver/Src/stm32f1xx_hal.c.obj
                0x20000008                uwTickPrio
 *(.RamFunc)
 *(.RamFunc*)
                0x2000000c                . = ALIGN (0x4)
                0x2000000c                _edata = .

.tm_clone_table
                0x2000000c        0x0 load address 0x08000e04
 .tm_clone_table
                0x2000000c        0x0 d:/code/arm-none-eabi/bin/../lib/gcc/arm-none-eabi/11.2.1/thumb/v7-m/nofp/crtbegin.o
 .tm_clone_table
                0x2000000c        0x0 d:/code/arm-none-eabi/bin/../lib/gcc/arm-none-eabi/11.2.1/thumb/v7-m/nofp/crtend.o

.igot.plt       0x2000000c        0x0 load address 0x08000e04
 .igot.plt      0x2000000c        0x0 d:/code/arm-none-eabi/bin/../lib/gcc/arm-none-eabi/11.2.1/thumb/v7-m/nofp/crtbegin.o
                0x2000000c                . = ALIGN (0x4)

.bss            0x2000000c       0x20 load address 0x08000e04
                0x2000000c                _sbss = .
                0x2000000c                __bss_start__ = _sbss
 *(.bss)
 *(.bss*)
 .bss.completed.1
                0x2000000c        0x1 d:/code/arm-none-eabi/bin/../lib/gcc/arm-none-eabi/11.2.1/thumb/v7-m/nofp/crtbegin.o
 *fill*         0x2000000d        0x3 
 .bss.object.0  0x20000010       0x18 d:/code/arm-none-eabi/bin/../lib/gcc/arm-none-eabi/11.2.1/thumb/v7-m/nofp/crtbegin.o
 .bss.uwTick    0x20000028        0x4 CMakeFiles/Cube_LED.elf.dir/Drivers/STM32F1xx_HAL_Driver/Src/stm32f1xx_hal.c.obj
                0x20000028                uwTick
 *(COMMON)
                0x2000002c                . = ALIGN (0x4)
                0x2000002c                _ebss = .
                0x2000002c                __bss_end__ = _ebss

._user_heap_stack
                0x2000002c      0x604 load address 0x08000e04
                0x20000030                . = ALIGN (0x8)
 *fill*         0x2000002c        0x4 
                [!provide]                PROVIDE (end = .)
                0x20000030                PROVIDE (_end = .)
                0x20000230                . = (. + _Min_Heap_Size)
 *fill*         0x20000030      0x200 
                0x20000630                . = (. + _Min_Stack_Size)
 *fill*         0x20000230      0x400 
                0x20000630                . = ALIGN (0x8)

/DISCARD/
 libc.a(*)
 libm.a(*)
 libgcc.a(*)

.ARM.attributes
                0x00000000       0x29
 *(.ARM.attributes)
 .ARM.attributes
                0x00000000       0x1d d:/code/arm-none-eabi/bin/../lib/gcc/arm-none-eabi/11.2.1/thumb/v7-m/nofp/crti.o
 .ARM.attributes
                0x0000001d       0x2d d:/code/arm-none-eabi/bin/../lib/gcc/arm-none-eabi/11.2.1/thumb/v7-m/nofp/crtbegin.o
 .ARM.attributes
                0x0000004a       0x2d CMakeFiles/Cube_LED.elf.dir/Core/Src/gpio.c.obj
 .ARM.attributes
                0x00000077       0x2d CMakeFiles/Cube_LED.elf.dir/Core/Src/main.c.obj
 .ARM.attributes
                0x000000a4       0x2d CMakeFiles/Cube_LED.elf.dir/Core/Src/stm32f1xx_hal_msp.c.obj
 .ARM.attributes
                0x000000d1       0x2d CMakeFiles/Cube_LED.elf.dir/Core/Src/stm32f1xx_it.c.obj
 .ARM.attributes
                0x000000fe       0x2d CMakeFiles/Cube_LED.elf.dir/Core/Src/system_stm32f1xx.c.obj
 .ARM.attributes
                0x0000012b       0x21 CMakeFiles/Cube_LED.elf.dir/Core/Startup/startup_stm32f103c8tx.s.obj
 .ARM.attributes
                0x0000014c       0x2d CMakeFiles/Cube_LED.elf.dir/Drivers/STM32F1xx_HAL_Driver/Src/stm32f1xx_hal.c.obj
 .ARM.attributes
                0x00000179       0x2d CMakeFiles/Cube_LED.elf.dir/Drivers/STM32F1xx_HAL_Driver/Src/stm32f1xx_hal_cortex.c.obj
 .ARM.attributes
                0x000001a6       0x2d CMakeFiles/Cube_LED.elf.dir/Drivers/STM32F1xx_HAL_Driver/Src/stm32f1xx_hal_gpio.c.obj
 .ARM.attributes
                0x000001d3       0x2d CMakeFiles/Cube_LED.elf.dir/Drivers/STM32F1xx_HAL_Driver/Src/stm32f1xx_hal_rcc.c.obj
 .ARM.attributes
                0x00000200       0x2d d:/code/arm-none-eabi/bin/../lib/gcc/arm-none-eabi/11.2.1/thumb/v7-m/nofp\libg.a(lib_a-init.o)
 .ARM.attributes
                0x0000022d       0x2d d:/code/arm-none-eabi/bin/../lib/gcc/arm-none-eabi/11.2.1/thumb/v7-m/nofp\libg.a(lib_a-memset.o)
 .ARM.attributes
                0x0000025a       0x2d d:/code/arm-none-eabi/bin/../lib/gcc/arm-none-eabi/11.2.1/thumb/v7-m/nofp/crtend.o
 .ARM.attributes
                0x00000287       0x1d d:/code/arm-none-eabi/bin/../lib/gcc/arm-none-eabi/11.2.1/thumb/v7-m/nofp/crtn.o
OUTPUT(Cube_LED.elf elf32-littlearm)
LOAD linker stubs
LOAD d:/code/arm-none-eabi/bin/../lib/gcc/arm-none-eabi/11.2.1/thumb/v7-m/nofp\libc.a
LOAD d:/code/arm-none-eabi/bin/../lib/gcc/arm-none-eabi/11.2.1/thumb/v7-m/nofp\libm.a
LOAD d:/code/arm-none-eabi/bin/../lib/gcc/arm-none-eabi/11.2.1/thumb/v7-m/nofp\libgcc.a

.comment        0x00000000       0x57
 .comment       0x00000000       0x57 d:/code/arm-none-eabi/bin/../lib/gcc/arm-none-eabi/11.2.1/thumb/v7-m/nofp/crtbegin.o
                                 0x58 (size before relaxing)
 .comment       0x00000057       0x58 CMakeFiles/Cube_LED.elf.dir/Core/Src/gpio.c.obj
 .comment       0x00000057       0x58 CMakeFiles/Cube_LED.elf.dir/Core/Src/main.c.obj
 .comment       0x00000057       0x58 CMakeFiles/Cube_LED.elf.dir/Core/Src/stm32f1xx_hal_msp.c.obj
 .comment       0x00000057       0x58 CMakeFiles/Cube_LED.elf.dir/Core/Src/stm32f1xx_it.c.obj
 .comment       0x00000057       0x58 CMakeFiles/Cube_LED.elf.dir/Core/Src/system_stm32f1xx.c.obj
 .comment       0x00000057       0x58 CMakeFiles/Cube_LED.elf.dir/Drivers/STM32F1xx_HAL_Driver/Src/stm32f1xx_hal.c.obj
 .comment       0x00000057       0x58 CMakeFiles/Cube_LED.elf.dir/Drivers/STM32F1xx_HAL_Driver/Src/stm32f1xx_hal_cortex.c.obj
 .comment       0x00000057       0x58 CMakeFiles/Cube_LED.elf.dir/Drivers/STM32F1xx_HAL_Driver/Src/stm32f1xx_hal_gpio.c.obj
 .comment       0x00000057       0x58 CMakeFiles/Cube_LED.elf.dir/Drivers/STM32F1xx_HAL_Driver/Src/stm32f1xx_hal_rcc.c.obj
 .comment       0x00000057       0x58 d:/code/arm-none-eabi/bin/../lib/gcc/arm-none-eabi/11.2.1/thumb/v7-m/nofp\libg.a(lib_a-init.o)
 .comment       0x00000057       0x58 d:/code/arm-none-eabi/bin/../lib/gcc/arm-none-eabi/11.2.1/thumb/v7-m/nofp\libg.a(lib_a-memset.o)
 .comment       0x00000057       0x58 d:/code/arm-none-eabi/bin/../lib/gcc/arm-none-eabi/11.2.1/thumb/v7-m/nofp/crtend.o

.debug_info     0x00000000     0x31ea
 .debug_info    0x00000000      0x2ec CMakeFiles/Cube_LED.elf.dir/Core/Src/gpio.c.obj
 .debug_info    0x000002ec      0x312 CMakeFiles/Cube_LED.elf.dir/Core/Src/main.c.obj
 .debug_info    0x000005fe      0x1f4 CMakeFiles/Cube_LED.elf.dir/Core/Src/stm32f1xx_hal_msp.c.obj
 .debug_info    0x000007f2      0x11d CMakeFiles/Cube_LED.elf.dir/Core/Src/stm32f1xx_it.c.obj
 .debug_info    0x0000090f      0x22d CMakeFiles/Cube_LED.elf.dir/Core/Src/system_stm32f1xx.c.obj
 .debug_info    0x00000b3c       0x23 CMakeFiles/Cube_LED.elf.dir/Core/Startup/startup_stm32f103c8tx.s.obj
 .debug_info    0x00000b5f      0x7a2 CMakeFiles/Cube_LED.elf.dir/Drivers/STM32F1xx_HAL_Driver/Src/stm32f1xx_hal.c.obj
 .debug_info    0x00001301      0xcc5 CMakeFiles/Cube_LED.elf.dir/Drivers/STM32F1xx_HAL_Driver/Src/stm32f1xx_hal_cortex.c.obj
 .debug_info    0x00001fc6      0x604 CMakeFiles/Cube_LED.elf.dir/Drivers/STM32F1xx_HAL_Driver/Src/stm32f1xx_hal_gpio.c.obj
 .debug_info    0x000025ca      0x9e0 CMakeFiles/Cube_LED.elf.dir/Drivers/STM32F1xx_HAL_Driver/Src/stm32f1xx_hal_rcc.c.obj
 .debug_info    0x00002faa      0x10b d:/code/arm-none-eabi/bin/../lib/gcc/arm-none-eabi/11.2.1/thumb/v7-m/nofp\libg.a(lib_a-init.o)
 .debug_info    0x000030b5      0x135 d:/code/arm-none-eabi/bin/../lib/gcc/arm-none-eabi/11.2.1/thumb/v7-m/nofp\libg.a(lib_a-memset.o)

.debug_abbrev   0x00000000     0x1124
 .debug_abbrev  0x00000000      0x151 CMakeFiles/Cube_LED.elf.dir/Core/Src/gpio.c.obj
 .debug_abbrev  0x00000151      0x18b CMakeFiles/Cube_LED.elf.dir/Core/Src/main.c.obj
 .debug_abbrev  0x000002dc       0xed CMakeFiles/Cube_LED.elf.dir/Core/Src/stm32f1xx_hal_msp.c.obj
 .debug_abbrev  0x000003c9       0x7c CMakeFiles/Cube_LED.elf.dir/Core/Src/stm32f1xx_it.c.obj
 .debug_abbrev  0x00000445      0x143 CMakeFiles/Cube_LED.elf.dir/Core/Src/system_stm32f1xx.c.obj
 .debug_abbrev  0x00000588       0x12 CMakeFiles/Cube_LED.elf.dir/Core/Startup/startup_stm32f103c8tx.s.obj
 .debug_abbrev  0x0000059a      0x22d CMakeFiles/Cube_LED.elf.dir/Drivers/STM32F1xx_HAL_Driver/Src/stm32f1xx_hal.c.obj
 .debug_abbrev  0x000007c7      0x348 CMakeFiles/Cube_LED.elf.dir/Drivers/STM32F1xx_HAL_Driver/Src/stm32f1xx_hal_cortex.c.obj
 .debug_abbrev  0x00000b0f      0x1f7 CMakeFiles/Cube_LED.elf.dir/Drivers/STM32F1xx_HAL_Driver/Src/stm32f1xx_hal_gpio.c.obj
 .debug_abbrev  0x00000d06      0x29e CMakeFiles/Cube_LED.elf.dir/Drivers/STM32F1xx_HAL_Driver/Src/stm32f1xx_hal_rcc.c.obj
 .debug_abbrev  0x00000fa4       0xc9 d:/code/arm-none-eabi/bin/../lib/gcc/arm-none-eabi/11.2.1/thumb/v7-m/nofp\libg.a(lib_a-init.o)
 .debug_abbrev  0x0000106d       0xb7 d:/code/arm-none-eabi/bin/../lib/gcc/arm-none-eabi/11.2.1/thumb/v7-m/nofp\libg.a(lib_a-memset.o)

.debug_aranges  0x00000000      0x3b8
 .debug_aranges
                0x00000000       0x20 CMakeFiles/Cube_LED.elf.dir/Core/Src/gpio.c.obj
 .debug_aranges
                0x00000020       0x30 CMakeFiles/Cube_LED.elf.dir/Core/Src/main.c.obj
 .debug_aranges
                0x00000050       0x20 CMakeFiles/Cube_LED.elf.dir/Core/Src/stm32f1xx_hal_msp.c.obj
 .debug_aranges
                0x00000070       0x60 CMakeFiles/Cube_LED.elf.dir/Core/Src/stm32f1xx_it.c.obj
 .debug_aranges
                0x000000d0       0x28 CMakeFiles/Cube_LED.elf.dir/Core/Src/system_stm32f1xx.c.obj
 .debug_aranges
                0x000000f8       0x28 CMakeFiles/Cube_LED.elf.dir/Core/Startup/startup_stm32f103c8tx.s.obj
 .debug_aranges
                0x00000120       0xe0 CMakeFiles/Cube_LED.elf.dir/Drivers/STM32F1xx_HAL_Driver/Src/stm32f1xx_hal.c.obj
 .debug_aranges
                0x00000200       0x90 CMakeFiles/Cube_LED.elf.dir/Drivers/STM32F1xx_HAL_Driver/Src/stm32f1xx_hal_cortex.c.obj
 .debug_aranges
                0x00000290       0x58 CMakeFiles/Cube_LED.elf.dir/Drivers/STM32F1xx_HAL_Driver/Src/stm32f1xx_hal_gpio.c.obj
 .debug_aranges
                0x000002e8       0x90 CMakeFiles/Cube_LED.elf.dir/Drivers/STM32F1xx_HAL_Driver/Src/stm32f1xx_hal_rcc.c.obj
 .debug_aranges
                0x00000378       0x20 d:/code/arm-none-eabi/bin/../lib/gcc/arm-none-eabi/11.2.1/thumb/v7-m/nofp\libg.a(lib_a-init.o)
 .debug_aranges
                0x00000398       0x20 d:/code/arm-none-eabi/bin/../lib/gcc/arm-none-eabi/11.2.1/thumb/v7-m/nofp\libg.a(lib_a-memset.o)

.debug_rnglists
                0x00000000      0x2d8
 .debug_rnglists
                0x00000000       0x13 CMakeFiles/Cube_LED.elf.dir/Core/Src/gpio.c.obj
 .debug_rnglists
                0x00000013       0x1f CMakeFiles/Cube_LED.elf.dir/Core/Src/main.c.obj
 .debug_rnglists
                0x00000032       0x13 CMakeFiles/Cube_LED.elf.dir/Core/Src/stm32f1xx_hal_msp.c.obj
 .debug_rnglists
                0x00000045       0x43 CMakeFiles/Cube_LED.elf.dir/Core/Src/stm32f1xx_it.c.obj
 .debug_rnglists
                0x00000088       0x1a CMakeFiles/Cube_LED.elf.dir/Core/Src/system_stm32f1xx.c.obj
 .debug_rnglists
                0x000000a2       0x19 CMakeFiles/Cube_LED.elf.dir/Core/Startup/startup_stm32f103c8tx.s.obj
 .debug_rnglists
                0x000000bb       0xa3 CMakeFiles/Cube_LED.elf.dir/Drivers/STM32F1xx_HAL_Driver/Src/stm32f1xx_hal.c.obj
 .debug_rnglists
                0x0000015e       0x97 CMakeFiles/Cube_LED.elf.dir/Drivers/STM32F1xx_HAL_Driver/Src/stm32f1xx_hal_cortex.c.obj
 .debug_rnglists
                0x000001f5       0x3f CMakeFiles/Cube_LED.elf.dir/Drivers/STM32F1xx_HAL_Driver/Src/stm32f1xx_hal_gpio.c.obj
 .debug_rnglists
                0x00000234       0x7d CMakeFiles/Cube_LED.elf.dir/Drivers/STM32F1xx_HAL_Driver/Src/stm32f1xx_hal_rcc.c.obj
 .debug_rnglists
                0x000002b1       0x13 d:/code/arm-none-eabi/bin/../lib/gcc/arm-none-eabi/11.2.1/thumb/v7-m/nofp\libg.a(lib_a-init.o)
 .debug_rnglists
                0x000002c4       0x14 d:/code/arm-none-eabi/bin/../lib/gcc/arm-none-eabi/11.2.1/thumb/v7-m/nofp\libg.a(lib_a-memset.o)

.debug_line     0x00000000     0x2c67
 .debug_line    0x00000000      0x1e8 CMakeFiles/Cube_LED.elf.dir/Core/Src/gpio.c.obj
 .debug_line    0x000001e8      0x2fe CMakeFiles/Cube_LED.elf.dir/Core/Src/main.c.obj
 .debug_line    0x000004e6      0x16e CMakeFiles/Cube_LED.elf.dir/Core/Src/stm32f1xx_hal_msp.c.obj
 .debug_line    0x00000654      0x1bf CMakeFiles/Cube_LED.elf.dir/Core/Src/stm32f1xx_it.c.obj
 .debug_line    0x00000813      0x238 CMakeFiles/Cube_LED.elf.dir/Core/Src/system_stm32f1xx.c.obj
 .debug_line    0x00000a4b       0x79 CMakeFiles/Cube_LED.elf.dir/Core/Startup/startup_stm32f103c8tx.s.obj
 .debug_line    0x00000ac4      0x568 CMakeFiles/Cube_LED.elf.dir/Drivers/STM32F1xx_HAL_Driver/Src/stm32f1xx_hal.c.obj
 .debug_line    0x0000102c      0x64e CMakeFiles/Cube_LED.elf.dir/Drivers/STM32F1xx_HAL_Driver/Src/stm32f1xx_hal_cortex.c.obj
 .debug_line    0x0000167a      0x5f1 CMakeFiles/Cube_LED.elf.dir/Drivers/STM32F1xx_HAL_Driver/Src/stm32f1xx_hal_gpio.c.obj
 .debug_line    0x00001c6b      0xc3a CMakeFiles/Cube_LED.elf.dir/Drivers/STM32F1xx_HAL_Driver/Src/stm32f1xx_hal_rcc.c.obj
 .debug_line    0x000028a5      0x185 d:/code/arm-none-eabi/bin/../lib/gcc/arm-none-eabi/11.2.1/thumb/v7-m/nofp\libg.a(lib_a-init.o)
 .debug_line    0x00002a2a      0x23d d:/code/arm-none-eabi/bin/../lib/gcc/arm-none-eabi/11.2.1/thumb/v7-m/nofp\libg.a(lib_a-memset.o)

.debug_str      0x00000000     0x168d
 .debug_str     0x00000000      0x276 CMakeFiles/Cube_LED.elf.dir/Core/Src/gpio.c.obj
                                0x2c1 (size before relaxing)
 .debug_str     0x00000276      0x1f0 CMakeFiles/Cube_LED.elf.dir/Core/Src/main.c.obj
                                0x398 (size before relaxing)
 .debug_str     0x00000466       0x7b CMakeFiles/Cube_LED.elf.dir/Core/Src/stm32f1xx_hal_msp.c.obj
                                0x255 (size before relaxing)
 .debug_str     0x000004e1       0xd8 CMakeFiles/Cube_LED.elf.dir/Core/Src/stm32f1xx_it.c.obj
                                0x258 (size before relaxing)
 .debug_str     0x000005b9       0xa9 CMakeFiles/Cube_LED.elf.dir/Core/Src/system_stm32f1xx.c.obj
                                0x28a (size before relaxing)
 .debug_str     0x00000662       0x24 CMakeFiles/Cube_LED.elf.dir/Core/Startup/startup_stm32f103c8tx.s.obj
                                 0x5a (size before relaxing)
 .debug_str     0x00000686      0x611 CMakeFiles/Cube_LED.elf.dir/Drivers/STM32F1xx_HAL_Driver/Src/stm32f1xx_hal.c.obj
                                0x864 (size before relaxing)
 .debug_str     0x00000c97      0x3dc CMakeFiles/Cube_LED.elf.dir/Drivers/STM32F1xx_HAL_Driver/Src/stm32f1xx_hal_cortex.c.obj
                                0x909 (size before relaxing)
 .debug_str     0x00001073      0x13d CMakeFiles/Cube_LED.elf.dir/Drivers/STM32F1xx_HAL_Driver/Src/stm32f1xx_hal_gpio.c.obj
                                0x436 (size before relaxing)
 .debug_str     0x000011b0      0x215 CMakeFiles/Cube_LED.elf.dir/Drivers/STM32F1xx_HAL_Driver/Src/stm32f1xx_hal_rcc.c.obj
                                0x661 (size before relaxing)
 .debug_str     0x000013c5      0x1d5 d:/code/arm-none-eabi/bin/../lib/gcc/arm-none-eabi/11.2.1/thumb/v7-m/nofp\libg.a(lib_a-init.o)
                                0x26a (size before relaxing)
 .debug_str     0x0000159a       0xf3 d:/code/arm-none-eabi/bin/../lib/gcc/arm-none-eabi/11.2.1/thumb/v7-m/nofp\libg.a(lib_a-memset.o)
                                0x21f (size before relaxing)

.debug_frame    0x00000000      0x738
 .debug_frame   0x00000000       0x30 CMakeFiles/Cube_LED.elf.dir/Core/Src/gpio.c.obj
 .debug_frame   0x00000030       0x58 CMakeFiles/Cube_LED.elf.dir/Core/Src/main.c.obj
 .debug_frame   0x00000088       0x28 CMakeFiles/Cube_LED.elf.dir/Core/Src/stm32f1xx_hal_msp.c.obj
 .debug_frame   0x000000b0       0xa8 CMakeFiles/Cube_LED.elf.dir/Core/Src/stm32f1xx_it.c.obj
 .debug_frame   0x00000158       0x30 CMakeFiles/Cube_LED.elf.dir/Core/Src/system_stm32f1xx.c.obj
 .debug_frame   0x00000188      0x1cc CMakeFiles/Cube_LED.elf.dir/Drivers/STM32F1xx_HAL_Driver/Src/stm32f1xx_hal.c.obj
 .debug_frame   0x00000354      0x118 CMakeFiles/Cube_LED.elf.dir/Drivers/STM32F1xx_HAL_Driver/Src/stm32f1xx_hal_cortex.c.obj
 .debug_frame   0x0000046c       0xe4 CMakeFiles/Cube_LED.elf.dir/Drivers/STM32F1xx_HAL_Driver/Src/stm32f1xx_hal_gpio.c.obj
 .debug_frame   0x00000550      0x190 CMakeFiles/Cube_LED.elf.dir/Drivers/STM32F1xx_HAL_Driver/Src/stm32f1xx_hal_rcc.c.obj
 .debug_frame   0x000006e0       0x2c d:/code/arm-none-eabi/bin/../lib/gcc/arm-none-eabi/11.2.1/thumb/v7-m/nofp\libg.a(lib_a-init.o)
 .debug_frame   0x0000070c       0x2c d:/code/arm-none-eabi/bin/../lib/gcc/arm-none-eabi/11.2.1/thumb/v7-m/nofp\libg.a(lib_a-memset.o)

.debug_loclists
                0x00000000      0xf5e
 .debug_loclists
                0x00000000       0x17 CMakeFiles/Cube_LED.elf.dir/Core/Src/stm32f1xx_hal_msp.c.obj
 .debug_loclists
                0x00000017       0xa5 CMakeFiles/Cube_LED.elf.dir/Core/Src/system_stm32f1xx.c.obj
 .debug_loclists
                0x000000bc       0xc9 CMakeFiles/Cube_LED.elf.dir/Drivers/STM32F1xx_HAL_Driver/Src/stm32f1xx_hal.c.obj
 .debug_loclists
                0x00000185      0x4c4 CMakeFiles/Cube_LED.elf.dir/Drivers/STM32F1xx_HAL_Driver/Src/stm32f1xx_hal_cortex.c.obj
 .debug_loclists
                0x00000649      0x2ea CMakeFiles/Cube_LED.elf.dir/Drivers/STM32F1xx_HAL_Driver/Src/stm32f1xx_hal_gpio.c.obj
 .debug_loclists
                0x00000933      0x40c CMakeFiles/Cube_LED.elf.dir/Drivers/STM32F1xx_HAL_Driver/Src/stm32f1xx_hal_rcc.c.obj
 .debug_loclists
                0x00000d3f       0x7a d:/code/arm-none-eabi/bin/../lib/gcc/arm-none-eabi/11.2.1/thumb/v7-m/nofp\libg.a(lib_a-init.o)
 .debug_loclists
                0x00000db9      0x1a5 d:/code/arm-none-eabi/bin/../lib/gcc/arm-none-eabi/11.2.1/thumb/v7-m/nofp\libg.a(lib_a-memset.o)

.debug_line_str
                0x00000000       0x49
 .debug_line_str
                0x00000000       0x49 CMakeFiles/Cube_LED.elf.dir/Core/Startup/startup_stm32f103c8tx.s.obj
                                 0x92 (size before relaxing)
