Component: Arm Compiler for Embedded 6.18 Tool: armlink [5e4cc100]

==============================================================================

Section Cross References

    startup_stm32f103xb.o(STACK) refers (Special) to heapauxi.o(.text) for __use_two_region_memory
    startup_stm32f103xb.o(HEAP) refers (Special) to heapauxi.o(.text) for __use_two_region_memory
    startup_stm32f103xb.o(RESET) refers (Special) to heapauxi.o(.text) for __use_two_region_memory
    startup_stm32f103xb.o(RESET) refers to startup_stm32f103xb.o(STACK) for __initial_sp
    startup_stm32f103xb.o(RESET) refers to startup_stm32f103xb.o(.text) for Reset_Handler
    startup_stm32f103xb.o(RESET) refers to stm32f1xx_it.o(.text.NMI_Handler) for NMI_Handler
    startup_stm32f103xb.o(RESET) refers to stm32f1xx_it.o(.text.HardFault_Handler) for HardFault_Handler
    startup_stm32f103xb.o(RESET) refers to stm32f1xx_it.o(.text.MemManage_Handler) for MemManage_Handler
    startup_stm32f103xb.o(RESET) refers to stm32f1xx_it.o(.text.BusFault_Handler) for BusFault_Handler
    startup_stm32f103xb.o(RESET) refers to stm32f1xx_it.o(.text.UsageFault_Handler) for UsageFault_Handler
    startup_stm32f103xb.o(RESET) refers to port.o(.text.SVC_Handler) for SVC_Handler
    startup_stm32f103xb.o(RESET) refers to stm32f1xx_it.o(.text.DebugMon_Handler) for DebugMon_Handler
    startup_stm32f103xb.o(RESET) refers to port.o(.text.PendSV_Handler) for PendSV_Handler
    startup_stm32f103xb.o(RESET) refers to port.o(.text.SysTick_Handler) for SysTick_Handler
    startup_stm32f103xb.o(RESET) refers to stm32f1xx_it.o(.text.TIM4_IRQHandler) for TIM4_IRQHandler
    startup_stm32f103xb.o(.text) refers (Special) to heapauxi.o(.text) for __use_two_region_memory
    startup_stm32f103xb.o(.text) refers to system_stm32f1xx.o(.text.SystemInit) for SystemInit
    startup_stm32f103xb.o(.text) refers to __main.o(!!!main) for __main
    startup_stm32f103xb.o(.text) refers to startup_stm32f103xb.o(HEAP) for Heap_Mem
    startup_stm32f103xb.o(.text) refers to startup_stm32f103xb.o(STACK) for Stack_Mem
    main.o(.text.main) refers to stm32f1xx_hal.o(.text.HAL_Init) for HAL_Init
    main.o(.text.main) refers to stm32f1xx_hal_rcc.o(.text.HAL_RCC_OscConfig) for HAL_RCC_OscConfig
    main.o(.text.main) refers to stm32f1xx_hal_rcc.o(.text.HAL_RCC_ClockConfig) for HAL_RCC_ClockConfig
    main.o(.text.main) refers to gpio.o(.text.MX_GPIO_Init) for MX_GPIO_Init
    main.o(.text.main) refers to cmsis_os2.o(.text.osKernelInitialize) for osKernelInitialize
    main.o(.text.main) refers to freertos.o(.text.MX_FREERTOS_Init) for MX_FREERTOS_Init
    main.o(.text.main) refers to cmsis_os2.o(.text.osKernelStart) for osKernelStart
    main.o(.ARM.exidx.text.main) refers to main.o(.text.main) for [Anonymous Symbol]
    main.o(.text.SystemClock_Config) refers to stm32f1xx_hal_rcc.o(.text.HAL_RCC_OscConfig) for HAL_RCC_OscConfig
    main.o(.text.SystemClock_Config) refers to stm32f1xx_hal_rcc.o(.text.HAL_RCC_ClockConfig) for HAL_RCC_ClockConfig
    main.o(.ARM.exidx.text.SystemClock_Config) refers to main.o(.text.SystemClock_Config) for [Anonymous Symbol]
    main.o(.ARM.exidx.text.Error_Handler) refers to main.o(.text.Error_Handler) for [Anonymous Symbol]
    main.o(.text.HAL_TIM_PeriodElapsedCallback) refers to stm32f1xx_hal.o(.text.HAL_IncTick) for HAL_IncTick
    main.o(.ARM.exidx.text.HAL_TIM_PeriodElapsedCallback) refers to main.o(.text.HAL_TIM_PeriodElapsedCallback) for [Anonymous Symbol]
    gpio.o(.text.MX_GPIO_Init) refers to stm32f1xx_hal_gpio.o(.text.HAL_GPIO_WritePin) for HAL_GPIO_WritePin
    gpio.o(.text.MX_GPIO_Init) refers to stm32f1xx_hal_gpio.o(.text.HAL_GPIO_Init) for HAL_GPIO_Init
    gpio.o(.ARM.exidx.text.MX_GPIO_Init) refers to gpio.o(.text.MX_GPIO_Init) for [Anonymous Symbol]
    freertos.o(.text.MX_FREERTOS_Init) refers to freertos.o(.text.LED_Task_Fun) for LED_Task_Fun
    freertos.o(.text.MX_FREERTOS_Init) refers to freertos.o(.rodata.LED_Task_attributes) for LED_Task_attributes
    freertos.o(.text.MX_FREERTOS_Init) refers to cmsis_os2.o(.text.osThreadNew) for osThreadNew
    freertos.o(.text.MX_FREERTOS_Init) refers to freertos.o(.bss.LED_TaskHandle) for LED_TaskHandle
    freertos.o(.ARM.exidx.text.MX_FREERTOS_Init) refers to freertos.o(.text.MX_FREERTOS_Init) for [Anonymous Symbol]
    freertos.o(.text.LED_Task_Fun) refers to freertos.o(.rodata.str1.1) for .L.str.2
    freertos.o(.text.LED_Task_Fun) refers to stm32f1xx_hal_gpio.o(.text.HAL_GPIO_WritePin) for HAL_GPIO_WritePin
    freertos.o(.text.LED_Task_Fun) refers to cmsis_os2.o(.text.osDelay) for osDelay
    freertos.o(.text.LED_Task_Fun) refers to segger_rtt_printf.o(.text.SEGGER_RTT_printf) for SEGGER_RTT_printf
    freertos.o(.ARM.exidx.text.LED_Task_Fun) refers to freertos.o(.text.LED_Task_Fun) for [Anonymous Symbol]
    freertos.o(.rodata.LED_Task_attributes) refers to freertos.o(.rodata.str1.1) for [Anonymous Symbol]
[...]
    ../clib/heap2.c                          0x00000000   Number         0  fdtree.o ABSOLUTE
    ../clib/heapalloc.c                      0x00000000   Number         0  malloc.o ABSOLUTE
    ../clib/heapalloc.c                      0x00000000   Number         0  free.o ABSOLUTE
    ../clib/heapalloc.c                      0x00000000   Number         0  hguard.o ABSOLUTE
    ../clib/heapalloc.c                      0x00000000   Number         0  init_alloc.o ABSOLUTE
    ../clib/heapalloc.c                      0x00000000   Number         0  heapstubs.o ABSOLUTE
    ../clib/heapalloc.c                      0x00000000   Number         0  hrguard.o ABSOLUTE
    ../clib/heapalloc.c                      0x00000000   Number         0  term_alloc.o ABSOLUTE
    ../clib/heapaux.c                        0x00000000   Number         0  heapauxi.o ABSOLUTE
    ../clib/heapaux.c                        0x00000000   Number         0  heapauxa.o ABSOLUTE
    ../clib/libinit.s                        0x00000000   Number         0  libinit2.o ABSOLUTE
    ../clib/libinit.s                        0x00000000   Number         0  libshutdown2.o ABSOLUTE
    ../clib/libinit.s                        0x00000000   Number         0  libinit.o ABSOLUTE
    ../clib/libinit.s                        0x00000000   Number         0  libshutdown.o ABSOLUTE
    ../clib/maybe.s                          0x00000000   Number         0  maybetermalloc1.o ABSOLUTE
    ../clib/maybe.s                          0x00000000   Number         0  maybetermalloc2.o ABSOLUTE
    ../clib/memcpset.s                       0x00000000   Number         0  rt_memcpy_v6.o ABSOLUTE
    ../clib/memcpset.s                       0x00000000   Number         0  aeabi_memset.o ABSOLUTE
    ../clib/memcpset.s                       0x00000000   Number         0  aeabi_memset4.o ABSOLUTE
    ../clib/memcpset.s                       0x00000000   Number         0  rt_memclr.o ABSOLUTE
    ../clib/memcpset.s                       0x00000000   Number         0  rt_memclr_w.o ABSOLUTE
    ../clib/memcpset.s                       0x00000000   Number         0  strcmpv7m.o ABSOLUTE
    ../clib/memcpset.s                       0x00000000   Number         0  rt_memcpy_w.o ABSOLUTE
    ../clib/signal.c                         0x00000000   Number         0  defsig_rtred_outer.o ABSOLUTE
    ../clib/signal.c                         0x00000000   Number         0  defsig_rtred_formal.o ABSOLUTE
    ../clib/signal.c                         0x00000000   Number         0  defsig_exit.o ABSOLUTE
    ../clib/signal.c                         0x00000000   Number         0  defsig_rtred_inner.o ABSOLUTE
    ../clib/signal.c                         0x00000000   Number         0  __raise.o ABSOLUTE
    ../clib/signal.c                         0x00000000   Number         0  defsig_general.o ABSOLUTE
    ../clib/signal.c                         0x00000000   Number         0  defsig_rtmem_outer.o ABSOLUTE
    ../clib/signal.c                         0x00000000   Number         0  defsig_rtmem_formal.o ABSOLUTE
    ../clib/signal.c                         0x00000000   Number         0  defsig_rtmem_inner.o ABSOLUTE
    ../clib/signal.c                         0x00000000   Number         0  defsig_abrt_inner.o ABSOLUTE
    ../clib/signal.c                         0x00000000   Number         0  defsig_fpe_inner.o ABSOLUTE
    ../clib/signal.c                         0x00000000   Number         0  defsig_stak_inner.o ABSOLUTE
    ../clib/signal.c                         0x00000000   Number         0  defsig_pvfn_inner.o ABSOLUTE
    ../clib/signal.c                         0x00000000   Number         0  defsig_cppl_inner.o ABSOLUTE
    ../clib/signal.c                         0x00000000   Number         0  defsig_segv_inner.o ABSOLUTE
    ../clib/signal.c                         0x00000000   Number         0  defsig_other.o ABSOLUTE
    ../clib/signal.s                         0x00000000   Number         0  defsig.o ABSOLUTE
    ../clib/stdio.c                          0x00000000   Number         0  fflush.o ABSOLUTE
    ../clib/stdio.c                          0x00000000   Number         0  fputc.o ABSOLUTE
    ../clib/stdio.c                          0x00000000   Number         0  stdio_streams.o ABSOLUTE
    ../clib/stdio.c                          0x00000000   Number         0  fputc_locked.o ABSOLUTE
    ../clib/stdio.c                          0x00000000   Number         0  fflush_locked.o ABSOLUTE
    ../clib/stdio.c                          0x00000000   Number         0  flsbuf.o ABSOLUTE
    ../clib/stdio.c                          0x00000000   Number         0  fseek.o ABSOLUTE
    ../clib/stdio.c                          0x00000000   Number         0  stdio.o ABSOLUTE
    ../clib/stdio.c                          0x00000000   Number         0  streamlock.o ABSOLUTE
    ../clib/stdio.c                          0x00000000   Number         0  initio.o ABSOLUTE
    ../clib/stdio.c                          0x00000000   Number         0  initio_locked.o ABSOLUTE
    ../clib/stdio.c                          0x00000000   Number         0  ftell.o ABSOLUTE
    ../clib/stdio.c                          0x00000000   Number         0  setvbuf.o ABSOLUTE
    ../clib/stdio.c                          0x00000000   Number         0  fwritefast.o ABSOLUTE
    ../clib/stdio.c                          0x00000000   Number         0  fopen.o ABSOLUTE
    ../clib/stdio.c                          0x00000000   Number         0  fclose.o ABSOLUTE
    ../clib/stdio.c                          0x00000000   Number         0  setvbuf_locked.o ABSOLUTE
    ../clib/stdio.c                          0x00000000   Number         0  fopen_locked.o ABSOLUTE
    ../clib/stdio.c                          0x00000000   Number         0  fwritefast_locked.o ABSOLUTE
    ../clib/stdio.c                          0x00000000   Number         0  fputs.o ABSOLUTE
    ../clib/stdio.c                          0x00000000   Number         0  fputs_locked.o ABSOLUTE
    ../clib/stdlib.c                         0x00000000   Number         0  exit.o ABSOLUTE
    ../clib/string.c                         0x00000000   Number         0  strlen.o ABSOLUTE
    ../clib/wchar.c                          0x00000000   Number         0  flsbuf_fwide.o ABSOLUTE
    ../fplib/fpinit.s                        0x00000000   Number         0  fpinit.o ABSOLUTE
    ../fplib/fpinit_empty.s                  0x00000000   Number         0  fpinit_empty.o ABSOLUTE
    SEGGER_RTT.c                             0x00000000   Number         0  segger_rtt.o ABSOLUTE
    SEGGER_RTT_Syscalls_GCC.c                0x00000000   Number         0  segger_rtt_syscalls_gcc.o ABSOLUTE
    SEGGER_RTT_Syscalls_IAR.c                0x00000000   Number         0  segger_rtt_syscalls_iar.o ABSOLUTE
    SEGGER_RTT_Syscalls_KEIL.c               0x00000000   Number         0  segger_rtt_syscalls_keil.o ABSOLUTE
    SEGGER_RTT_Syscalls_SES.c                0x00000000   Number         0  segger_rtt_syscalls_ses.o ABSOLUTE
    SEGGER_RTT_printf.c                      0x00000000   Number         0  segger_rtt_printf.o ABSOLUTE
    cmsis_os2.c                              0x00000000   Number         0  cmsis_os2.o ABSOLUTE
    croutine.c                               0x00000000   Number         0  croutine.o ABSOLUTE
    dc.s                                     0x00000000   Number         0  dc.o ABSOLUTE
    event_groups.c                           0x00000000   Number         0  event_groups.o ABSOLUTE
    freertos.c                               0x00000000   Number         0  freertos.o ABSOLUTE
    gpio.c                                   0x00000000   Number         0  gpio.o ABSOLUTE
    heap_4.c                                 0x00000000   Number         0  heap_4.o ABSOLUTE
    list.c                                   0x00000000   Number         0  list.o ABSOLUTE
    main.c                                   0x00000000   Number         0  main.o ABSOLUTE
    port.c                                   0x00000000   Number         0  port.o ABSOLUTE
    queue.c                                  0x00000000   Number         0  queue.o ABSOLUTE
    startup_stm32f103xb.s                    0x00000000   Number         0  startup_stm32f103xb.o ABSOLUTE
    stm32f1xx_hal.c                          0x00000000   Number         0  stm32f1xx_hal.o ABSOLUTE
    stm32f1xx_hal_cortex.c                   0x00000000   Number         0  stm32f1xx_hal_cortex.o ABSOLUTE
    stm32f1xx_hal_dma.c                      0x00000000   Number         0  stm32f1xx_hal_dma.o ABSOLUTE
    stm32f1xx_hal_exti.c                     0x00000000   Number         0  stm32f1xx_hal_exti.o ABSOLUTE
    stm32f1xx_hal_flash.c                    0x00000000   Number         0  stm32f1xx_hal_flash.o ABSOLUTE
    stm32f1xx_hal_flash_ex.c                 0x00000000   Number         0  stm32f1xx_hal_flash_ex.o ABSOLUTE
    stm32f1xx_hal_gpio.c                     0x00000000   Number         0  stm32f1xx_hal_gpio.o ABSOLUTE
    stm32f1xx_hal_gpio_ex.c                  0x00000000   Number         0  stm32f1xx_hal_gpio_ex.o ABSOLUTE
    stm32f1xx_hal_msp.c                      0x00000000   Number         0  stm32f1xx_hal_msp.o ABSOLUTE
    stm32f1xx_hal_pwr.c                      0x00000000   Number         0  stm32f1xx_hal_pwr.o ABSOLUTE
    stm32f1xx_hal_rcc.c                      0x00000000   Number         0  stm32f1xx_hal_rcc.o ABSOLUTE
    stm32f1xx_hal_rcc_ex.c                   0x00000000   Number         0  stm32f1xx_hal_rcc_ex.o ABSOLUTE
    stm32f1xx_hal_tim.c                      0x00000000   Number         0  stm32f1xx_hal_tim.o ABSOLUTE
    stm32f1xx_hal_tim_ex.c                   0x00000000   Number         0  stm32f1xx_hal_tim_ex.o ABSOLUTE
    stm32f1xx_hal_timebase_tim.c             0x00000000   Number         0  stm32f1xx_hal_timebase_tim.o ABSOLUTE
    stm32f1xx_it.c                           0x00000000   Number         0  stm32f1xx_it.o ABSOLUTE
    stream_buffer.c                          0x00000000   Number         0  stream_buffer.o ABSOLUTE
    system_stm32f1xx.c                       0x00000000   Number         0  system_stm32f1xx.o ABSOLUTE
    tasks.c                                  0x00000000   Number         0  tasks.o ABSOLUTE
    timers.c                                 0x00000000   Number         0  timers.o ABSOLUTE
    RESET                                    0x08000000   Section      236  startup_stm32f103xb.o(RESET)
    !!!main                                  0x080000ec   Section        8  __main.o(!!!main)
    !!!scatter                               0x080000f4   Section       52  __scatter.o(!!!scatter)
    !!handler_copy                           0x08000128   Section       26  __scatter_copy.o(!!handler_copy)
    !!handler_zi                             0x08000144   Section       28  __scatter_zi.o(!!handler_zi)
    .ARM.Collect$$libinit$$00000000          0x08000160   Section        2  libinit.o(.ARM.Collect$$libinit$$00000000)
    .ARM.Collect$$libinit$$00000002          0x08000162   Section        0  libinit2.o(.ARM.Collect$$libinit$$00000002)
    .ARM.Collect$$libinit$$00000004          0x08000162   Section        0  libinit2.o(.ARM.Collect$$libinit$$00000004)
    .ARM.Collect$$libinit$$00000006          0x08000162   Section        0  libinit2.o(.ARM.Collect$$libinit$$00000006)
    .ARM.Collect$$libinit$$0000000C          0x08000162   Section        0  libinit2.o(.ARM.Collect$$libinit$$0000000C)
    .ARM.Collect$$libinit$$0000000E          0x08000162   Section        0  libinit2.o(.ARM.Collect$$libinit$$0000000E)
    .ARM.Collect$$libinit$$00000010          0x08000162   Section        0  libinit2.o(.ARM.Collect$$libinit$$00000010)
    .ARM.Collect$$libinit$$00000013          0x08000162   Section        0  libinit2.o(.ARM.Collect$$libinit$$00000013)
    .ARM.Collect$$libinit$$00000015          0x08000162   Section        0  libinit2.o(.ARM.Collect$$libinit$$00000015)
    .ARM.Collect$$libinit$$00000017          0x08000162   Section        0  libinit2.o(.ARM.Collect$$libinit$$00000017)
    .ARM.Collect$$libinit$$00000019          0x08000162   Section        0  libinit2.o(.ARM.Collect$$libinit$$00000019)
    .ARM.Collect$$libinit$$0000001B          0x08000162   Section        0  libinit2.o(.ARM.Collect$$libinit$$0000001B)
    .ARM.Collect$$libinit$$0000001D          0x08000162   Section        0  libinit2.o(.ARM.Collect$$libinit$$0000001D)
    .ARM.Collect$$libinit$$0000001F          0x08000162   Section        0  libinit2.o(.ARM.Collect$$libinit$$0000001F)
    .ARM.Collect$$libinit$$00000021          0x08000162   Section        0  libinit2.o(.ARM.Collect$$libinit$$00000021)
    .ARM.Collect$$libinit$$00000023          0x08000162   Section        0  libinit2.o(.ARM.Collect$$libinit$$00000023)
    .ARM.Collect$$libinit$$00000025          0x08000162   Section        0  libinit2.o(.ARM.Collect$$libinit$$00000025)
    .ARM.Collect$$libinit$$00000027          0x08000162   Section        0  libinit2.o(.ARM.Collect$$libinit$$00000027)
    .ARM.Collect$$libinit$$0000002E          0x08000162   Section        0  libinit2.o(.ARM.Collect$$libinit$$0000002E)
    .ARM.Collect$$libinit$$00000030          0x08000162   Section        0  libinit2.o(.ARM.Collect$$libinit$$00000030)
    .ARM.Collect$$libinit$$00000032          0x08000162   Section        0  libinit2.o(.ARM.Collect$$libinit$$00000032)
    .ARM.Collect$$libinit$$00000034          0x08000162   Section        0  libinit2.o(.ARM.Collect$$libinit$$00000034)
    .ARM.Collect$$libinit$$00000035          0x08000162   Section        2  libinit2.o(.ARM.Collect$$libinit$$00000035)
    .ARM.Collect$$libshutdown$$00000000      0x08000164   Section        2  libshutdown.o(.ARM.Collect$$libshutdown$$00000000)
    .ARM.Collect$$libshutdown$$00000002      0x08000166   Section        0  libshutdown2.o(.ARM.Collect$$libshutdown$$00000002)
    .ARM.Collect$$libshutdown$$00000004      0x08000166   Section        0  libshutdown2.o(.ARM.Collect$$libshutdown$$00000004)
    .ARM.Collect$$libshutdown$$00000007      0x08000166   Section        0  libshutdown2.o(.ARM.Collect$$libshutdown$$00000007)
    .ARM.Collect$$libshutdown$$0000000A      0x08000166   Section        0  libshutdown2.o(.ARM.Collect$$libshutdown$$0000000A)
    .ARM.Collect$$libshutdown$$0000000C      0x08000166   Section        0  libshutdown2.o(.ARM.Collect$$libshutdown$$0000000C)
    .ARM.Collect$$libshutdown$$0000000F      0x08000166   Section        0  libshutdown2.o(.ARM.Collect$$libshutdown$$0000000F)
    .ARM.Collect$$libshutdown$$00000010      0x08000166   Section        2  libshutdown2.o(.ARM.Collect$$libshutdown$$00000010)
    .ARM.Collect$$rtentry$$00000000          0x08000168   Section        0  __rtentry.o(.ARM.Collect$$rtentry$$00000000)
    .ARM.Collect$$rtentry$$00000002          0x08000168   Section        0  __rtentry2.o(.ARM.Collect$$rtentry$$00000002)
    .ARM.Collect$$rtentry$$00000004          0x08000168   Section        6  __rtentry4.o(.ARM.Collect$$rtentry$$00000004)
    .ARM.Collect$$rtentry$$00000009          0x0800016e   Section        0  __rtentry2.o(.ARM.Collect$$rtentry$$00000009)
    .ARM.Collect$$rtentry$$0000000A          0x0800016e   Section        4  __rtentry2.o(.ARM.Collect$$rtentry$$0000000A)
    .ARM.Collect$$rtentry$$0000000C          0x08000172   Section        0  __rtentry2.o(.ARM.Collect$$rtentry$$0000000C)
    .ARM.Collect$$rtentry$$0000000D          0x08000172   Section        8  __rtentry2.o(.ARM.Collect$$rtentry$$0000000D)
    .ARM.Collect$$rtexit$$00000000           0x0800017a   Section        2  rtexit.o(.ARM.Collect$$rtexit$$00000000)
    .ARM.Collect$$rtexit$$00000002           0x0800017c   Section        0  rtexit2.o(.ARM.Collect$$rtexit$$00000002)
    .ARM.Collect$$rtexit$$00000003           0x0800017c   Section        4  rtexit2.o(.ARM.Collect$$rtexit$$00000003)
    .ARM.Collect$$rtexit$$00000004           0x08000180   Section        6  rtexit2.o(.ARM.Collect$$rtexit$$00000004)
    .text                                    0x08000188   Section       64  startup_stm32f103xb.o(.text)
    .text                                    0x080001c8   Section      138  rt_memcpy_v6.o(.text)
    .text                                    0x08000252   Section       16  aeabi_memset4.o(.text)
    .text                                    0x08000262   Section       78  rt_memclr_w.o(.text)
    .text                                    0x080002b0   Section        0  heapauxi.o(.text)
    .text                                    0x080002b6   Section      100  rt_memcpy_w.o(.text)
    .text                                    0x0800031a   Section       74  sys_stackheap_outer.o(.text)
    .text                                    0x08000364   Section        0  exit.o(.text)
    .text                                    0x08000378   Section        8  libspace.o(.text)
    [Anonymous Symbol]                       0x08000380   Section        0  stm32f1xx_it.o(.text.BusFault_Handler)
    [Anonymous Symbol]                       0x08000384   Section        0  stm32f1xx_it.o(.text.DebugMon_Handler)
    [Anonymous Symbol]                       0x08000388   Section        0  stm32f1xx_hal_gpio.o(.text.HAL_GPIO_Init)
    [Anonymous Symbol]                       0x0800059c   Section        0  stm32f1xx_hal_gpio.o(.text.HAL_GPIO_WritePin)
    [Anonymous Symbol]                       0x080005a8   Section        0  stm32f1xx_hal.o(.text.HAL_GetTick)
    [Anonymous Symbol]                       0x080005b4   Section        0  stm32f1xx_hal.o(.text.HAL_IncTick)
    [Anonymous Symbol]                       0x080005d0   Section        0  stm32f1xx_hal.o(.text.HAL_Init)
    [Anonymous Symbol]                       0x080005f8   Section        0  stm32f1xx_hal_timebase_tim.o(.text.HAL_InitTick)
    [Anonymous Symbol]                       0x080006b4   Section        0  stm32f1xx_hal_msp.o(.text.HAL_MspInit)
    [Anonymous Symbol]                       0x08000704   Section        0  stm32f1xx_hal_cortex.o(.text.HAL_NVIC_EnableIRQ)
    [Anonymous Symbol]                       0x08000724   Section        0  stm32f1xx_hal_cortex.o(.text.HAL_NVIC_SetPriority)
    [Anonymous Symbol]                       0x0800077c   Section        0  stm32f1xx_hal_cortex.o(.text.HAL_NVIC_SetPriorityGrouping)
    [Anonymous Symbol]                       0x0800079c   Section        0  stm32f1xx_hal_rcc.o(.text.HAL_RCC_ClockConfig)
    [Anonymous Symbol]                       0x0800095c   Section        0  stm32f1xx_hal_rcc.o(.text.HAL_RCC_GetClockConfig)
    [Anonymous Symbol]                       0x080009a0   Section        0  stm32f1xx_hal_rcc.o(.text.HAL_RCC_GetPCLK1Freq)
    [Anonymous Symbol]                       0x080009c8   Section        0  stm32f1xx_hal_rcc.o(.text.HAL_RCC_OscConfig)
    [Anonymous Symbol]                       0x08000d7c   Section        0  stm32f1xx_hal_tim_ex.o(.text.HAL_TIMEx_BreakCallback)
    [Anonymous Symbol]                       0x08000d80   Section        0  stm32f1xx_hal_tim_ex.o(.text.HAL_TIMEx_CommutCallback)
    [Anonymous Symbol]                       0x08000d84   Section        0  stm32f1xx_hal_tim.o(.text.HAL_TIM_Base_Init)
    [Anonymous Symbol]                       0x08000e70   Section        0  stm32f1xx_hal_tim.o(.text.HAL_TIM_Base_MspInit)
    [Anonymous Symbol]                       0x08000e74   Section        0  stm32f1xx_hal_tim.o(.text.HAL_TIM_Base_Start_IT)
    [Anonymous Symbol]                       0x08000ee4   Section        0  stm32f1xx_hal_tim.o(.text.HAL_TIM_IC_CaptureCallback)
    [Anonymous Symbol]                       0x08000ee8   Section        0  stm32f1xx_hal_tim.o(.text.HAL_TIM_IRQHandler)
    [Anonymous Symbol]                       0x08001058   Section        0  stm32f1xx_hal_tim.o(.text.HAL_TIM_OC_DelayElapsedCallback)
    [Anonymous Symbol]                       0x0800105c   Section        0  stm32f1xx_hal_tim.o(.text.HAL_TIM_PWM_PulseFinishedCallback)
    [Anonymous Symbol]                       0x08001060   Section        0  main.o(.text.HAL_TIM_PeriodElapsedCallback)
    [Anonymous Symbol]                       0x08001074   Section        0  stm32f1xx_hal_tim.o(.text.HAL_TIM_TriggerCallback)
    [Anonymous Symbol]                       0x08001078   Section        0  stm32f1xx_it.o(.text.HardFault_Handler)
    [Anonymous Symbol]                       0x0800107c   Section        0  freertos.o(.text.LED_Task_Fun)
    [Anonymous Symbol]                       0x080010ec   Section        0  freertos.o(.text.MX_FREERTOS_Init)
    [Anonymous Symbol]                       0x08001110   Section        0  gpio.o(.text.MX_GPIO_Init)
    [Anonymous Symbol]                       0x08001184   Section        0  stm32f1xx_it.o(.text.MemManage_Handler)
    [Anonymous Symbol]                       0x08001188   Section        0  stm32f1xx_it.o(.text.NMI_Handler)
    [Anonymous Symbol]                       0x08001190   Section        0  port.o(.text.PendSV_Handler)
    pxCurrentTCBConst                        0x080011d0   Number         0  port.o(.text.PendSV_Handler)
    [Anonymous Symbol]                       0x080011d4   Section        0  segger_rtt.o(.text.SEGGER_RTT_Write)
    [Anonymous Symbol]                       0x08001280   Section        0  segger_rtt.o(.text.SEGGER_RTT_WriteNoLock)
    [Anonymous Symbol]                       0x080013f8   Section        0  segger_rtt_printf.o(.text.SEGGER_RTT_printf)
    [Anonymous Symbol]                       0x08001418   Section        0  segger_rtt_printf.o(.text.SEGGER_RTT_vprintf)
    [Anonymous Symbol]                       0x08001a30   Section        0  port.o(.text.SVC_Handler)
    pxCurrentTCBConst2                       0x08001a50   Number         0  port.o(.text.SVC_Handler)
    [Anonymous Symbol]                       0x08001a54   Section        0  port.o(.text.SysTick_Handler)
    [Anonymous Symbol]                       0x08001a84   Section        0  system_stm32f1xx.o(.text.SystemInit)
    [Anonymous Symbol]                       0x08001a88   Section        0  stm32f1xx_it.o(.text.TIM4_IRQHandler)
    [Anonymous Symbol]                       0x08001a94   Section        0  stm32f1xx_it.o(.text.UsageFault_Handler)
    _PrintUnsigned                           0x08001a99   Thumb Code   492  segger_rtt_printf.o(.text._PrintUnsigned)
    [Anonymous Symbol]                       0x08001a98   Section        0  segger_rtt_printf.o(.text._PrintUnsigned)
    _PrintUnsigned._aV2C                     0x08001c84   Number         0  segger_rtt_printf.o(.text._PrintUnsigned)
    [Anonymous Symbol]                       0x08001c94   Section        0  segger_rtt_syscalls_keil.o(.text._sys_exit)
    [Anonymous Symbol]                       0x08001c98   Section        0  main.o(.text.main)
    [Anonymous Symbol]                       0x08001d0c   Section        0  cmsis_os2.o(.text.osDelay)
    [Anonymous Symbol]                       0x08001d40   Section        0  cmsis_os2.o(.text.osKernelInitialize)
    [Anonymous Symbol]                       0x08001d7c   Section        0  cmsis_os2.o(.text.osKernelStart)
    [Anonymous Symbol]                       0x08001dc0   Section        0  cmsis_os2.o(.text.osThreadNew)
    prvAddNewTaskToReadyList                 0x08001eb1   Thumb Code   650  tasks.o(.text.prvAddNewTaskToReadyList)
    [Anonymous Symbol]                       0x08001eb0   Section        0  tasks.o(.text.prvAddNewTaskToReadyList)
    prvIdleTask                              0x0800213d   Thumb Code   134  tasks.o(.text.prvIdleTask)
    [Anonymous Symbol]                       0x0800213c   Section        0  tasks.o(.text.prvIdleTask)
    prvInitialiseNewTask                     0x080021c5   Thumb Code   278  tasks.o(.text.prvInitialiseNewTask)
    [Anonymous Symbol]                       0x080021c4   Section        0  tasks.o(.text.prvInitialiseNewTask)
    prvPortStartFirstTask                    0x080022dd   Thumb Code    26  port.o(.text.prvPortStartFirstTask)
    [Anonymous Symbol]                       0x080022dc   Section        0  port.o(.text.prvPortStartFirstTask)
    prvTaskExitError                         0x080022fd   Thumb Code    62  port.o(.text.prvTaskExitError)
    [Anonymous Symbol]                       0x080022fc   Section        0  port.o(.text.prvTaskExitError)
    prvTimerTask                             0x0800233d   Thumb Code   846  timers.o(.text.prvTimerTask)
    [Anonymous Symbol]                       0x0800233c   Section        0  timers.o(.text.prvTimerTask)
    prvUnlockQueue                           0x0800268d   Thumb Code   116  queue.o(.text.prvUnlockQueue)
    [Anonymous Symbol]                       0x0800268c   Section        0  queue.o(.text.prvUnlockQueue)
    [Anonymous Symbol]                       0x08002700   Section        0  heap_4.o(.text.pvPortMalloc)
    [Anonymous Symbol]                       0x08002900   Section        0  port.o(.text.pxPortInitialiseStack)
    [Anonymous Symbol]                       0x08002920   Section        0  list.o(.text.uxListRemove)
    [Anonymous Symbol]                       0x08002944   Section        0  cmsis_os2.o(.text.vApplicationGetIdleTaskMemory)
    [Anonymous Symbol]                       0x08002960   Section        0  cmsis_os2.o(.text.vApplicationGetTimerTaskMemory)
    [Anonymous Symbol]                       0x0800297c   Section        0  list.o(.text.vListInitialise)
    [Anonymous Symbol]                       0x08002994   Section        0  list.o(.text.vListInitialiseItem)
    [Anonymous Symbol]                       0x0800299c   Section        0  list.o(.text.vListInsert)
    [Anonymous Symbol]                       0x08002a00   Section        0  list.o(.text.vListInsertEnd)
    [Anonymous Symbol]                       0x08002a1c   Section        0  port.o(.text.vPortEnterCritical)
    [Anonymous Symbol]                       0x08002a64   Section        0  port.o(.text.vPortExitCritical)
    [Anonymous Symbol]                       0x08002a94   Section        0  heap_4.o(.text.vPortFree)
    [Anonymous Symbol]                       0x08002b60   Section        0  port.o(.text.vPortSetupTimerInterrupt)
    [Anonymous Symbol]                       0x08002b94   Section        0  queue.o(.text.vQueueAddToRegistry)
    [Anonymous Symbol]                       0x08002c44   Section        0  queue.o(.text.vQueueWaitForMessageRestricted)
    [Anonymous Symbol]                       0x08002c98   Section        0  tasks.o(.text.vTaskDelay)
    [Anonymous Symbol]                       0x08002d18   Section        0  tasks.o(.text.vTaskInternalSetTimeOutState)
    [Anonymous Symbol]                       0x08002d2c   Section        0  tasks.o(.text.vTaskMissedYield)
    [Anonymous Symbol]                       0x08002d3c   Section        0  tasks.o(.text.vTaskPlaceOnEventList)
    [Anonymous Symbol]                       0x08002db0   Section        0  tasks.o(.text.vTaskPlaceOnEventListRestricted)
    [Anonymous Symbol]                       0x08002e2c   Section        0  tasks.o(.text.vTaskStartScheduler)
    [Anonymous Symbol]                       0x08002f18   Section        0  tasks.o(.text.vTaskSuspendAll)
    [Anonymous Symbol]                       0x08002f28   Section        0  tasks.o(.text.vTaskSwitchContext)
    [Anonymous Symbol]                       0x08002fe4   Section        0  port.o(.text.xPortStartScheduler)
    [Anonymous Symbol]                       0x08003110   Section        0  queue.o(.text.xQueueGenericCreateStatic)
    [Anonymous Symbol]                       0x080031ec   Section        0  queue.o(.text.xQueueGenericSend)
    [Anonymous Symbol]                       0x08003418   Section        0  queue.o(.text.xQueueReceive)
    [Anonymous Symbol]                       0x080035c4   Section        0  tasks.o(.text.xTaskCheckForTimeOut)
    [Anonymous Symbol]                       0x08003668   Section        0  tasks.o(.text.xTaskCreate)
    [Anonymous Symbol]                       0x080036c8   Section        0  tasks.o(.text.xTaskCreateStatic)
    [Anonymous Symbol]                       0x0800373c   Section        0  tasks.o(.text.xTaskGetSchedulerState)
    [Anonymous Symbol]                       0x0800375c   Section        0  tasks.o(.text.xTaskGetTickCount)
    [Anonymous Symbol]                       0x08003768   Section        0  tasks.o(.text.xTaskIncrementTick)
    [Anonymous Symbol]                       0x08003864   Section        0  tasks.o(.text.xTaskPriorityDisinherit)
    [Anonymous Symbol]                       0x080038f0   Section        0  tasks.o(.text.xTaskRemoveFromEventList)
    [Anonymous Symbol]                       0x08003964   Section        0  tasks.o(.text.xTaskResumeAll)
    [Anonymous Symbol]                       0x08003a54   Section        0  timers.o(.text.xTimerCreateTimerTask)
    .L__const.HAL_RCC_GetSysClockFreq.aPredivFactorTable 0x08003b08   Data           2  stm32f1xx_hal_rcc.o(.rodata..L__const.HAL_RCC_GetSysClockFreq.aPredivFactorTable)
    .L__const.HAL_RCC_GetSysClockFreq.aPLLMULFactorTable 0x08003b48   Data          16  stm32f1xx_hal_rcc.o(.rodata.cst16)
    [Anonymous Symbol]                       0x08003b58   Section        0  freertos.o(.rodata.str1.1)
    .L.str.1                                 0x08003b61   Data           5  timers.o(.rodata.str1.1)
    [Anonymous Symbol]                       0x08003b61   Section        0  timers.o(.rodata.str1.1)
    .L.str                                   0x08003b66   Data           9  segger_rtt.o(.rodata.str1.1)
    [Anonymous Symbol]                       0x08003b66   Section        0  segger_rtt.o(.rodata.str1.1)
    .L.str.2                                 0x08003b6e   Data           1  segger_rtt.o(.rodata.str1.1)
    .L_MergedGlobals                         0x20000000   Data           8  stm32f1xx_hal.o(.data..L_MergedGlobals)
    [Anonymous Symbol]                       0x20000000   Section        0  stm32f1xx_hal.o(.data..L_MergedGlobals)
    uxCriticalNesting                        0x2000000c   Data           4  port.o(.data.uxCriticalNesting)
    [Anonymous Symbol]                       0x2000000c   Section        0  port.o(.data.uxCriticalNesting)
    .bss                                     0x20000010   Section       96  libspace.o(.bss)
    .L_MergedGlobals                         0x20000070   Data         120  tasks.o(.bss..L_MergedGlobals)
    [Anonymous Symbol]                       0x20000070   Section        0  tasks.o(.bss..L_MergedGlobals)
    uxTaskNumber                             0x20000074   Data           4  tasks.o(.bss..L_MergedGlobals)
    uxDeletedTasksWaitingCleanUp             0x20000078   Data           4  tasks.o(.bss..L_MergedGlobals)
    uxCurrentNumberOfTasks                   0x2000007c   Data           4  tasks.o(.bss..L_MergedGlobals)
    xSchedulerRunning                        0x20000080   Data           4  tasks.o(.bss..L_MergedGlobals)
    uxSchedulerSuspended                     0x20000084   Data           4  tasks.o(.bss..L_MergedGlobals)
    xTickCount                               0x20000088   Data           4  tasks.o(.bss..L_MergedGlobals)
    pxDelayedTaskList                        0x2000008c   Data           4  tasks.o(.bss..L_MergedGlobals)
    pxOverflowDelayedTaskList                0x20000090   Data           4  tasks.o(.bss..L_MergedGlobals)
    uxTopReadyPriority                       0x20000094   Data           4  tasks.o(.bss..L_MergedGlobals)
    xIdleTaskHandle                          0x20000098   Data           4  tasks.o(.bss..L_MergedGlobals)
    xNextTaskUnblockTime                     0x2000009c   Data           4  tasks.o(.bss..L_MergedGlobals)
    xYieldPending                            0x200000a0   Data           4  tasks.o(.bss..L_MergedGlobals)
    uxPendedTicks                            0x200000a4   Data           4  tasks.o(.bss..L_MergedGlobals)
    xNumOfOverflows                          0x200000a8   Data           4  tasks.o(.bss..L_MergedGlobals)
    xTasksWaitingTermination                 0x200000ac   Data          20  tasks.o(.bss..L_MergedGlobals)
    xSuspendedTaskList                       0x200000c0   Data          20  tasks.o(.bss..L_MergedGlobals)
    xPendingReadyList                        0x200000d4   Data          20  tasks.o(.bss..L_MergedGlobals)
    .L_MergedGlobals                         0x200000e8   Data          60  timers.o(.bss..L_MergedGlobals)
    xTimerQueue                              0x200000e8   Data           4  timers.o(.bss..L_MergedGlobals)
    [Anonymous Symbol]                       0x200000e8   Section        0  timers.o(.bss..L_MergedGlobals)
    xTimerTaskHandle                         0x200000ec   Data           4  timers.o(.bss..L_MergedGlobals)
    pxCurrentTimerList                       0x200000f0   Data           4  timers.o(.bss..L_MergedGlobals)
    pxOverflowTimerList                      0x200000f4   Data           4  timers.o(.bss..L_MergedGlobals)
    prvSampleTimeNow.xLastTime               0x200000f8   Data           4  timers.o(.bss..L_MergedGlobals)
    xActiveTimerList1                        0x200000fc   Data          20  timers.o(.bss..L_MergedGlobals)
    xActiveTimerList2                        0x20000110   Data          20  timers.o(.bss..L_MergedGlobals)
    .L_MergedGlobals                         0x20000124   Data          24  heap_4.o(.bss..L_MergedGlobals)
    xBlockAllocatedBit                       0x20000124   Data           1  heap_4.o(.bss..L_MergedGlobals)
    [Anonymous Symbol]                       0x20000124   Section        0  heap_4.o(.bss..L_MergedGlobals)
    pxEnd                                    0x20000128   Data           4  heap_4.o(.bss..L_MergedGlobals)
    xFreeBytesRemaining                      0x2000012c   Data           4  heap_4.o(.bss..L_MergedGlobals)
    xMinimumEverFreeBytesRemaining           0x20000130   Data           4  heap_4.o(.bss..L_MergedGlobals)
    xStart                                   0x20000134   Data           8  heap_4.o(.bss..L_MergedGlobals)
    .L_MergedGlobals                         0x2000013c   Data           8  port.o(.bss..L_MergedGlobals)
    ucMaxSysCallPriority                     0x2000013c   Data           1  port.o(.bss..L_MergedGlobals)
    [Anonymous Symbol]                       0x2000013c   Section        0  port.o(.bss..L_MergedGlobals)
    ulMaxPRIGROUPValue                       0x20000140   Data           4  port.o(.bss..L_MergedGlobals)
    .L_MergedGlobals                         0x20000144   Data          17  segger_rtt.o(.bss..L_MergedGlobals)
    _ActiveTerminal                          0x20000144   Data           1  segger_rtt.o(.bss..L_MergedGlobals)
    [Anonymous Symbol]                       0x20000144   Section        0  segger_rtt.o(.bss..L_MergedGlobals)
    _acDownBuffer                            0x20000145   Data          16  segger_rtt.o(.bss..L_MergedGlobals)
    .L_MergedGlobals.1                       0x20000158   Data          40  tasks.o(.bss..L_MergedGlobals.1)
    xDelayedTaskList1                        0x20000158   Data          20  tasks.o(.bss..L_MergedGlobals.1)
    [Anonymous Symbol]                       0x20000158   Section        0  tasks.o(.bss..L_MergedGlobals.1)
    xDelayedTaskList2                        0x2000016c   Data          20  tasks.o(.bss..L_MergedGlobals.1)
    Idle_Stack                               0x20000180   Data         512  cmsis_os2.o(.bss.Idle_Stack)
    [Anonymous Symbol]                       0x20000180   Section        0  cmsis_os2.o(.bss.Idle_Stack)
    Idle_TCB                                 0x20000380   Data          92  cmsis_os2.o(.bss.Idle_TCB)
    [Anonymous Symbol]                       0x20000380   Section        0  cmsis_os2.o(.bss.Idle_TCB)
    KernelState                              0x200003dc   Data           4  cmsis_os2.o(.bss.KernelState)
    [Anonymous Symbol]                       0x200003dc   Section        0  cmsis_os2.o(.bss.KernelState)
    Timer_Stack                              0x200003e4   Data        1024  cmsis_os2.o(.bss.Timer_Stack)
    [Anonymous Symbol]                       0x200003e4   Section        0  cmsis_os2.o(.bss.Timer_Stack)
    Timer_TCB                                0x200007e4   Data          92  cmsis_os2.o(.bss.Timer_TCB)
    [Anonymous Symbol]                       0x200007e4   Section        0  cmsis_os2.o(.bss.Timer_TCB)
    _acUpBuffer                              0x200008e8   Data        1024  segger_rtt.o(.bss._acUpBuffer)
    [Anonymous Symbol]                       0x200008e8   Section        0  segger_rtt.o(.bss._acUpBuffer)
    prvCheckForValidListAndQueue.ucStaticTimerQueueStorage 0x20000d30   Data         160  timers.o(.bss.prvCheckForValidListAndQueue.ucStaticTimerQueueStorage)
    [Anonymous Symbol]                       0x20000d30   Section        0  timers.o(.bss.prvCheckForValidListAndQueue.ucStaticTimerQueueStorage)
    prvCheckForValidListAndQueue.xStaticTimerQueue 0x20000dd0   Data          80  timers.o(.bss.prvCheckForValidListAndQueue.xStaticTimerQueue)
    [Anonymous Symbol]                       0x20000dd0   Section        0  timers.o(.bss.prvCheckForValidListAndQueue.xStaticTimerQueue)
    pxReadyTasksLists                        0x20000e20   Data        1120  tasks.o(.bss.pxReadyTasksLists)
    [Anonymous Symbol]                       0x20000e20   Section        0  tasks.o(.bss.pxReadyTasksLists)
    ucHeap                                   0x20001280   Data        3072  heap_4.o(.bss.ucHeap)
    [Anonymous Symbol]                       0x20001280   Section        0  heap_4.o(.bss.ucHeap)
    Heap_Mem                                 0x20001ec8   Data         512  startup_stm32f103xb.o(HEAP)
    HEAP                                     0x20001ec8   Section      512  startup_stm32f103xb.o(HEAP)
    Stack_Mem                                0x200020c8   Data        1024  startup_stm32f103xb.o(STACK)
    STACK                                    0x200020c8   Section     1024  startup_stm32f103xb.o(STACK)
    __initial_sp                             0x200024c8   Data           0  startup_stm32f103xb.o(STACK)

    Global Symbols

    Symbol Name                              Value     Ov Type        Size  Object(Section)

    BuildAttributes$$THM_ISAv4$P$D$K$B$S$PE$A:L22UL41UL21$X:L11$S22US41US21$IEEE1$IW$~IW$USESV6$~STKCKD$USESV7$~SHL$OTIME$ROPI$EBA8$UX$STANDARDLIB$REQ8$PRES8$EABIv2 0x00000000   Number         0  anon$$obj.o ABSOLUTE
    __fp_init_empty                          0x00000000   Number         0  fpinit_empty.o ABSOLUTE
    __ARM_exceptions_init                     - Undefined Weak Reference
    __alloca_initialize                       - Undefined Weak Reference
    __arm_preinit_                            - Undefined Weak Reference
    __arm_relocate_pie_                       - Undefined Weak Reference
    __cpp_initialize__aeabi_                  - Undefined Weak Reference
    __cxa_finalize                            - Undefined Weak Reference
    __rt_locale                               - Undefined Weak Reference
    __sigvec_lookup                           - Undefined Weak Reference
    __user_heap_extent                        - Undefined Weak Reference
    _atexit_init                              - Undefined Weak Reference
    _call_atexit_fns                          - Undefined Weak Reference
    _clock_init                               - Undefined Weak Reference
    _fp_trap_init                             - Undefined Weak Reference
    _fp_trap_shutdown                         - Undefined Weak Reference
    _get_lc_collate                           - Undefined Weak Reference
    _get_lc_ctype                             - Undefined Weak Reference
    _get_lc_monetary                          - Undefined Weak Reference
    _get_lc_numeric                           - Undefined Weak Reference
    _get_lc_time                              - Undefined Weak Reference
    _getenv_init                              - Undefined Weak Reference
    _handle_redirection                       - Undefined Weak Reference
    _mutex_acquire                            - Undefined Weak Reference
    _mutex_free                               - Undefined Weak Reference
    _mutex_release                            - Undefined Weak Reference
    _rand_init                                - Undefined Weak Reference
    _signal_finish                            - Undefined Weak Reference
    _signal_init                              - Undefined Weak Reference
    __Vectors_Size                           0x000000ec   Number         0  startup_stm32f103xb.o ABSOLUTE
    __Vectors                                0x08000000   Data           4  startup_stm32f103xb.o(RESET)
    __Vectors_End                            0x080000ec   Data           0  startup_stm32f103xb.o(RESET)
    __main                                   0x080000ed   Thumb Code     8  __main.o(!!!main)
    __scatterload                            0x080000f5   Thumb Code     0  __scatter.o(!!!scatter)
    __scatterload_rt2                        0x080000f5   Thumb Code    44  __scatter.o(!!!scatter)
    __scatterload_rt2_thumb_only             0x080000f5   Thumb Code     0  __scatter.o(!!!scatter)
    __scatterload_null                       0x08000103   Thumb Code     0  __scatter.o(!!!scatter)
    __scatterload_copy                       0x08000129   Thumb Code    26  __scatter_copy.o(!!handler_copy)
    __scatterload_zeroinit                   0x08000145   Thumb Code    28  __scatter_zi.o(!!handler_zi)
    __rt_lib_init                            0x08000161   Thumb Code     0  libinit.o(.ARM.Collect$$libinit$$00000000)
    __rt_lib_init_alloca_1                   0x08000163   Thumb Code     0  libinit2.o(.ARM.Collect$$libinit$$00000030)
    __rt_lib_init_argv_1                     0x08000163   Thumb Code     0  libinit2.o(.ARM.Collect$$libinit$$0000002E)
    __rt_lib_init_atexit_1                   0x08000163   Thumb Code     0  libinit2.o(.ARM.Collect$$libinit$$0000001D)
    __rt_lib_init_clock_1                    0x08000163   Thumb Code     0  libinit2.o(.ARM.Collect$$libinit$$00000023)
    __rt_lib_init_cpp_1                      0x08000163   Thumb Code     0  libinit2.o(.ARM.Collect$$libinit$$00000034)
    __rt_lib_init_exceptions_1               0x08000163   Thumb Code     0  libinit2.o(.ARM.Collect$$libinit$$00000032)
    __rt_lib_init_fp_1                       0x08000163   Thumb Code     0  libinit2.o(.ARM.Collect$$libinit$$00000002)
    __rt_lib_init_fp_trap_1                  0x08000163   Thumb Code     0  libinit2.o(.ARM.Collect$$libinit$$00000021)
    __rt_lib_init_getenv_1                   0x08000163   Thumb Code     0  libinit2.o(.ARM.Collect$$libinit$$00000025)
    __rt_lib_init_heap_1                     0x08000163   Thumb Code     0  libinit2.o(.ARM.Collect$$libinit$$0000000C)
    __rt_lib_init_lc_collate_1               0x08000163   Thumb Code     0  libinit2.o(.ARM.Collect$$libinit$$00000013)
    __rt_lib_init_lc_ctype_1                 0x08000163   Thumb Code     0  libinit2.o(.ARM.Collect$$libinit$$00000015)
    __rt_lib_init_lc_monetary_1              0x08000163   Thumb Code     0  libinit2.o(.ARM.Collect$$libinit$$00000017)
    __rt_lib_init_lc_numeric_1               0x08000163   Thumb Code     0  libinit2.o(.ARM.Collect$$libinit$$00000019)
    __rt_lib_init_lc_time_1                  0x08000163   Thumb Code     0  libinit2.o(.ARM.Collect$$libinit$$0000001B)
    __rt_lib_init_preinit_1                  0x08000163   Thumb Code     0  libinit2.o(.ARM.Collect$$libinit$$00000006)
    __rt_lib_init_rand_1                     0x08000163   Thumb Code     0  libinit2.o(.ARM.Collect$$libinit$$00000010)
    __rt_lib_init_relocate_pie_1             0x08000163   Thumb Code     0  libinit2.o(.ARM.Collect$$libinit$$00000004)
    __rt_lib_init_return                     0x08000163   Thumb Code     0  libinit2.o(.ARM.Collect$$libinit$$00000035)
    __rt_lib_init_signal_1                   0x08000163   Thumb Code     0  libinit2.o(.ARM.Collect$$libinit$$0000001F)
    __rt_lib_init_stdio_1                    0x08000163   Thumb Code     0  libinit2.o(.ARM.Collect$$libinit$$00000027)
    __rt_lib_init_user_alloc_1               0x08000163   Thumb Code     0  libinit2.o(.ARM.Collect$$libinit$$0000000E)
    __rt_lib_shutdown                        0x08000165   Thumb Code     0  libshutdown.o(.ARM.Collect$$libshutdown$$00000000)
    __rt_lib_shutdown_cpp_1                  0x08000167   Thumb Code     0  libshutdown2.o(.ARM.Collect$$libshutdown$$00000002)
    __rt_lib_shutdown_fp_trap_1              0x08000167   Thumb Code     0  libshutdown2.o(.ARM.Collect$$libshutdown$$00000007)
    __rt_lib_shutdown_heap_1                 0x08000167   Thumb Code     0  libshutdown2.o(.ARM.Collect$$libshutdown$$0000000F)
    __rt_lib_shutdown_return                 0x08000167   Thumb Code     0  libshutdown2.o(.ARM.Collect$$libshutdown$$00000010)
    __rt_lib_shutdown_signal_1               0x08000167   Thumb Code     0  libshutdown2.o(.ARM.Collect$$libshutdown$$0000000A)
    __rt_lib_shutdown_stdio_1                0x08000167   Thumb Code     0  libshutdown2.o(.ARM.Collect$$libshutdown$$00000004)
    __rt_lib_shutdown_user_alloc_1           0x08000167   Thumb Code     0  libshutdown2.o(.ARM.Collect$$libshutdown$$0000000C)
    __rt_entry                               0x08000169   Thumb Code     0  __rtentry.o(.ARM.Collect$$rtentry$$00000000)
    __rt_entry_presh_1                       0x08000169   Thumb Code     0  __rtentry2.o(.ARM.Collect$$rtentry$$00000002)
    __rt_entry_sh                            0x08000169   Thumb Code     0  __rtentry4.o(.ARM.Collect$$rtentry$$00000004)
    __rt_entry_li                            0x0800016f   Thumb Code     0  __rtentry2.o(.ARM.Collect$$rtentry$$0000000A)
    __rt_entry_postsh_1                      0x0800016f   Thumb Code     0  __rtentry2.o(.ARM.Collect$$rtentry$$00000009)
    __rt_entry_main                          0x08000173   Thumb Code     0  __rtentry2.o(.ARM.Collect$$rtentry$$0000000D)
    __rt_entry_postli_1                      0x08000173   Thumb Code     0  __rtentry2.o(.ARM.Collect$$rtentry$$0000000C)
    __rt_exit                                0x0800017b   Thumb Code     0  rtexit.o(.ARM.Collect$$rtexit$$00000000)
    __rt_exit_ls                             0x0800017d   Thumb Code     0  rtexit2.o(.ARM.Collect$$rtexit$$00000003)
    __rt_exit_prels_1                        0x0800017d   Thumb Code     0  rtexit2.o(.ARM.Collect$$rtexit$$00000002)
    __rt_exit_exit                           0x08000181   Thumb Code     0  rtexit2.o(.ARM.Collect$$rtexit$$00000004)
    Reset_Handler                            0x08000189   Thumb Code     8  startup_stm32f103xb.o(.text)
    ADC1_2_IRQHandler                        0x080001a3   Thumb Code     0  startup_stm32f103xb.o(.text)
    CAN1_RX1_IRQHandler                      0x080001a3   Thumb Code     0  startup_stm32f103xb.o(.text)
    CAN1_SCE_IRQHandler                      0x080001a3   Thumb Code     0  startup_stm32f103xb.o(.text)
    DMA1_Channel1_IRQHandler                 0x080001a3   Thumb Code     0  startup_stm32f103xb.o(.text)
    DMA1_Channel2_IRQHandler                 0x080001a3   Thumb Code     0  startup_stm32f103xb.o(.text)
    DMA1_Channel3_IRQHandler                 0x080001a3   Thumb Code     0  startup_stm32f103xb.o(.text)
    DMA1_Channel4_IRQHandler                 0x080001a3   Thumb Code     0  startup_stm32f103xb.o(.text)
    DMA1_Channel5_IRQHandler                 0x080001a3   Thumb Code     0  startup_stm32f103xb.o(.text)
    DMA1_Channel6_IRQHandler                 0x080001a3   Thumb Code     0  startup_stm32f103xb.o(.text)
    DMA1_Channel7_IRQHandler                 0x080001a3   Thumb Code     0  startup_stm32f103xb.o(.text)
    EXTI0_IRQHandler                         0x080001a3   Thumb Code     0  startup_stm32f103xb.o(.text)
    EXTI15_10_IRQHandler                     0x080001a3   Thumb Code     0  startup_stm32f103xb.o(.text)
    EXTI1_IRQHandler                         0x080001a3   Thumb Code     0  startup_stm32f103xb.o(.text)
    EXTI2_IRQHandler                         0x080001a3   Thumb Code     0  startup_stm32f103xb.o(.text)
    EXTI3_IRQHandler                         0x080001a3   Thumb Code     0  startup_stm32f103xb.o(.text)
    EXTI4_IRQHandler                         0x080001a3   Thumb Code     0  startup_stm32f103xb.o(.text)
    EXTI9_5_IRQHandler                       0x080001a3   Thumb Code     0  startup_stm32f103xb.o(.text)
    FLASH_IRQHandler                         0x080001a3   Thumb Code     0  startup_stm32f103xb.o(.text)
    I2C1_ER_IRQHandler                       0x080001a3   Thumb Code     0  startup_stm32f103xb.o(.text)
    I2C1_EV_IRQHandler                       0x080001a3   Thumb Code     0  startup_stm32f103xb.o(.text)
    I2C2_ER_IRQHandler                       0x080001a3   Thumb Code     0  startup_stm32f103xb.o(.text)
    I2C2_EV_IRQHandler                       0x080001a3   Thumb Code     0  startup_stm32f103xb.o(.text)
    PVD_IRQHandler                           0x080001a3   Thumb Code     0  startup_stm32f103xb.o(.text)
    RCC_IRQHandler                           0x080001a3   Thumb Code     0  startup_stm32f103xb.o(.text)
    RTC_Alarm_IRQHandler                     0x080001a3   Thumb Code     0  startup_stm32f103xb.o(.text)
    RTC_IRQHandler                           0x080001a3   Thumb Code     0  startup_stm32f103xb.o(.text)
    SPI1_IRQHandler                          0x080001a3   Thumb Code     0  startup_stm32f103xb.o(.text)
    SPI2_IRQHandler                          0x080001a3   Thumb Code     0  startup_stm32f103xb.o(.text)
    TAMPER_IRQHandler                        0x080001a3   Thumb Code     0  startup_stm32f103xb.o(.text)
    TIM1_BRK_IRQHandler                      0x080001a3   Thumb Code     0  startup_stm32f103xb.o(.text)
    TIM1_CC_IRQHandler                       0x080001a3   Thumb Code     0  startup_stm32f103xb.o(.text)
    TIM1_TRG_COM_IRQHandler                  0x080001a3   Thumb Code     0  startup_stm32f103xb.o(.text)
    TIM1_UP_IRQHandler                       0x080001a3   Thumb Code     0  startup_stm32f103xb.o(.text)
    TIM2_IRQHandler                          0x080001a3   Thumb Code     0  startup_stm32f103xb.o(.text)
    TIM3_IRQHandler                          0x080001a3   Thumb Code     0  startup_stm32f103xb.o(.text)
    USART1_IRQHandler                        0x080001a3   Thumb Code     0  startup_stm32f103xb.o(.text)
    USART2_IRQHandler                        0x080001a3   Thumb Code     0  startup_stm32f103xb.o(.text)
    USART3_IRQHandler                        0x080001a3   Thumb Code     0  startup_stm32f103xb.o(.text)
    USBWakeUp_IRQHandler                     0x080001a3   Thumb Code     0  startup_stm32f103xb.o(.text)
    USB_HP_CAN1_TX_IRQHandler                0x080001a3   Thumb Code     0  startup_stm32f103xb.o(.text)
    USB_LP_CAN1_RX0_IRQHandler               0x080001a3   Thumb Code     0  startup_stm32f103xb.o(.text)
    WWDG_IRQHandler                          0x080001a3   Thumb Code     0  startup_stm32f103xb.o(.text)
    __user_initial_stackheap                 0x080001a5   Thumb Code     0  startup_stm32f103xb.o(.text)
    __aeabi_memcpy                           0x080001c9   Thumb Code     0  rt_memcpy_v6.o(.text)
    __rt_memcpy                              0x080001c9   Thumb Code   138  rt_memcpy_v6.o(.text)
    _memcpy_lastbytes                        0x0800022f   Thumb Code     0  rt_memcpy_v6.o(.text)
    __aeabi_memset4                          0x08000253   Thumb Code    16  aeabi_memset4.o(.text)
    __aeabi_memset8                          0x08000253   Thumb Code     0  aeabi_memset4.o(.text)
    __aeabi_memclr4                          0x08000263   Thumb Code     0  rt_memclr_w.o(.text)
    __aeabi_memclr8                          0x08000263   Thumb Code     0  rt_memclr_w.o(.text)
    __rt_memclr_w                            0x08000263   Thumb Code     0  rt_memclr_w.o(.text)
    _memset_w                                0x08000267   Thumb Code    74  rt_memclr_w.o(.text)
    __use_two_region_memory                  0x080002b1   Thumb Code     2  heapauxi.o(.text)
    __rt_heap_escrow                         0x080002b3   Thumb Code     2  heapauxi.o(.text)
    __rt_heap_expand                         0x080002b5   Thumb Code     2  heapauxi.o(.text)
    __aeabi_memcpy4                          0x080002b7   Thumb Code     0  rt_memcpy_w.o(.text)
    __aeabi_memcpy8                          0x080002b7   Thumb Code     0  rt_memcpy_w.o(.text)
    __rt_memcpy_w                            0x080002b7   Thumb Code   100  rt_memcpy_w.o(.text)
    _memcpy_lastbytes_aligned                0x080002ff   Thumb Code     0  rt_memcpy_w.o(.text)
    __user_setup_stackheap                   0x0800031b   Thumb Code    74  sys_stackheap_outer.o(.text)
    exit                                     0x08000365   Thumb Code    18  exit.o(.text)
    __user_libspace                          0x08000379   Thumb Code     8  libspace.o(.text)
    __user_perproc_libspace                  0x08000379   Thumb Code     0  libspace.o(.text)
    __user_perthread_libspace                0x08000379   Thumb Code     0  libspace.o(.text)
    BusFault_Handler                         0x08000381   Thumb Code     2  stm32f1xx_it.o(.text.BusFault_Handler)
    DebugMon_Handler                         0x08000385   Thumb Code     2  stm32f1xx_it.o(.text.DebugMon_Handler)
    HAL_GPIO_Init                            0x08000389   Thumb Code   530  stm32f1xx_hal_gpio.o(.text.HAL_GPIO_Init)
    HAL_GPIO_WritePin                        0x0800059d   Thumb Code    10  stm32f1xx_hal_gpio.o(.text.HAL_GPIO_WritePin)
    HAL_GetTick                              0x080005a9   Thumb Code    12  stm32f1xx_hal.o(.text.HAL_GetTick)
    HAL_IncTick                              0x080005b5   Thumb Code    26  stm32f1xx_hal.o(.text.HAL_IncTick)
    HAL_Init                                 0x080005d1   Thumb Code    38  stm32f1xx_hal.o(.text.HAL_Init)
    HAL_InitTick                             0x080005f9   Thumb Code   188  stm32f1xx_hal_timebase_tim.o(.text.HAL_InitTick)
    HAL_MspInit                              0x080006b5   Thumb Code    80  stm32f1xx_hal_msp.o(.text.HAL_MspInit)
    HAL_NVIC_EnableIRQ                       0x08000705   Thumb Code    32  stm32f1xx_hal_cortex.o(.text.HAL_NVIC_EnableIRQ)
    HAL_NVIC_SetPriority                     0x08000725   Thumb Code    86  stm32f1xx_hal_cortex.o(.text.HAL_NVIC_SetPriority)
    HAL_NVIC_SetPriorityGrouping             0x0800077d   Thumb Code    32  stm32f1xx_hal_cortex.o(.text.HAL_NVIC_SetPriorityGrouping)
    HAL_RCC_ClockConfig                      0x0800079d   Thumb Code   446  stm32f1xx_hal_rcc.o(.text.HAL_RCC_ClockConfig)
    HAL_RCC_GetClockConfig                   0x0800095d   Thumb Code    66  stm32f1xx_hal_rcc.o(.text.HAL_RCC_GetClockConfig)
    HAL_RCC_GetPCLK1Freq                     0x080009a1   Thumb Code    38  stm32f1xx_hal_rcc.o(.text.HAL_RCC_GetPCLK1Freq)
    HAL_RCC_OscConfig                        0x080009c9   Thumb Code   948  stm32f1xx_hal_rcc.o(.text.HAL_RCC_OscConfig)
    HAL_TIMEx_BreakCallback                  0x08000d7d   Thumb Code     2  stm32f1xx_hal_tim_ex.o(.text.HAL_TIMEx_BreakCallback)
    HAL_TIMEx_CommutCallback                 0x08000d81   Thumb Code     2  stm32f1xx_hal_tim_ex.o(.text.HAL_TIMEx_CommutCallback)
    HAL_TIM_Base_Init                        0x08000d85   Thumb Code   236  stm32f1xx_hal_tim.o(.text.HAL_TIM_Base_Init)
    HAL_TIM_Base_MspInit                     0x08000e71   Thumb Code     2  stm32f1xx_hal_tim.o(.text.HAL_TIM_Base_MspInit)
    HAL_TIM_Base_Start_IT                    0x08000e75   Thumb Code   110  stm32f1xx_hal_tim.o(.text.HAL_TIM_Base_Start_IT)
    HAL_TIM_IC_CaptureCallback               0x08000ee5   Thumb Code     2  stm32f1xx_hal_tim.o(.text.HAL_TIM_IC_CaptureCallback)
    HAL_TIM_IRQHandler                       0x08000ee9   Thumb Code   368  stm32f1xx_hal_tim.o(.text.HAL_TIM_IRQHandler)
    HAL_TIM_OC_DelayElapsedCallback          0x08001059   Thumb Code     2  stm32f1xx_hal_tim.o(.text.HAL_TIM_OC_DelayElapsedCallback)
    HAL_TIM_PWM_PulseFinishedCallback        0x0800105d   Thumb Code     2  stm32f1xx_hal_tim.o(.text.HAL_TIM_PWM_PulseFinishedCallback)
    HAL_TIM_PeriodElapsedCallback            0x08001061   Thumb Code    20  main.o(.text.HAL_TIM_PeriodElapsedCallback)
    HAL_TIM_TriggerCallback                  0x08001075   Thumb Code     2  stm32f1xx_hal_tim.o(.text.HAL_TIM_TriggerCallback)
    HardFault_Handler                        0x08001079   Thumb Code     2  stm32f1xx_it.o(.text.HardFault_Handler)
    LED_Task_Fun                             0x0800107d   Thumb Code    80  freertos.o(.text.LED_Task_Fun)
    MX_FREERTOS_Init                         0x080010ed   Thumb Code    36  freertos.o(.text.MX_FREERTOS_Init)
    MX_GPIO_Init                             0x08001111   Thumb Code   116  gpio.o(.text.MX_GPIO_Init)
    MemManage_Handler                        0x08001185   Thumb Code     2  stm32f1xx_it.o(.text.MemManage_Handler)
    NMI_Handler                              0x08001189   Thumb Code     2  stm32f1xx_it.o(.text.NMI_Handler)
    PendSV_Handler                           0x08001191   Thumb Code    68  port.o(.text.PendSV_Handler)
    SEGGER_RTT_Write                         0x080011d5   Thumb Code   170  segger_rtt.o(.text.SEGGER_RTT_Write)
    SEGGER_RTT_WriteNoLock                   0x08001281   Thumb Code   376  segger_rtt.o(.text.SEGGER_RTT_WriteNoLock)
    SEGGER_RTT_printf                        0x080013f9   Thumb Code    30  segger_rtt_printf.o(.text.SEGGER_RTT_printf)
    SEGGER_RTT_vprintf                       0x08001419   Thumb Code  1558  segger_rtt_printf.o(.text.SEGGER_RTT_vprintf)
    SVC_Handler                              0x08001a31   Thumb Code    36  port.o(.text.SVC_Handler)
    SysTick_Handler                          0x08001a55   Thumb Code    46  port.o(.text.SysTick_Handler)
    SystemInit                               0x08001a85   Thumb Code     2  system_stm32f1xx.o(.text.SystemInit)
    TIM4_IRQHandler                          0x08001a89   Thumb Code    12  stm32f1xx_it.o(.text.TIM4_IRQHandler)
    UsageFault_Handler                       0x08001a95   Thumb Code     2  stm32f1xx_it.o(.text.UsageFault_Handler)
    _sys_exit                                0x08001c95   Thumb Code     2  segger_rtt_syscalls_keil.o(.text._sys_exit)
    main                                     0x08001c99   Thumb Code   114  main.o(.text.main)
    osDelay                                  0x08001d0d   Thumb Code    52  cmsis_os2.o(.text.osDelay)
    osKernelInitialize                       0x08001d41   Thumb Code    60  cmsis_os2.o(.text.osKernelInitialize)
    osKernelStart                            0x08001d7d   Thumb Code    66  cmsis_os2.o(.text.osKernelStart)
    osThreadNew                              0x08001dc1   Thumb Code   240  cmsis_os2.o(.text.osThreadNew)
    pvPortMalloc                             0x08002701   Thumb Code   512  heap_4.o(.text.pvPortMalloc)
    pxPortInitialiseStack                    0x08002901   Thumb Code    32  port.o(.text.pxPortInitialiseStack)
    uxListRemove                             0x08002921   Thumb Code    36  list.o(.text.uxListRemove)
    vApplicationGetIdleTaskMemory            0x08002945   Thumb Code    26  cmsis_os2.o(.text.vApplicationGetIdleTaskMemory)
    vApplicationGetTimerTaskMemory           0x08002961   Thumb Code    28  cmsis_os2.o(.text.vApplicationGetTimerTaskMemory)
    vListInitialise                          0x0800297d   Thumb Code    22  list.o(.text.vListInitialise)
    vListInitialiseItem                      0x08002995   Thumb Code     6  list.o(.text.vListInitialiseItem)
    vListInsert                              0x0800299d   Thumb Code    98  list.o(.text.vListInsert)
    vListInsertEnd                           0x08002a01   Thumb Code    28  list.o(.text.vListInsertEnd)
    vPortEnterCritical                       0x08002a1d   Thumb Code    70  port.o(.text.vPortEnterCritical)
    vPortExitCritical                        0x08002a65   Thumb Code    46  port.o(.text.vPortExitCritical)
    vPortFree                                0x08002a95   Thumb Code   204  heap_4.o(.text.vPortFree)
    vPortSetupTimerInterrupt                 0x08002b61   Thumb Code    52  port.o(.text.vPortSetupTimerInterrupt)
    vQueueAddToRegistry                      0x08002b95   Thumb Code   176  queue.o(.text.vQueueAddToRegistry)
    vQueueWaitForMessageRestricted           0x08002c45   Thumb Code    82  queue.o(.text.vQueueWaitForMessageRestricted)
    vTaskDelay                               0x08002c99   Thumb Code   128  tasks.o(.text.vTaskDelay)
    vTaskInternalSetTimeOutState             0x08002d19   Thumb Code    18  tasks.o(.text.vTaskInternalSetTimeOutState)
    vTaskMissedYield                         0x08002d2d   Thumb Code    14  tasks.o(.text.vTaskMissedYield)
    vTaskPlaceOnEventList                    0x08002d3d   Thumb Code   116  tasks.o(.text.vTaskPlaceOnEventList)
    vTaskPlaceOnEventListRestricted          0x08002db1   Thumb Code   122  tasks.o(.text.vTaskPlaceOnEventListRestricted)
    vTaskStartScheduler                      0x08002e2d   Thumb Code   228  tasks.o(.text.vTaskStartScheduler)
    vTaskSuspendAll                          0x08002f19   Thumb Code    16  tasks.o(.text.vTaskSuspendAll)
    vTaskSwitchContext                       0x08002f29   Thumb Code   188  tasks.o(.text.vTaskSwitchContext)
    xPortStartScheduler                      0x08002fe5   Thumb Code   300  port.o(.text.xPortStartScheduler)
    xQueueGenericCreateStatic                0x08003111   Thumb Code   218  queue.o(.text.xQueueGenericCreateStatic)
    xQueueGenericSend                        0x080031ed   Thumb Code   554  queue.o(.text.xQueueGenericSend)
    xQueueReceive                            0x08003419   Thumb Code   426  queue.o(.text.xQueueReceive)
    xTaskCheckForTimeOut                     0x080035c5   Thumb Code   162  tasks.o(.text.xTaskCheckForTimeOut)
    xTaskCreate                              0x08003669   Thumb Code    96  tasks.o(.text.xTaskCreate)
    xTaskCreateStatic                        0x080036c9   Thumb Code   114  tasks.o(.text.xTaskCreateStatic)
    xTaskGetSchedulerState                   0x0800373d   Thumb Code    30  tasks.o(.text.xTaskGetSchedulerState)
    xTaskGetTickCount                        0x0800375d   Thumb Code    12  tasks.o(.text.xTaskGetTickCount)
    xTaskIncrementTick                       0x08003769   Thumb Code   252  tasks.o(.text.xTaskIncrementTick)
    xTaskPriorityDisinherit                  0x08003865   Thumb Code   138  tasks.o(.text.xTaskPriorityDisinherit)
    xTaskRemoveFromEventList                 0x080038f1   Thumb Code   114  tasks.o(.text.xTaskRemoveFromEventList)
    xTaskResumeAll                           0x08003965   Thumb Code   238  tasks.o(.text.xTaskResumeAll)
    xTimerCreateTimerTask                    0x08003a55   Thumb Code   172  timers.o(.text.xTimerCreateTimerTask)
    AHBPrescTable                            0x08003b0a   Data          16  system_stm32f1xx.o(.rodata.AHBPrescTable)
    APBPrescTable                            0x08003b1a   Data           8  system_stm32f1xx.o(.rodata.APBPrescTable)
    LED_Task_attributes                      0x08003b24   Data          36  freertos.o(.rodata.LED_Task_attributes)
    Region$$Table$$Base                      0x08003b70   Number         0  anon$$obj.o(Region$$Table)
    Region$$Table$$Limit                     0x08003b90   Number         0  anon$$obj.o(Region$$Table)
    uwTickFreq                               0x20000000   Data           1  stm32f1xx_hal.o(.data..L_MergedGlobals)
    uwTickPrio                               0x20000004   Data           4  stm32f1xx_hal.o(.data..L_MergedGlobals)
    SystemCoreClock                          0x20000008   Data           4  system_stm32f1xx.o(.data.SystemCoreClock)
    __libspace_start                         0x20000010   Data          96  libspace.o(.bss)
    __temporary_stack_top$libspace           0x20000070   Data           0  libspace.o(.bss)
    pxCurrentTCB                             0x20000070   Data           4  tasks.o(.bss..L_MergedGlobals)
    LED_TaskHandle                           0x200003e0   Data           4  freertos.o(.bss.LED_TaskHandle)
    _SEGGER_RTT                              0x20000840   Data         168  segger_rtt.o(.bss._SEGGER_RTT)
    htim4                                    0x20000ce8   Data          72  stm32f1xx_hal_timebase_tim.o(.bss.htim4)
    uwTick                                   0x20001e80   Data           4  stm32f1xx_hal.o(.bss.uwTick)
    xQueueRegistry                           0x20001e84   Data          64  queue.o(.bss.xQueueRegistry)



==============================================================================

Memory Map of the image

  Image Entry point : 0x080000ed

  Load Region LR_IROM1 (Base: 0x08000000, Size: 0x00003ba0, Max: 0x00010000, ABSOLUTE)

    Execution Region ER_IROM1 (Exec base: 0x08000000, Load base: 0x08000000, Size: 0x00003b90, Max: 0x00010000, ABSOLUTE)

    Exec Addr    Load Addr    Size         Type   Attr      Idx    E Section Name        Object

    0x08000000   0x08000000   0x000000ec   Data   RO            3    RESET               startup_stm32f103xb.o
    0x080000ec   0x080000ec   0x00000008   Code   RO         1477  * !!!main             c_w.l(__main.o)
    0x080000f4   0x080000f4   0x00000034   Code   RO         1777    !!!scatter          c_w.l(__scatter.o)
    0x08000128   0x08000128   0x0000001a   Code   RO         1779    !!handler_copy      c_w.l(__scatter_copy.o)
    0x08000142   0x08000142   0x00000002   PAD
    0x08000144   0x08000144   0x0000001c   Code   RO         1781    !!handler_zi        c_w.l(__scatter_zi.o)
    0x08000160   0x08000160   0x00000002   Code   RO         1710    .ARM.Collect$$libinit$$00000000  c_w.l(libinit.o)
    0x08000162   0x08000162   0x00000000   Code   RO         1597    .ARM.Collect$$libinit$$00000002  c_w.l(libinit2.o)
    0x08000162   0x08000162   0x00000000   Code   RO         1599    .ARM.Collect$$libinit$$00000004  c_w.l(libinit2.o)
    0x08000162   0x08000162   0x00000000   Code   RO         1601    .ARM.Collect$$libinit$$00000006  c_w.l(libinit2.o)
    0x08000162   0x08000162   0x00000000   Code   RO         1604    .ARM.Collect$$libinit$$0000000C  c_w.l(libinit2.o)
    0x08000162   0x08000162   0x00000000   Code   RO         1606    .ARM.Collect$$libinit$$0000000E  c_w.l(libinit2.o)
    0x08000162   0x08000162   0x00000000   Code   RO         1608    .ARM.Collect$$libinit$$00000010  c_w.l(libinit2.o)
    0x08000162   0x08000162   0x00000000   Code   RO         1611    .ARM.Collect$$libinit$$00000013  c_w.l(libinit2.o)
    0x08000162   0x08000162   0x00000000   Code   RO         1613    .ARM.Collect$$libinit$$00000015  c_w.l(libinit2.o)
    0x08000162   0x08000162   0x00000000   Code   RO         1615    .ARM.Collect$$libinit$$00000017  c_w.l(libinit2.o)
    0x08000162   0x08000162   0x00000000   Code   RO         1617    .ARM.Collect$$libinit$$00000019  c_w.l(libinit2.o)
    0x08000162   0x08000162   0x00000000   Code   RO         1619    .ARM.Collect$$libinit$$0000001B  c_w.l(libinit2.o)
    0x08000162   0x08000162   0x00000000   Code   RO         1621    .ARM.Collect$$libinit$$0000001D  c_w.l(libinit2.o)
    0x08000162   0x08000162   0x00000000   Code   RO         1623    .ARM.Collect$$libinit$$0000001F  c_w.l(libinit2.o)
    0x08000162   0x08000162   0x00000000   Code   RO         1625    .ARM.Collect$$libinit$$00000021  c_w.l(libinit2.o)
    0x08000162   0x08000162   0x00000000   Code   RO         1627    .ARM.Collect$$libinit$$00000023  c_w.l(libinit2.o)
    0x08000162   0x08000162   0x00000000   Code   RO         1629    .ARM.Collect$$libinit$$00000025  c_w.l(libinit2.o)
    0x08000162   0x08000162   0x00000000   Code   RO         1631    .ARM.Collect$$libinit$$00000027  c_w.l(libinit2.o)
    0x08000162   0x08000162   0x00000000   Code   RO         1635    .ARM.Collect$$libinit$$0000002E  c_w.l(libinit2.o)
    0x08000162   0x08000162   0x00000000   Code   RO         1637    .ARM.Collect$$libinit$$00000030  c_w.l(libinit2.o)
    0x08000162   0x08000162   0x00000000   Code   RO         1639    .ARM.Collect$$libinit$$00000032  c_w.l(libinit2.o)
    0x08000162   0x08000162   0x00000000   Code   RO         1641    .ARM.Collect$$libinit$$00000034  c_w.l(libinit2.o)
    0x08000162   0x08000162   0x00000002   Code   RO         1642    .ARM.Collect$$libinit$$00000035  c_w.l(libinit2.o)
    0x08000164   0x08000164   0x00000002   Code   RO         1774    .ARM.Collect$$libshutdown$$00000000  c_w.l(libshutdown.o)
    0x08000166   0x08000166   0x00000000   Code   RO         1644    .ARM.Collect$$libshutdown$$00000002  c_w.l(libshutdown2.o)
    0x08000166   0x08000166   0x00000000   Code   RO         1646    .ARM.Collect$$libshutdown$$00000004  c_w.l(libshutdown2.o)
    0x08000166   0x08000166   0x00000000   Code   RO         1649    .ARM.Collect$$libshutdown$$00000007  c_w.l(libshutdown2.o)
    0x08000166   0x08000166   0x00000000   Code   RO         1652    .ARM.Collect$$libshutdown$$0000000A  c_w.l(libshutdown2.o)
    0x08000166   0x08000166   0x00000000   Code   RO         1654    .ARM.Collect$$libshutdown$$0000000C  c_w.l(libshutdown2.o)
    0x08000166   0x08000166   0x00000000   Code   RO         1657    .ARM.Collect$$libshutdown$$0000000F  c_w.l(libshutdown2.o)
    0x08000166   0x08000166   0x00000002   Code   RO         1658    .ARM.Collect$$libshutdown$$00000010  c_w.l(libshutdown2.o)
    0x08000168   0x08000168   0x00000000   Code   RO         1479    .ARM.Collect$$rtentry$$00000000  c_w.l(__rtentry.o)
    0x08000168   0x08000168   0x00000000   Code   RO         1498    .ARM.Collect$$rtentry$$00000002  c_w.l(__rtentry2.o)
    0x08000168   0x08000168   0x00000006   Code   RO         1510    .ARM.Collect$$rtentry$$00000004  c_w.l(__rtentry4.o)
    0x0800016e   0x0800016e   0x00000000   Code   RO         1500    .ARM.Collect$$rtentry$$00000009  c_w.l(__rtentry2.o)
    0x0800016e   0x0800016e   0x00000004   Code   RO         1501    .ARM.Collect$$rtentry$$0000000A  c_w.l(__rtentry2.o)
    0x08000172   0x08000172   0x00000000   Code   RO         1503    .ARM.Collect$$rtentry$$0000000C  c_w.l(__rtentry2.o)
    0x08000172   0x08000172   0x00000008   Code   RO         1504    .ARM.Collect$$rtentry$$0000000D  c_w.l(__rtentry2.o)
    0x0800017a   0x0800017a   0x00000002   Code   RO         1716    .ARM.Collect$$rtexit$$00000000  c_w.l(rtexit.o)
    0x0800017c   0x0800017c   0x00000000   Code   RO         1742    .ARM.Collect$$rtexit$$00000002  c_w.l(rtexit2.o)
    0x0800017c   0x0800017c   0x00000004   Code   RO         1743    .ARM.Collect$$rtexit$$00000003  c_w.l(rtexit2.o)
    0x08000180   0x08000180   0x00000006   Code   RO         1744    .ARM.Collect$$rtexit$$00000004  c_w.l(rtexit2.o)
    0x08000186   0x08000186   0x00000002   PAD
    0x08000188   0x08000188   0x00000040   Code   RO            4    .text               startup_stm32f103xb.o
    0x080001c8   0x080001c8   0x0000008a   Code   RO         1463    .text               c_w.l(rt_memcpy_v6.o)
    0x08000252   0x08000252   0x00000010   Code   RO         1467    .text               c_w.l(aeabi_memset4.o)
    0x08000262   0x08000262   0x0000004e   Code   RO         1471    .text               c_w.l(rt_memclr_w.o)
    0x080002b0   0x080002b0   0x00000006   Code   RO         1475    .text               c_w.l(heapauxi.o)
    0x080002b6   0x080002b6   0x00000064   Code   RO         1491    .text               c_w.l(rt_memcpy_w.o)
    0x0800031a   0x0800031a   0x0000004a   Code   RO         1659    .text               c_w.l(sys_stackheap_outer.o)
    0x08000364   0x08000364   0x00000012   Code   RO         1695    .text               c_w.l(exit.o)
    0x08000376   0x08000376   0x00000002   PAD
    0x08000378   0x08000378   0x00000008   Code   RO         1713    .text               c_w.l(libspace.o)
    0x08000380   0x08000380   0x00000002   Code   RO           57    .text.BusFault_Handler  stm32f1xx_it.o
    0x08000382   0x08000382   0x00000002   PAD
    0x08000384   0x08000384   0x00000002   Code   RO           61    .text.DebugMon_Handler  stm32f1xx_it.o
    0x08000386   0x08000386   0x00000002   PAD
    0x08000388   0x08000388   0x00000212   Code   RO          223    .text.HAL_GPIO_Init  stm32f1xx_hal_gpio.o
    0x0800059a   0x0800059a   0x00000002   PAD
    0x0800059c   0x0800059c   0x0000000a   Code   RO          229    .text.HAL_GPIO_WritePin  stm32f1xx_hal_gpio.o
    0x080005a6   0x080005a6   0x00000002   PAD
    0x080005a8   0x080005a8   0x0000000c   Code   RO          123    .text.HAL_GetTick   stm32f1xx_hal.o
    0x080005b4   0x080005b4   0x0000001a   Code   RO          121    .text.HAL_IncTick   stm32f1xx_hal.o
    0x080005ce   0x080005ce   0x00000002   PAD
    0x080005d0   0x080005d0   0x00000026   Code   RO          111    .text.HAL_Init      stm32f1xx_hal.o
    0x080005f6   0x080005f6   0x00000002   PAD
    0x080005f8   0x080005f8   0x000000bc   Code   RO           82    .text.HAL_InitTick  stm32f1xx_hal_timebase_tim.o
    0x080006b4   0x080006b4   0x00000050   Code   RO           72    .text.HAL_MspInit   stm32f1xx_hal_msp.o
    0x08000704   0x08000704   0x00000020   Code   RO          283    .text.HAL_NVIC_EnableIRQ  stm32f1xx_hal_cortex.o
    0x08000724   0x08000724   0x00000056   Code   RO          281    .text.HAL_NVIC_SetPriority  stm32f1xx_hal_cortex.o
    0x0800077a   0x0800077a   0x00000002   PAD
    0x0800077c   0x0800077c   0x00000020   Code   RO          279    .text.HAL_NVIC_SetPriorityGrouping  stm32f1xx_hal_cortex.o
    0x0800079c   0x0800079c   0x000001be   Code   RO          175    .text.HAL_RCC_ClockConfig  stm32f1xx_hal_rcc.o
    0x0800095a   0x0800095a   0x00000002   PAD
    0x0800095c   0x0800095c   0x00000042   Code   RO          193    .text.HAL_RCC_GetClockConfig  stm32f1xx_hal_rcc.o
    0x0800099e   0x0800099e   0x00000002   PAD
    0x080009a0   0x080009a0   0x00000026   Code   RO          187    .text.HAL_RCC_GetPCLK1Freq  stm32f1xx_hal_rcc.o
    0x080009c6   0x080009c6   0x00000002   PAD
    0x080009c8   0x080009c8   0x000003b4   Code   RO          173    .text.HAL_RCC_OscConfig  stm32f1xx_hal_rcc.o
    0x08000d7c   0x08000d7c   0x00000002   Code   RO          748    .text.HAL_TIMEx_BreakCallback  stm32f1xx_hal_tim_ex.o
    0x08000d7e   0x08000d7e   0x00000002   PAD
    0x08000d80   0x08000d80   0x00000002   Code   RO          744    .text.HAL_TIMEx_CommutCallback  stm32f1xx_hal_tim_ex.o
    0x08000d82   0x08000d82   0x00000002   PAD
    0x08000d84   0x08000d84   0x000000ec   Code   RO          444    .text.HAL_TIM_Base_Init  stm32f1xx_hal_tim.o
    0x08000e70   0x08000e70   0x00000002   Code   RO          446    .text.HAL_TIM_Base_MspInit  stm32f1xx_hal_tim.o
    0x08000e72   0x08000e72   0x00000002   PAD
    0x08000e74   0x08000e74   0x0000006e   Code   RO          458    .text.HAL_TIM_Base_Start_IT  stm32f1xx_hal_tim.o
    0x08000ee2   0x08000ee2   0x00000002   PAD
    0x08000ee4   0x08000ee4   0x00000002   Code   RO          580    .text.HAL_TIM_IC_CaptureCallback  stm32f1xx_hal_tim.o
    0x08000ee6   0x08000ee6   0x00000002   PAD
    0x08000ee8   0x08000ee8   0x00000170   Code   RO          578    .text.HAL_TIM_IRQHandler  stm32f1xx_hal_tim.o
    0x08001058   0x08001058   0x00000002   Code   RO          582    .text.HAL_TIM_OC_DelayElapsedCallback  stm32f1xx_hal_tim.o
    0x0800105a   0x0800105a   0x00000002   PAD
    0x0800105c   0x0800105c   0x00000002   Code   RO          584    .text.HAL_TIM_PWM_PulseFinishedCallback  stm32f1xx_hal_tim.o
    0x0800105e   0x0800105e   0x00000002   PAD
    0x08001060   0x08001060   0x00000014   Code   RO           17    .text.HAL_TIM_PeriodElapsedCallback  main.o
    0x08001074   0x08001074   0x00000002   Code   RO          588    .text.HAL_TIM_TriggerCallback  stm32f1xx_hal_tim.o
    0x08001076   0x08001076   0x00000002   PAD
    0x08001078   0x08001078   0x00000002   Code   RO           53    .text.HardFault_Handler  stm32f1xx_it.o
    0x0800107a   0x0800107a   0x00000002   PAD
    0x0800107c   0x0800107c   0x00000070   Code   RO           39    .text.LED_Task_Fun  freertos.o
    0x080010ec   0x080010ec   0x00000024   Code   RO           37    .text.MX_FREERTOS_Init  freertos.o
    0x08001110   0x08001110   0x00000074   Code   RO           28    .text.MX_GPIO_Init  gpio.o
    0x08001184   0x08001184   0x00000002   Code   RO           55    .text.MemManage_Handler  stm32f1xx_it.o
    0x08001186   0x08001186   0x00000002   PAD
    0x08001188   0x08001188   0x00000002   Code   RO           51    .text.NMI_Handler   stm32f1xx_it.o
    0x0800118a   0x0800118a   0x00000006   PAD
    0x08001190   0x08001190   0x00000044   Code   RO         1299    .text.PendSV_Handler  port.o
    0x080011d4   0x080011d4   0x000000aa   Code   RO         1331    .text.SEGGER_RTT_Write  segger_rtt.o
    0x0800127e   0x0800127e   0x00000002   PAD
    0x08001280   0x08001280   0x00000178   Code   RO         1327    .text.SEGGER_RTT_WriteNoLock  segger_rtt.o
    0x080013f8   0x080013f8   0x0000001e   Code   RO         1394    .text.SEGGER_RTT_printf  segger_rtt_printf.o
    0x08001416   0x08001416   0x00000002   PAD
    0x08001418   0x08001418   0x00000616   Code   RO         1390    .text.SEGGER_RTT_vprintf  segger_rtt_printf.o
    0x08001a2e   0x08001a2e   0x00000002   PAD
    0x08001a30   0x08001a30   0x00000024   Code   RO         1285    .text.SVC_Handler   port.o
    0x08001a54   0x08001a54   0x0000002e   Code   RO         1301    .text.SysTick_Handler  port.o
    0x08001a82   0x08001a82   0x00000002   PAD
    0x08001a84   0x08001a84   0x00000002   Code   RO          762    .text.SystemInit    system_stm32f1xx.o
    0x08001a86   0x08001a86   0x00000002   PAD
    0x08001a88   0x08001a88   0x0000000c   Code   RO           63    .text.TIM4_IRQHandler  stm32f1xx_it.o
    0x08001a94   0x08001a94   0x00000002   Code   RO           59    .text.UsageFault_Handler  stm32f1xx_it.o
    0x08001a96   0x08001a96   0x00000002   PAD
    0x08001a98   0x08001a98   0x000001fc   Code   RO         1392    .text._PrintUnsigned  segger_rtt_printf.o
    0x08001c94   0x08001c94   0x00000002   Code   RO         1428    .text._sys_exit     segger_rtt_syscalls_keil.o
    0x08001c96   0x08001c96   0x00000002   PAD
    0x08001c98   0x08001c98   0x00000072   Code   RO           11    .text.main          main.o
    0x08001d0a   0x08001d0a   0x00000002   PAD
    0x08001d0c   0x08001d0c   0x00000034   Code   RO         1176    .text.osDelay       cmsis_os2.o
    0x08001d40   0x08001d40   0x0000003c   Code   RO         1116    .text.osKernelInitialize  cmsis_os2.o
    0x08001d7c   0x08001d7c   0x00000042   Code   RO         1122    .text.osKernelStart  cmsis_os2.o
    0x08001dbe   0x08001dbe   0x00000002   PAD
    0x08001dc0   0x08001dc0   0x000000f0   Code   RO         1138    .text.osThreadNew   cmsis_os2.o
    0x08001eb0   0x08001eb0   0x0000028a   Code   RO          959    .text.prvAddNewTaskToReadyList  tasks.o
    0x0800213a   0x0800213a   0x00000002   PAD
    0x0800213c   0x0800213c   0x00000086   Code   RO          991    .text.prvIdleTask   tasks.o
    0x080021c2   0x080021c2   0x00000002   PAD
    0x080021c4   0x080021c4   0x00000116   Code   RO          957    .text.prvInitialiseNewTask  tasks.o
    0x080022da   0x080022da   0x00000002   PAD
    0x080022dc   0x080022dc   0x00000020   Code   RO         1291    .text.prvPortStartFirstTask  port.o
    0x080022fc   0x080022fc   0x0000003e   Code   RO         1283    .text.prvTaskExitError  port.o
    0x0800233a   0x0800233a   0x00000002   PAD
    0x0800233c   0x0800233c   0x0000034e   Code   RO         1072    .text.prvTimerTask  timers.o
    0x0800268a   0x0800268a   0x00000002   PAD
    0x0800268c   0x0800268c   0x00000074   Code   RO          858    .text.prvUnlockQueue  queue.o
    0x08002700   0x08002700   0x00000200   Code   RO         1261    .text.pvPortMalloc  heap_4.o
    0x08002900   0x08002900   0x00000020   Code   RO         1281    .text.pxPortInitialiseStack  port.o
    0x08002920   0x08002920   0x00000024   Code   RO          822    .text.uxListRemove  list.o
    0x08002944   0x08002944   0x0000001a   Code   RO         1244    .text.vApplicationGetIdleTaskMemory  cmsis_os2.o
    0x0800295e   0x0800295e   0x00000002   PAD
    0x08002960   0x08002960   0x0000001c   Code   RO         1246    .text.vApplicationGetTimerTaskMemory  cmsis_os2.o
    0x0800297c   0x0800297c   0x00000016   Code   RO          814    .text.vListInitialise  list.o
    0x08002992   0x08002992   0x00000002   PAD
    0x08002994   0x08002994   0x00000006   Code   RO          816    .text.vListInitialiseItem  list.o
    0x0800299a   0x0800299a   0x00000002   PAD
    0x0800299c   0x0800299c   0x00000062   Code   RO          820    .text.vListInsert   list.o
    0x080029fe   0x080029fe   0x00000002   PAD
    0x08002a00   0x08002a00   0x0000001c   Code   RO          818    .text.vListInsertEnd  list.o
    0x08002a1c   0x08002a1c   0x00000046   Code   RO         1295    .text.vPortEnterCritical  port.o
    0x08002a62   0x08002a62   0x00000002   PAD
    0x08002a64   0x08002a64   0x0000002e   Code   RO         1297    .text.vPortExitCritical  port.o
    0x08002a92   0x08002a92   0x00000002   PAD
    0x08002a94   0x08002a94   0x000000cc   Code   RO         1263    .text.vPortFree     heap_4.o
    0x08002b60   0x08002b60   0x00000034   Code   RO         1289    .text.vPortSetupTimerInterrupt  port.o
    0x08002b94   0x08002b94   0x000000b0   Code   RO          892    .text.vQueueAddToRegistry  queue.o
    0x08002c44   0x08002c44   0x00000052   Code   RO          896    .text.vQueueWaitForMessageRestricted  queue.o
    0x08002c96   0x08002c96   0x00000002   PAD
    0x08002c98   0x08002c98   0x00000080   Code   RO          971    .text.vTaskDelay    tasks.o
    0x08002d18   0x08002d18   0x00000012   Code   RO         1019    .text.vTaskInternalSetTimeOutState  tasks.o
    0x08002d2a   0x08002d2a   0x00000002   PAD
    0x08002d2c   0x08002d2c   0x0000000e   Code   RO         1023    .text.vTaskMissedYield  tasks.o
    0x08002d3a   0x08002d3a   0x00000002   PAD
    0x08002d3c   0x08002d3c   0x00000074   Code   RO         1007    .text.vTaskPlaceOnEventList  tasks.o
    0x08002db0   0x08002db0   0x0000007a   Code   RO         1011    .text.vTaskPlaceOnEventListRestricted  tasks.o
    0x08002e2a   0x08002e2a   0x00000002   PAD
    0x08002e2c   0x08002e2c   0x000000ec   Code   RO          989    .text.vTaskStartScheduler  tasks.o
    0x08002f18   0x08002f18   0x00000010   Code   RO          967    .text.vTaskSuspendAll  tasks.o
    0x08002f28   0x08002f28   0x000000bc   Code   RO          983    .text.vTaskSwitchContext  tasks.o
    0x08002fe4   0x08002fe4   0x0000012c   Code   RO         1287    .text.xPortStartScheduler  port.o
    0x08003110   0x08003110   0x000000da   Code   RO          834    .text.xQueueGenericCreateStatic  queue.o
    0x080031ea   0x080031ea   0x00000002   PAD
    0x080031ec   0x080031ec   0x0000022a   Code   RO          848    .text.xQueueGenericSend  queue.o
    0x08003416   0x08003416   0x00000002   PAD
    0x08003418   0x08003418   0x000001aa   Code   RO          864    .text.xQueueReceive  queue.o
    0x080035c2   0x080035c2   0x00000002   PAD
    0x080035c4   0x080035c4   0x000000a2   Code   RO         1021    .text.xTaskCheckForTimeOut  tasks.o
    0x08003666   0x08003666   0x00000002   PAD
    0x08003668   0x08003668   0x00000060   Code   RO          961    .text.xTaskCreate   tasks.o
    0x080036c8   0x080036c8   0x00000072   Code   RO          955    .text.xTaskCreateStatic  tasks.o
    0x0800373a   0x0800373a   0x00000002   PAD
    0x0800373c   0x0800373c   0x0000001e   Code   RO         1035    .text.xTaskGetSchedulerState  tasks.o
    0x0800375a   0x0800375a   0x00000002   PAD
    0x0800375c   0x0800375c   0x0000000c   Code   RO          997    .text.xTaskGetTickCount  tasks.o
    0x08003768   0x08003768   0x000000fc   Code   RO          995    .text.xTaskIncrementTick  tasks.o
    0x08003864   0x08003864   0x0000008a   Code   RO         1039    .text.xTaskPriorityDisinherit  tasks.o
    0x080038ee   0x080038ee   0x00000002   PAD
    0x080038f0   0x080038f0   0x00000072   Code   RO         1013    .text.xTaskRemoveFromEventList  tasks.o
    0x08003962   0x08003962   0x00000002   PAD
    0x08003964   0x08003964   0x000000ee   Code   RO          969    .text.xTaskResumeAll  tasks.o
    0x08003a52   0x08003a52   0x00000002   PAD
    0x08003a54   0x08003a54   0x000000b4   Code   RO         1070    .text.xTimerCreateTimerTask  timers.o
    0x08003b08   0x08003b08   0x00000002   Data   RO          200    .rodata..L__const.HAL_RCC_GetSysClockFreq.aPredivFactorTable  stm32f1xx_hal_rcc.o
    0x08003b0a   0x08003b0a   0x00000010   Data   RO          767    .rodata.AHBPrescTable  system_stm32f1xx.o
    0x08003b1a   0x08003b1a   0x00000008   Data   RO          768    .rodata.APBPrescTable  system_stm32f1xx.o
    0x08003b22   0x08003b22   0x00000002   PAD
    0x08003b24   0x08003b24   0x00000024   Data   RO           42    .rodata.LED_Task_attributes  freertos.o
    0x08003b48   0x08003b48   0x00000010   Data   RO          199    .rodata.cst16       stm32f1xx_hal_rcc.o
    0x08003b58   0x08003b58   0x00000009   Data   RO           41    .rodata.str1.1      freertos.o
    0x08003b61   0x08003b61   0x00000005   Data   RO         1106    .rodata.str1.1      timers.o
    0x08003b66   0x08003b66   0x00000009   Data   RO         1379    .rodata.str1.1      segger_rtt.o
    0x08003b6f   0x08003b6f   0x00000001   PAD
    0x08003b70   0x08003b70   0x00000020   Data   RO         1776    Region$$Table       anon$$obj.o


    Execution Region RW_IRAM1 (Exec base: 0x20000000, Load base: 0x08003b90, Size: 0x000024c8, Max: 0x00005000, ABSOLUTE)

    Exec Addr    Load Addr    Size         Type   Attr      Idx    E Section Name        Object

    0x20000000   0x08003b90   0x00000008   Data   RW          162    .data..L_MergedGlobals  stm32f1xx_hal.o
    0x20000008   0x08003b98   0x00000004   Data   RW          766    .data.SystemCoreClock  system_stm32f1xx.o
    0x2000000c   0x08003b9c   0x00000004   Data   RW         1305    .data.uxCriticalNesting  port.o
    0x20000010        -       0x00000060   Zero   RW         1714    .bss                c_w.l(libspace.o)
    0x20000070        -       0x00000078   Zero   RW         1060    .bss..L_MergedGlobals  tasks.o
    0x200000e8        -       0x0000003c   Zero   RW         1107    .bss..L_MergedGlobals  timers.o
    0x20000124        -       0x00000018   Zero   RW         1272    .bss..L_MergedGlobals  heap_4.o
    0x2000013c        -       0x00000008   Zero   RW         1306    .bss..L_MergedGlobals  port.o
    0x20000144        -       0x00000011   Zero   RW         1381    .bss..L_MergedGlobals  segger_rtt.o
    0x20000155   0x08003ba0   0x00000003   PAD
    0x20000158        -       0x00000028   Zero   RW         1061    .bss..L_MergedGlobals.1  tasks.o
    0x20000180        -       0x00000200   Zero   RW         1250    .bss.Idle_Stack     cmsis_os2.o
    0x20000380        -       0x0000005c   Zero   RW         1249    .bss.Idle_TCB       cmsis_os2.o
    0x200003dc        -       0x00000004   Zero   RW         1248    .bss.KernelState    cmsis_os2.o
    0x200003e0        -       0x00000004   Zero   RW           43    .bss.LED_TaskHandle  freertos.o
    0x200003e4        -       0x00000400   Zero   RW         1252    .bss.Timer_Stack    cmsis_os2.o
    0x200007e4        -       0x0000005c   Zero   RW         1251    .bss.Timer_TCB      cmsis_os2.o
    0x20000840        -       0x000000a8   Zero   RW         1377    .bss._SEGGER_RTT    segger_rtt.o
    0x200008e8        -       0x00000400   Zero   RW         1380    .bss._acUpBuffer    segger_rtt.o
    0x20000ce8        -       0x00000048   Zero   RW           88    .bss.htim4          stm32f1xx_hal_timebase_tim.o
    0x20000d30        -       0x000000a0   Zero   RW         1105    .bss.prvCheckForValidListAndQueue.ucStaticTimerQueueStorage  timers.o
    0x20000dd0        -       0x00000050   Zero   RW         1104    .bss.prvCheckForValidListAndQueue.xStaticTimerQueue  timers.o
    0x20000e20        -       0x00000460   Zero   RW         1059    .bss.pxReadyTasksLists  tasks.o
    0x20001280        -       0x00000c00   Zero   RW         1271    .bss.ucHeap         heap_4.o
    0x20001e80        -       0x00000004   Zero   RW          161    .bss.uwTick         stm32f1xx_hal.o
    0x20001e84        -       0x00000040   Zero   RW          898    .bss.xQueueRegistry  queue.o
    0x20001ec4   0x08003ba0   0x00000004   PAD
    0x20001ec8        -       0x00000200   Zero   RW            2    HEAP                startup_stm32f103xb.o
    0x200020c8        -       0x00000400   Zero   RW            1    STACK               startup_stm32f103xb.o


==============================================================================

Image component sizes


      Code (inc. data)   RO Data    RW Data    ZI Data      Debug   Object Name

       472          0          0          0       1724      39995   cmsis_os2.o
       148         32         45          0          4       3168   freertos.o
       116          0          0          0          0       1525   gpio.o
       716          0          0          0       3096       4534   heap_4.o
       190          0          0          0          0       2314   list.o
       134          0          0          0          0       5143   main.o
       744         12          0          4          8       3887   port.o
      1572          0          0          0         64      28041   queue.o
       546          0          9          0       1209      31889   segger_rtt.o
      2096        110          0          0          0       8454   segger_rtt_printf.o
         2          0          0          0          0       3123   segger_rtt_syscalls_keil.o
        64         26        236          0       1536        784   startup_stm32f103xb.o
        76          0          0          8          4       5737   stm32f1xx_hal.o
       150          0          0          0          0       8463   stm32f1xx_hal_cortex.o
       540         22          0          0          0       4583   stm32f1xx_hal_gpio.o
        80          0          0          0          0       2366   stm32f1xx_hal_msp.o
      1498          0         18          0          0       7637   stm32f1xx_hal_rcc.o
       724          0          0          0          0      54302   stm32f1xx_hal_tim.o
         4          0          0          0          0      20408   stm32f1xx_hal_tim_ex.o
       188          0          0          0         72       5841   stm32f1xx_hal_timebase_tim.o
        24          0          0          0          0       3959   stm32f1xx_it.o
         2          0         24          4          0       1617   system_stm32f1xx.o
      3056          8          0          0       1280      42847   tasks.o
      1026          8          5          0        300      15391   timers.o

    ----------------------------------------------------------------------
     14280        218        372         16       9304     306008   Object Totals
         0          0         32          0          0          0   (incl. Generated)
       112          0          3          0          7          0   (incl. Padding)

    ----------------------------------------------------------------------

      Code (inc. data)   RO Data    RW Data    ZI Data      Debug   Library Member Name

         8          0          0          0          0         68   __main.o
         0          0          0          0          0          0   __rtentry.o
        12          0          0          0          0          0   __rtentry2.o
         6          0          0          0          0          0   __rtentry4.o
        52          8          0          0          0          0   __scatter.o
        26          0          0          0          0          0   __scatter_copy.o
        28          0          0          0          0          0   __scatter_zi.o
        16          0          0          0          0         68   aeabi_memset4.o
        18          0          0          0          0         80   exit.o
         6          0          0          0          0        152   heapauxi.o
         2          0          0          0          0          0   libinit.o
         2          0          0          0          0          0   libinit2.o
         2          0          0          0          0          0   libshutdown.o
         2          0          0          0          0          0   libshutdown2.o
         8          4          0          0         96         68   libspace.o
        78          0          0          0          0         80   rt_memclr_w.o
       138          0          0          0          0         68   rt_memcpy_v6.o
       100          0          0          0          0         80   rt_memcpy_w.o
         2          0          0          0          0          0   rtexit.o
        10          0          0          0          0          0   rtexit2.o
        74          0          0          0          0         80   sys_stackheap_outer.o

    ----------------------------------------------------------------------
       596         12          0          0         96        744   Library Totals
         6          0          0          0          0          0   (incl. Padding)

    ----------------------------------------------------------------------

      Code (inc. data)   RO Data    RW Data    ZI Data      Debug   Library Name

       590         12          0          0         96        744   c_w.l

    ----------------------------------------------------------------------
       596         12          0          0         96        744   Library Totals

    ----------------------------------------------------------------------

==============================================================================


      Code (inc. data)   RO Data    RW Data    ZI Data      Debug   

     14876        230        372         16       9400     306100   Grand Totals
     14876        230        372         16       9400     306100   ELF Image Totals
     14876        230        372         16          0          0   ROM Totals

==============================================================================

    Total RO  Size (Code + RO Data)                15248 (  14.89kB)
    Total RW  Size (RW Data + ZI Data)              9416 (   9.20kB)
    Total ROM Size (Code + RO Data + RW Data)      15264 (  14.91kB)

==============================================================================

