<html>
<body>
<pre>
<h1>µVision Build Log</h1>
<h2>Tool Versions:</h2>
IDE-Version: ¦ÌVision V5.37.0.0
Copyright (C) 2022 ARM Ltd and ARM Germany GmbH. All rights reserved.
License Information: 1 1, 1, LIC=IK1BF-6GJU2-30ZNC-70PCW-8WHZT-U223B
 
Tool Versions:
Toolchain:       MDK-ARM Plus  Version: 5.37.0.0
Toolchain Path:  D:\Code\Keil_v5\ARM\ARMCLANG\Bin
C Compiler:      ArmClang.exe V6.18
Assembler:       Armasm.exe V6.18
Linker/Locator:  ArmLink.exe V6.18
Library Manager: ArmAr.exe V6.18
Hex Converter:   FromElf.exe V6.18
CPU DLL:         SARMCM3.DLL V5.37.0.0
Dialog DLL:      DCM.DLL V1.17.5.0
Target DLL:      STLink\ST-LINKIII-KEIL_SWO.dll V3.0.9.0
Dialog DLL:      TCM.DLL V1.56.1.0
 
<h2>Project:</h2>
E:\Code\STM32\armclang\Serial\MDK-ARM\OLED.uvprojx
Project File Date:  06/07/2022

<h2>Output:</h2>
*** Using Compiler 'V6.18', folder: 'D:\Code\Keil_v5\ARM\ARMCLANG\Bin'
Rebuild target 'OLED'
assembling startup_stm32f103xb.s...
compiling gpio.c...
compiling spi.c...
compiling stm32f1xx_hal_cortex.c...
compiling stm32f1xx_hal_dma.c...
compiling stm32f1xx_hal_gpio_ex.c...
compiling stm32f1xx_it.c...
compiling stm32f1xx_hal_spi.c...
compiling stm32f1xx_hal_msp.c...
compiling stm32f1xx_hal.c...
compiling stm32f1xx_hal_gpio.c...
compiling usart.c...
compiling stm32f1xx_hal_rcc_ex.c...
compiling stm32f1xx_hal_pwr.c...
compiling main.c...
compiling stm32f1xx_hal_flash.c...
compiling stm32f1xx_hal_flash_ex.c...
compiling stm32f1xx_hal_rcc.c...
compiling stm32f1xx_hal_tim.c...
compiling stm32f1xx_hal_exti.c...
compiling stm32f1xx_hal_tim_ex.c...
compiling system_stm32f1xx.c...
compiling u8g2_bitmap.c...
compiling u8g2_box.c...
compiling mui.c...
compiling u8g2_buffer.c...
compiling u8g2_button.c...
compiling u8g2_cleardisplay.c...
compiling u8g2_circle.c...
compiling stm32f1xx_hal_uart.c...
compiling mui_u8g2.c...
compiling u8g2_d_setup.c...
compiling u8g2_hvline.c...
compiling u8g2_d_memory.c...
compiling u8g2_input_value.c...
compiling u8g2_intersection.c...
compiling u8g2_kerning.c...
compiling u8g2_line.c...
compiling u8g2_font.c...
compiling u8g2_ll_hvline.c...
compiling u8g2_message.c...
compiling u8g2_polygon.c...
compiling u8g2_selection_list.c...
compiling u8log_u8x8.c...
compiling u8log.c...
compiling u8log_u8g2.c...
compiling u8g2_setup.c...
compiling u8x8_8x8.c...
compiling u8g2_fonts.c...
compiling u8x8_byte.c...
compiling u8x8_capture.c...
compiling u8x8_d_sh1106_64x32.c...
compiling u8x8_d_sh1106_72x40.c...
compiling u8x8_d_ssd1306_48x64.c...
compiling u8x8_cad.c...
compiling u8x8_d_ssd1306_64x32.c...
compiling u8x8_d_ssd1306_64x48.c...
compiling u8x8_d_ssd1306_72x40.c...
compiling u8x8_d_ssd1306_96x16.c...
compiling u8x8_d_ssd1306_96x40.c...
compiling u8x8_d_ssd1306_128x32.c...
compiling u8x8_d_ssd1306_2040x16.c...
compiling u8x8_d_ssd1306_128x64_noname.c...
compiling u8x8_debounce.c...
compiling u8x8_d_stdio.c...
compiling u8x8_display.c...
compiling u8x8_fonts.c...
compiling u8x8_gpio.c...
compiling u8x8_input_value.c...
compiling u8x8_message.c...
compiling u8x8_selection_list.c...
compiling u8x8_setup.c...
compiling u8x8_u8toa.c...
compiling u8x8_u16toa.c...
compiling u8x8_string.c...
../Drivers/MultiButton/multi_button.c(25): warning: incompatible function pointer types assigning to 'uint8_t (*)(uint8_t)' (aka 'unsigned char (*)(unsigned char)') from 'uint8_t (*)()' (aka 'unsigned char (*)()') [-Wincompatible-function-pointer-types]
        handle->hal_button_Level = pin_level;
                                 ^ ~~~~~~~~~
1 warning generated.
compiling multi_button.c...
compiling oled.c...
linking...
Program Size: Code=11206 RO-data=20718 RW-data=24 ZI-data=1656  
FromELF: creating hex file...
"OLED\OLED.axf" - 0 Error(s), 1 Warning(s).

<h2>Software Packages used:</h2>

Package Vendor: ARM
                http://www.keil.com/pack/ARM.CMSIS.5.9.0.pack
                ARM.CMSIS.5.9.0
                CMSIS (Common Microcontroller Software Interface Standard)
   * Component: CORE Version: 5.6.0

Package Vendor: Keil
                http://www.keil.com/pack/Keil.STM32F1xx_DFP.2.4.0.pack
                Keil.STM32F1xx_DFP.2.4.0
                STMicroelectronics STM32F1 Series Device Support, Drivers and Examples

<h2>Collection of Component include folders:</h2>
  ./RTE/_OLED
  D:/Code/Keil_v5/ARM/Packs/ARM/CMSIS/5.9.0/CMSIS/Core/Include
  D:/Code/Keil_v5/ARM/Packs/Keil/STM32F1xx_DFP/2.4.0/Device/Include

<h2>Collection of Component Files used:</h2>

   * Component: ARM::CMSIS:CORE:5.6.0
      Include file:  CMSIS/Core/Include/tz_context.h
Build Time Elapsed:  00:00:03
</pre>
</body>
</html>
